Product: MDK-ARM Professional 5.10
Component: ARM Compiler 5.04 update 1 (build 49)
Tool: armlink [5040049]

==============================================================================

Section Cross References

    startup_stm32f40_41xxx.o(RESET) refers to startup_stm32f40_41xxx.o(STACK) for __initial_sp
    startup_stm32f40_41xxx.o(RESET) refers to startup_stm32f40_41xxx.o(.text) for Reset_Handler
    startup_stm32f40_41xxx.o(RESET) refers to stm32f4xx_it.o(i.NMI_Handler) for NMI_Handler
    startup_stm32f40_41xxx.o(RESET) refers to stm32f4xx_it.o(i.HardFault_Handler) for HardFault_Handler
    startup_stm32f40_41xxx.o(RESET) refers to stm32f4xx_it.o(i.MemManage_Handler) for MemManage_Handler
    startup_stm32f40_41xxx.o(RESET) refers to stm32f4xx_it.o(i.BusFault_Handler) for BusFault_Handler
    startup_stm32f40_41xxx.o(RESET) refers to stm32f4xx_it.o(i.UsageFault_Handler) for UsageFault_Handler
    startup_stm32f40_41xxx.o(RESET) refers to stm32f4xx_it.o(i.SVC_Handler) for SVC_Handler
    startup_stm32f40_41xxx.o(RESET) refers to stm32f4xx_it.o(i.DebugMon_Handler) for DebugMon_Handler
    startup_stm32f40_41xxx.o(RESET) refers to stm32f4xx_it.o(i.PendSV_Handler) for PendSV_Handler
    startup_stm32f40_41xxx.o(RESET) refers to stm32f4xx_it.o(i.SysTick_Handler) for SysTick_Handler
    startup_stm32f40_41xxx.o(RESET) refers to sysc.o(i.TIM8_BRK_TIM12_IRQHandler) for TIM8_BRK_TIM12_IRQHandler
    startup_stm32f40_41xxx.o(.text) refers to system_stm32f4xx.o(i.SystemInit) for SystemInit
    startup_stm32f40_41xxx.o(.text) refers to entry.o(.ARM.Collect$$$$00000000) for __main
    system_stm32f4xx.o(i.SystemCoreClockUpdate) refers to system_stm32f4xx.o(.data) for .data
    system_stm32f4xx.o(i.SystemInit) refers to system_stm32f4xx.o(i.SetSysClock) for SetSysClock
    stm32f4xx_adc.o(i.ADC_DeInit) refers to stm32f4xx_rcc.o(i.RCC_APB2PeriphResetCmd) for RCC_APB2PeriphResetCmd
    stm32f4xx_can.o(i.CAN_DeInit) refers to stm32f4xx_rcc.o(i.RCC_APB1PeriphResetCmd) for RCC_APB1PeriphResetCmd
    stm32f4xx_can.o(i.CAN_GetITStatus) refers to stm32f4xx_can.o(i.CheckITStatus) for CheckITStatus
    stm32f4xx_cryp.o(i.CRYP_DeInit) refers to stm32f4xx_rcc.o(i.RCC_AHB2PeriphResetCmd) for RCC_AHB2PeriphResetCmd
    stm32f4xx_cryp_aes.o(i.CRYP_AES_CBC) refers to stm32f4xx_cryp.o(i.CRYP_KeyStructInit) for CRYP_KeyStructInit
    stm32f4xx_cryp_aes.o(i.CRYP_AES_CBC) refers to stm32f4xx_cryp.o(i.CRYP_KeyInit) for CRYP_KeyInit
    stm32f4xx_cryp_aes.o(i.CRYP_AES_CBC) refers to stm32f4xx_cryp.o(i.CRYP_Init) for CRYP_Init
    stm32f4xx_cryp_aes.o(i.CRYP_AES_CBC) refers to stm32f4xx_cryp.o(i.CRYP_IVInit) for CRYP_IVInit
    stm32f4xx_cryp_aes.o(i.CRYP_AES_CBC) refers to stm32f4xx_cryp.o(i.CRYP_FIFOFlush) for CRYP_FIFOFlush
    stm32f4xx_cryp_aes.o(i.CRYP_AES_CBC) refers to stm32f4xx_cryp.o(i.CRYP_Cmd) for CRYP_Cmd
    stm32f4xx_cryp_aes.o(i.CRYP_AES_CBC) refers to stm32f4xx_cryp.o(i.CRYP_GetCmdStatus) for CRYP_GetCmdStatus
    stm32f4xx_cryp_aes.o(i.CRYP_AES_CBC) refers to stm32f4xx_cryp.o(i.CRYP_GetFlagStatus) for CRYP_GetFlagStatus
    stm32f4xx_cryp_aes.o(i.CRYP_AES_CBC) refers to stm32f4xx_cryp.o(i.CRYP_DataIn) for CRYP_DataIn
    stm32f4xx_cryp_aes.o(i.CRYP_AES_CBC) refers to stm32f4xx_cryp.o(i.CRYP_DataOut) for CRYP_DataOut
    stm32f4xx_cryp_aes.o(i.CRYP_AES_CCM) refers to stm32f4xx_cryp.o(i.CRYP_KeyStructInit) for CRYP_KeyStructInit
    stm32f4xx_cryp_aes.o(i.CRYP_AES_CCM) refers to stm32f4xx_cryp.o(i.CRYP_FIFOFlush) for CRYP_FIFOFlush
    stm32f4xx_cryp_aes.o(i.CRYP_AES_CCM) refers to stm32f4xx_cryp.o(i.CRYP_KeyInit) for CRYP_KeyInit
    stm32f4xx_cryp_aes.o(i.CRYP_AES_CCM) refers to stm32f4xx_cryp.o(i.CRYP_IVInit) for CRYP_IVInit
    stm32f4xx_cryp_aes.o(i.CRYP_AES_CCM) refers to stm32f4xx_cryp.o(i.CRYP_Init) for CRYP_Init
    stm32f4xx_cryp_aes.o(i.CRYP_AES_CCM) refers to stm32f4xx_cryp.o(i.CRYP_PhaseConfig) for CRYP_PhaseConfig
    stm32f4xx_cryp_aes.o(i.CRYP_AES_CCM) refers to stm32f4xx_cryp.o(i.CRYP_DataIn) for CRYP_DataIn
    stm32f4xx_cryp_aes.o(i.CRYP_AES_CCM) refers to stm32f4xx_cryp.o(i.CRYP_Cmd) for CRYP_Cmd
    stm32f4xx_cryp_aes.o(i.CRYP_AES_CCM) refers to stm32f4xx_cryp.o(i.CRYP_GetCmdStatus) for CRYP_GetCmdStatus
    stm32f4xx_cryp_aes.o(i.CRYP_AES_CCM) refers to stm32f4xx_cryp.o(i.CRYP_GetFlagStatus) for CRYP_GetFlagStatus
    stm32f4xx_cryp_aes.o(i.CRYP_AES_CCM) refers to stm32f4xx_cryp.o(i.CRYP_DataOut) for CRYP_DataOut
    stm32f4xx_cryp_aes.o(i.CRYP_AES_CTR) refers to stm32f4xx_cryp.o(i.CRYP_KeyStructInit) for CRYP_KeyStructInit
    stm32f4xx_cryp_aes.o(i.CRYP_AES_CTR) refers to stm32f4xx_cryp.o(i.CRYP_KeyInit) for CRYP_KeyInit
    stm32f4xx_cryp_aes.o(i.CRYP_AES_CTR) refers to stm32f4xx_cryp.o(i.CRYP_Init) for CRYP_Init
    stm32f4xx_cryp_aes.o(i.CRYP_AES_CTR) refers to stm32f4xx_cryp.o(i.CRYP_IVInit) for CRYP_IVInit
    stm32f4xx_cryp_aes.o(i.CRYP_AES_CTR) refers to stm32f4xx_cryp.o(i.CRYP_FIFOFlush) for CRYP_FIFOFlush
[...]
    ../fplib/microlib/fpdiv.c                0x00000000   Number         0  ddiv.o ABSOLUTE
    ../fplib/microlib/fpepilogue.c           0x00000000   Number         0  fepilogue.o ABSOLUTE
    ../fplib/microlib/fpepilogue.c           0x00000000   Number         0  depilogue.o ABSOLUTE
    ../fplib/microlib/fpfix.c                0x00000000   Number         0  dfixul.o ABSOLUTE
    ../fplib/microlib/fpflt.c                0x00000000   Number         0  dflti.o ABSOLUTE
    ../fplib/microlib/fpmul.c                0x00000000   Number         0  dmul.o ABSOLUTE
    ../mathlib/fpclassifyf.c                 0x00000000   Number         0  fpclassifyf.o ABSOLUTE
    ../mathlib/funder.c                      0x00000000   Number         0  funder.o ABSOLUTE
    ../mathlib/rredf.c                       0x00000000   Number         0  rredf.o ABSOLUTE
    ../mathlib/tanf.c                        0x00000000   Number         0  tanf_x.o ABSOLUTE
    ../mathlib/tanf.c                        0x00000000   Number         0  tanf.o ABSOLUTE
    ..\..\Libraries\CMSIS\Device\ST\STM32F4xx\Source\Templates\arm\startup_stm32f40_41xxx.s 0x00000000   Number         0  startup_stm32f40_41xxx.o ABSOLUTE
    ..\..\Libraries\CMSIS\Device\ST\STM32F4xx\Source\Templates\system_stm32f4xx.c 0x00000000   Number         0  system_stm32f4xx.o ABSOLUTE
    ..\..\Libraries\STM32F4xx_StdPeriph_Driver\src\misc.c 0x00000000   Number         0  misc.o ABSOLUTE
    ..\..\Libraries\STM32F4xx_StdPeriph_Driver\src\stm32f4xx_adc.c 0x00000000   Number         0  stm32f4xx_adc.o ABSOLUTE
    ..\..\Libraries\STM32F4xx_StdPeriph_Driver\src\stm32f4xx_can.c 0x00000000   Number         0  stm32f4xx_can.o ABSOLUTE
    ..\..\Libraries\STM32F4xx_StdPeriph_Driver\src\stm32f4xx_crc.c 0x00000000   Number         0  stm32f4xx_crc.o ABSOLUTE
    ..\..\Libraries\STM32F4xx_StdPeriph_Driver\src\stm32f4xx_cryp.c 0x00000000   Number         0  stm32f4xx_cryp.o ABSOLUTE
    ..\..\Libraries\STM32F4xx_StdPeriph_Driver\src\stm32f4xx_cryp_aes.c 0x00000000   Number         0  stm32f4xx_cryp_aes.o ABSOLUTE
    ..\..\Libraries\STM32F4xx_StdPeriph_Driver\src\stm32f4xx_cryp_des.c 0x00000000   Number         0  stm32f4xx_cryp_des.o ABSOLUTE
    ..\..\Libraries\STM32F4xx_StdPeriph_Driver\src\stm32f4xx_cryp_tdes.c 0x00000000   Number         0  stm32f4xx_cryp_tdes.o ABSOLUTE
    ..\..\Libraries\STM32F4xx_StdPeriph_Driver\src\stm32f4xx_dac.c 0x00000000   Number         0  stm32f4xx_dac.o ABSOLUTE
    ..\..\Libraries\STM32F4xx_StdPeriph_Driver\src\stm32f4xx_dbgmcu.c 0x00000000   Number         0  stm32f4xx_dbgmcu.o ABSOLUTE
    ..\..\Libraries\STM32F4xx_StdPeriph_Driver\src\stm32f4xx_dcmi.c 0x00000000   Number         0  stm32f4xx_dcmi.o ABSOLUTE
    ..\..\Libraries\STM32F4xx_StdPeriph_Driver\src\stm32f4xx_dma.c 0x00000000   Number         0  stm32f4xx_dma.o ABSOLUTE
    ..\..\Libraries\STM32F4xx_StdPeriph_Driver\src\stm32f4xx_dma2d.c 0x00000000   Number         0  stm32f4xx_dma2d.o ABSOLUTE
    ..\..\Libraries\STM32F4xx_StdPeriph_Driver\src\stm32f4xx_exti.c 0x00000000   Number         0  stm32f4xx_exti.o ABSOLUTE
    ..\..\Libraries\STM32F4xx_StdPeriph_Driver\src\stm32f4xx_flash.c 0x00000000   Number         0  stm32f4xx_flash.o ABSOLUTE
    ..\..\Libraries\STM32F4xx_StdPeriph_Driver\src\stm32f4xx_flash_ramfunc.c 0x00000000   Number         0  stm32f4xx_flash_ramfunc.o ABSOLUTE
    ..\..\Libraries\STM32F4xx_StdPeriph_Driver\src\stm32f4xx_fsmc.c 0x00000000   Number         0  stm32f4xx_fsmc.o ABSOLUTE
    ..\..\Libraries\STM32F4xx_StdPeriph_Driver\src\stm32f4xx_gpio.c 0x00000000   Number         0  stm32f4xx_gpio.o ABSOLUTE
    ..\..\Libraries\STM32F4xx_StdPeriph_Driver\src\stm32f4xx_hash.c 0x00000000   Number         0  stm32f4xx_hash.o ABSOLUTE
    ..\..\Libraries\STM32F4xx_StdPeriph_Driver\src\stm32f4xx_hash_md5.c 0x00000000   Number         0  stm32f4xx_hash_md5.o ABSOLUTE
    ..\..\Libraries\STM32F4xx_StdPeriph_Driver\src\stm32f4xx_hash_sha1.c 0x00000000   Number         0  stm32f4xx_hash_sha1.o ABSOLUTE
    ..\..\Libraries\STM32F4xx_StdPeriph_Driver\src\stm32f4xx_i2c.c 0x00000000   Number         0  stm32f4xx_i2c.o ABSOLUTE
    ..\..\Libraries\STM32F4xx_StdPeriph_Driver\src\stm32f4xx_iwdg.c 0x00000000   Number         0  stm32f4xx_iwdg.o ABSOLUTE
    ..\..\Libraries\STM32F4xx_StdPeriph_Driver\src\stm32f4xx_ltdc.c 0x00000000   Number         0  stm32f4xx_ltdc.o ABSOLUTE
    ..\..\Libraries\STM32F4xx_StdPeriph_Driver\src\stm32f4xx_pwr.c 0x00000000   Number         0  stm32f4xx_pwr.o ABSOLUTE
    ..\..\Libraries\STM32F4xx_StdPeriph_Driver\src\stm32f4xx_rcc.c 0x00000000   Number         0  stm32f4xx_rcc.o ABSOLUTE
    ..\..\Libraries\STM32F4xx_StdPeriph_Driver\src\stm32f4xx_rng.c 0x00000000   Number         0  stm32f4xx_rng.o ABSOLUTE
    ..\..\Libraries\STM32F4xx_StdPeriph_Driver\src\stm32f4xx_rtc.c 0x00000000   Number         0  stm32f4xx_rtc.o ABSOLUTE
    ..\..\Libraries\STM32F4xx_StdPeriph_Driver\src\stm32f4xx_sai.c 0x00000000   Number         0  stm32f4xx_sai.o ABSOLUTE
    ..\..\Libraries\STM32F4xx_StdPeriph_Driver\src\stm32f4xx_sdio.c 0x00000000   Number         0  stm32f4xx_sdio.o ABSOLUTE
    ..\..\Libraries\STM32F4xx_StdPeriph_Driver\src\stm32f4xx_spi.c 0x00000000   Number         0  stm32f4xx_spi.o ABSOLUTE
    ..\..\Libraries\STM32F4xx_StdPeriph_Driver\src\stm32f4xx_syscfg.c 0x00000000   Number         0  stm32f4xx_syscfg.o ABSOLUTE
    ..\..\Libraries\STM32F4xx_StdPeriph_Driver\src\stm32f4xx_tim.c 0x00000000   Number         0  stm32f4xx_tim.o ABSOLUTE
    ..\..\Libraries\STM32F4xx_StdPeriph_Driver\src\stm32f4xx_usart.c 0x00000000   Number         0  stm32f4xx_usart.o ABSOLUTE
    ..\..\Libraries\STM32F4xx_StdPeriph_Driver\src\stm32f4xx_wwdg.c 0x00000000   Number         0  stm32f4xx_wwdg.o ABSOLUTE
    ..\..\User\buzzer\buzzer.c               0x00000000   Number         0  buzzer.o ABSOLUTE
    ..\..\User\delay\delay.c                 0x00000000   Number         0  delay.o ABSOLUTE
    ..\..\User\driver\driver.c               0x00000000   Number         0  driver.o ABSOLUTE
    ..\..\User\encode\encode.c               0x00000000   Number         0  encode.o ABSOLUTE
    ..\..\User\filter\filter.c               0x00000000   Number         0  filter.o ABSOLUTE
    ..\..\User\ir\ir.c                       0x00000000   Number         0  ir.o ABSOLUTE
    ..\..\User\led\led.c                     0x00000000   Number         0  led.o ABSOLUTE
    ..\..\User\main.c                        0x00000000   Number         0  main.o ABSOLUTE
    ..\..\User\mathx\mathx.c                 0x00000000   Number         0  mathx.o ABSOLUTE
    ..\..\User\motor\motor.c                 0x00000000   Number         0  motor.o ABSOLUTE
    ..\..\User\mpu9250\mpu9250.c             0x00000000   Number         0  mpu9250.o ABSOLUTE
    ..\..\User\pid\pid.c                     0x00000000   Number         0  pid.o ABSOLUTE
    ..\..\User\stm32f4xx_it.c                0x00000000   Number         0  stm32f4xx_it.o ABSOLUTE
    ..\..\User\sysc\sysc.c                   0x00000000   Number         0  sysc.o ABSOLUTE
    ..\..\User\uart\uart.c                   0x00000000   Number         0  uart.o ABSOLUTE
    ..\FastMathFunctions\arm_cos_f32.c       0x00000000   Number         0  arm_cos_f32.o ABSOLUTE
    ..\\..\\Libraries\\CMSIS\\Device\\ST\\STM32F4xx\\Source\\Templates\\system_stm32f4xx.c 0x00000000   Number         0  system_stm32f4xx.o ABSOLUTE
    ..\\..\\Libraries\\STM32F4xx_StdPeriph_Driver\\src\\misc.c 0x00000000   Number         0  misc.o ABSOLUTE
    ..\\..\\Libraries\\STM32F4xx_StdPeriph_Driver\\src\\stm32f4xx_adc.c 0x00000000   Number         0  stm32f4xx_adc.o ABSOLUTE
    ..\\..\\Libraries\\STM32F4xx_StdPeriph_Driver\\src\\stm32f4xx_can.c 0x00000000   Number         0  stm32f4xx_can.o ABSOLUTE
    ..\\..\\Libraries\\STM32F4xx_StdPeriph_Driver\\src\\stm32f4xx_crc.c 0x00000000   Number         0  stm32f4xx_crc.o ABSOLUTE
    ..\\..\\Libraries\\STM32F4xx_StdPeriph_Driver\\src\\stm32f4xx_cryp.c 0x00000000   Number         0  stm32f4xx_cryp.o ABSOLUTE
    ..\\..\\Libraries\\STM32F4xx_StdPeriph_Driver\\src\\stm32f4xx_cryp_aes.c 0x00000000   Number         0  stm32f4xx_cryp_aes.o ABSOLUTE
    ..\\..\\Libraries\\STM32F4xx_StdPeriph_Driver\\src\\stm32f4xx_cryp_des.c 0x00000000   Number         0  stm32f4xx_cryp_des.o ABSOLUTE
    ..\\..\\Libraries\\STM32F4xx_StdPeriph_Driver\\src\\stm32f4xx_cryp_tdes.c 0x00000000   Number         0  stm32f4xx_cryp_tdes.o ABSOLUTE
    ..\\..\\Libraries\\STM32F4xx_StdPeriph_Driver\\src\\stm32f4xx_dac.c 0x00000000   Number         0  stm32f4xx_dac.o ABSOLUTE
    ..\\..\\Libraries\\STM32F4xx_StdPeriph_Driver\\src\\stm32f4xx_dbgmcu.c 0x00000000   Number         0  stm32f4xx_dbgmcu.o ABSOLUTE
    ..\\..\\Libraries\\STM32F4xx_StdPeriph_Driver\\src\\stm32f4xx_dcmi.c 0x00000000   Number         0  stm32f4xx_dcmi.o ABSOLUTE
    ..\\..\\Libraries\\STM32F4xx_StdPeriph_Driver\\src\\stm32f4xx_dma.c 0x00000000   Number         0  stm32f4xx_dma.o ABSOLUTE
    ..\\..\\Libraries\\STM32F4xx_StdPeriph_Driver\\src\\stm32f4xx_dma2d.c 0x00000000   Number         0  stm32f4xx_dma2d.o ABSOLUTE
    ..\\..\\Libraries\\STM32F4xx_StdPeriph_Driver\\src\\stm32f4xx_exti.c 0x00000000   Number         0  stm32f4xx_exti.o ABSOLUTE
    ..\\..\\Libraries\\STM32F4xx_StdPeriph_Driver\\src\\stm32f4xx_flash.c 0x00000000   Number         0  stm32f4xx_flash.o ABSOLUTE
    ..\\..\\Libraries\\STM32F4xx_StdPeriph_Driver\\src\\stm32f4xx_flash_ramfunc.c 0x00000000   Number         0  stm32f4xx_flash_ramfunc.o ABSOLUTE
    ..\\..\\Libraries\\STM32F4xx_StdPeriph_Driver\\src\\stm32f4xx_fsmc.c 0x00000000   Number         0  stm32f4xx_fsmc.o ABSOLUTE
    ..\\..\\Libraries\\STM32F4xx_StdPeriph_Driver\\src\\stm32f4xx_gpio.c 0x00000000   Number         0  stm32f4xx_gpio.o ABSOLUTE
    ..\\..\\Libraries\\STM32F4xx_StdPeriph_Driver\\src\\stm32f4xx_hash.c 0x00000000   Number         0  stm32f4xx_hash.o ABSOLUTE
    ..\\..\\Libraries\\STM32F4xx_StdPeriph_Driver\\src\\stm32f4xx_hash_md5.c 0x00000000   Number         0  stm32f4xx_hash_md5.o ABSOLUTE
    ..\\..\\Libraries\\STM32F4xx_StdPeriph_Driver\\src\\stm32f4xx_hash_sha1.c 0x00000000   Number         0  stm32f4xx_hash_sha1.o ABSOLUTE
    ..\\..\\Libraries\\STM32F4xx_StdPeriph_Driver\\src\\stm32f4xx_i2c.c 0x00000000   Number         0  stm32f4xx_i2c.o ABSOLUTE
    ..\\..\\Libraries\\STM32F4xx_StdPeriph_Driver\\src\\stm32f4xx_iwdg.c 0x00000000   Number         0  stm32f4xx_iwdg.o ABSOLUTE
    ..\\..\\Libraries\\STM32F4xx_StdPeriph_Driver\\src\\stm32f4xx_ltdc.c 0x00000000   Number         0  stm32f4xx_ltdc.o ABSOLUTE
    ..\\..\\Libraries\\STM32F4xx_StdPeriph_Driver\\src\\stm32f4xx_pwr.c 0x00000000   Number         0  stm32f4xx_pwr.o ABSOLUTE
    ..\\..\\Libraries\\STM32F4xx_StdPeriph_Driver\\src\\stm32f4xx_rcc.c 0x00000000   Number         0  stm32f4xx_rcc.o ABSOLUTE
    ..\\..\\Libraries\\STM32F4xx_StdPeriph_Driver\\src\\stm32f4xx_rng.c 0x00000000   Number         0  stm32f4xx_rng.o ABSOLUTE
    ..\\..\\Libraries\\STM32F4xx_StdPeriph_Driver\\src\\stm32f4xx_rtc.c 0x00000000   Number         0  stm32f4xx_rtc.o ABSOLUTE
    ..\\..\\Libraries\\STM32F4xx_StdPeriph_Driver\\src\\stm32f4xx_sai.c 0x00000000   Number         0  stm32f4xx_sai.o ABSOLUTE
    ..\\..\\Libraries\\STM32F4xx_StdPeriph_Driver\\src\\stm32f4xx_sdio.c 0x00000000   Number         0  stm32f4xx_sdio.o ABSOLUTE
    ..\\..\\Libraries\\STM32F4xx_StdPeriph_Driver\\src\\stm32f4xx_spi.c 0x00000000   Number         0  stm32f4xx_spi.o ABSOLUTE
    ..\\..\\Libraries\\STM32F4xx_StdPeriph_Driver\\src\\stm32f4xx_syscfg.c 0x00000000   Number         0  stm32f4xx_syscfg.o ABSOLUTE
    ..\\..\\Libraries\\STM32F4xx_StdPeriph_Driver\\src\\stm32f4xx_tim.c 0x00000000   Number         0  stm32f4xx_tim.o ABSOLUTE
    ..\\..\\Libraries\\STM32F4xx_StdPeriph_Driver\\src\\stm32f4xx_usart.c 0x00000000   Number         0  stm32f4xx_usart.o ABSOLUTE
    ..\\..\\Libraries\\STM32F4xx_StdPeriph_Driver\\src\\stm32f4xx_wwdg.c 0x00000000   Number         0  stm32f4xx_wwdg.o ABSOLUTE
    ..\\..\\User\\buzzer\\buzzer.c           0x00000000   Number         0  buzzer.o ABSOLUTE
    ..\\..\\User\\delay\\delay.c             0x00000000   Number         0  delay.o ABSOLUTE
    ..\\..\\User\\driver\\driver.c           0x00000000   Number         0  driver.o ABSOLUTE
    ..\\..\\User\\encode\\encode.c           0x00000000   Number         0  encode.o ABSOLUTE
    ..\\..\\User\\filter\\filter.c           0x00000000   Number         0  filter.o ABSOLUTE
    ..\\..\\User\\ir\\ir.c                   0x00000000   Number         0  ir.o ABSOLUTE
    ..\\..\\User\\led\\led.c                 0x00000000   Number         0  led.o ABSOLUTE
    ..\\..\\User\\main.c                     0x00000000   Number         0  main.o ABSOLUTE
    ..\\..\\User\\mathx\\mathx.c             0x00000000   Number         0  mathx.o ABSOLUTE
    ..\\..\\User\\motor\\motor.c             0x00000000   Number         0  motor.o ABSOLUTE
    ..\\..\\User\\mpu9250\\mpu9250.c         0x00000000   Number         0  mpu9250.o ABSOLUTE
    ..\\..\\User\\pid\\pid.c                 0x00000000   Number         0  pid.o ABSOLUTE
    ..\\..\\User\\stm32f4xx_it.c             0x00000000   Number         0  stm32f4xx_it.o ABSOLUTE
    ..\\..\\User\\sysc\\sysc.c               0x00000000   Number         0  sysc.o ABSOLUTE
    ..\\..\\User\\uart\\uart.c               0x00000000   Number         0  uart.o ABSOLUTE
    ..\\FastMathFunctions\\arm_cos_f32.c     0x00000000   Number         0  arm_cos_f32.o ABSOLUTE
    cdrcmple.s                               0x00000000   Number         0  cdrcmple.o ABSOLUTE
    dc.s                                     0x00000000   Number         0  dc.o ABSOLUTE
    handlers.s                               0x00000000   Number         0  handlers.o ABSOLUTE
    init.s                                   0x00000000   Number         0  init.o ABSOLUTE
    RESET                                    0x08000000   Section      392  startup_stm32f40_41xxx.o(RESET)
    .ARM.Collect$$$$00000000                 0x08000188   Section        0  entry.o(.ARM.Collect$$$$00000000)
    .ARM.Collect$$$$00000001                 0x08000188   Section        4  entry2.o(.ARM.Collect$$$$00000001)
    .ARM.Collect$$$$00000004                 0x0800018c   Section        4  entry5.o(.ARM.Collect$$$$00000004)
    .ARM.Collect$$$$00000008                 0x08000190   Section        0  entry7b.o(.ARM.Collect$$$$00000008)
    .ARM.Collect$$$$0000000A                 0x08000190   Section        0  entry8b.o(.ARM.Collect$$$$0000000A)
    .ARM.Collect$$$$0000000B                 0x08000190   Section        8  entry9a.o(.ARM.Collect$$$$0000000B)
    .ARM.Collect$$$$0000000D                 0x08000198   Section        0  entry10a.o(.ARM.Collect$$$$0000000D)
    .ARM.Collect$$$$0000000F                 0x08000198   Section        0  entry11a.o(.ARM.Collect$$$$0000000F)
    .ARM.Collect$$$$00002712                 0x08000198   Section        4  entry2.o(.ARM.Collect$$$$00002712)
    __lit__00000000                          0x08000198   Data           4  entry2.o(.ARM.Collect$$$$00002712)
    .text                                    0x0800019c   Section       36  startup_stm32f40_41xxx.o(.text)
    $v0                                      0x0800019c   Number         0  startup_stm32f40_41xxx.o(.text)
    .text                                    0x080001c0   Section        0  arm_cos_f32.o(.text)
    .text                                    0x08000298   Section        0  dmul.o(.text)
    .text                                    0x0800037c   Section        0  dflti.o(.text)
    .text                                    0x0800039e   Section        0  f2d.o(.text)
    .text                                    0x080003c4   Section        0  d2f.o(.text)
    .text                                    0x080003fc   Section        0  uidiv.o(.text)
    .text                                    0x08000428   Section        0  uldiv.o(.text)
    .text                                    0x0800048a   Section        0  iusefp.o(.text)
    .text                                    0x0800048a   Section        0  fepilogue.o(.text)
    .text                                    0x080004f8   Section        0  depilogue.o(.text)
    .text                                    0x080005ae   Section        0  dadd.o(.text)
    .text                                    0x080006fc   Section        0  ddiv.o(.text)
    .text                                    0x080007da   Section        0  dfixul.o(.text)
    .text                                    0x0800080c   Section       40  cdrcmple.o(.text)
    .text                                    0x08000834   Section       36  init.o(.text)
    .text                                    0x08000858   Section        0  llshl.o(.text)
    .text                                    0x08000876   Section        0  llushr.o(.text)
    .text                                    0x08000896   Section        0  llsshr.o(.text)
    i.ADC_Cmd                                0x080008ba   Section        0  stm32f4xx_adc.o(i.ADC_Cmd)
    i.ADC_CommonInit                         0x080008d0   Section        0  stm32f4xx_adc.o(i.ADC_CommonInit)
    i.ADC_DMACmd                             0x080008fc   Section        0  stm32f4xx_adc.o(i.ADC_DMACmd)
    i.ADC_DMARequestAfterLastTransferCmd     0x08000910   Section        0  stm32f4xx_adc.o(i.ADC_DMARequestAfterLastTransferCmd)
    i.ADC_Init                               0x08000924   Section        0  stm32f4xx_adc.o(i.ADC_Init)
    i.ADC_RegularChannelConfig               0x08000970   Section        0  stm32f4xx_adc.o(i.ADC_RegularChannelConfig)
    i.ADC_SoftwareStartConv                  0x080009e4   Section        0  stm32f4xx_adc.o(i.ADC_SoftwareStartConv)
    i.BusFault_Handler                       0x080009ee   Section        0  stm32f4xx_it.o(i.BusFault_Handler)
    i.Buzzer_Init                            0x080009f0   Section        0  buzzer.o(i.Buzzer_Init)
    i.Buzzer_MODE_Config                     0x08000a3c   Section        0  buzzer.o(i.Buzzer_MODE_Config)
    Buzzer_MODE_Config                       0x08000a3d   Thumb Code   148  buzzer.o(i.Buzzer_MODE_Config)
    i.DMA_Cmd                                0x08000ad4   Section        0  stm32f4xx_dma.o(i.DMA_Cmd)
    i.DMA_Init                               0x08000ae8   Section        0  stm32f4xx_dma.o(i.DMA_Init)
    i.DebugMon_Handler                       0x08000b3c   Section        0  stm32f4xx_it.o(i.DebugMon_Handler)
    i.Encode_GPIO_Init                       0x08000b40   Section        0  encode.o(i.Encode_GPIO_Init)
    Encode_GPIO_Init                         0x08000b41   Thumb Code   130  encode.o(i.Encode_GPIO_Init)
    i.Encode_Init                            0x08000bcc   Section        0  encode.o(i.Encode_Init)
    i.Encode_Mode_Init                       0x08000bdc   Section        0  encode.o(i.Encode_Mode_Init)
    Encode_Mode_Init                         0x08000bdd   Thumb Code   174  encode.o(i.Encode_Mode_Init)
    i.Encode_Velocity_Get                    0x08000c94   Section        0  encode.o(i.Encode_Velocity_Get)
    i.GPIO_Init                              0x08000d80   Section        0  stm32f4xx_gpio.o(i.GPIO_Init)
    i.GPIO_PinAFConfig                       0x08000df8   Section        0  stm32f4xx_gpio.o(i.GPIO_PinAFConfig)
    i.GPIO_ReadInputDataBit                  0x08000e18   Section        0  stm32f4xx_gpio.o(i.GPIO_ReadInputDataBit)
    i.HardFault_Handler                      0x08000e26   Section        0  stm32f4xx_it.o(i.HardFault_Handler)
    i.IMU_DataUp                             0x08000e28   Section        0  mpu9250.o(i.IMU_DataUp)
    i.IR_ADC_Dataup                          0x08000e70   Section        0  ir.o(i.IR_ADC_Dataup)
    i.IR_ADC_GPIO_Config                     0x08000e98   Section        0  ir.o(i.IR_ADC_GPIO_Config)
    IR_ADC_GPIO_Config                       0x08000e99   Thumb Code    96  ir.o(i.IR_ADC_GPIO_Config)
    i.IR_ADC_GetData                         0x08000f00   Section        0  ir.o(i.IR_ADC_GetData)
    i.IR_ADC_Init                            0x08000fb0   Section        0  ir.o(i.IR_ADC_Init)
    i.IR_ADC_Mode_Config                     0x08000fc0   Section        0  ir.o(i.IR_ADC_Mode_Config)
    IR_ADC_Mode_Config                       0x08000fc1   Thumb Code   324  ir.o(i.IR_ADC_Mode_Config)
    i.IR_Out_GPIO_Config                     0x08001118   Section        0  ir.o(i.IR_Out_GPIO_Config)
    i.LED_Init                               0x08001170   Section        0  led.o(i.LED_Init)
    i.LPF2p_SetCutoffFreq                    0x0800121c   Section        0  filter.o(i.LPF2p_SetCutoffFreq)
    i.MPU9250_I2C_Delay                      0x080012c4   Section        0  mpu9250.o(i.MPU9250_I2C_Delay)
    MPU9250_I2C_Delay                        0x080012c5   Thumb Code    12  mpu9250.o(i.MPU9250_I2C_Delay)
    i.MPU9250_I2C_Read                       0x080012d0   Section        0  mpu9250.o(i.MPU9250_I2C_Read)
    MPU9250_I2C_Read                         0x080012d1   Thumb Code    70  mpu9250.o(i.MPU9250_I2C_Read)
    i.MPU9250_I2C_Read_Byte                  0x08001320   Section        0  mpu9250.o(i.MPU9250_I2C_Read_Byte)
    i.MPU9250_I2C_Read_Wait_Ask              0x08001384   Section        0  mpu9250.o(i.MPU9250_I2C_Read_Wait_Ask)
    i.MPU9250_I2C_Read_Word                  0x080013a8   Section        0  mpu9250.o(i.MPU9250_I2C_Read_Word)
    i.MPU9250_I2C_Send_Byte                  0x08001460   Section        0  mpu9250.o(i.MPU9250_I2C_Send_Byte)
    i.MPU9250_I2C_Send_Disask                0x080014b4   Section        0  mpu9250.o(i.MPU9250_I2C_Send_Disask)
    MPU9250_I2C_Send_Disask                  0x080014b5   Thumb Code    34  mpu9250.o(i.MPU9250_I2C_Send_Disask)
    i.MPU9250_I2C_Start                      0x080014e0   Section        0  mpu9250.o(i.MPU9250_I2C_Start)
    MPU9250_I2C_Start                        0x080014e1   Thumb Code    44  mpu9250.o(i.MPU9250_I2C_Start)
    i.MPU9250_I2C_Stop                       0x08001514   Section        0  mpu9250.o(i.MPU9250_I2C_Stop)
    MPU9250_I2C_Stop                         0x08001515   Thumb Code    38  mpu9250.o(i.MPU9250_I2C_Stop)
    i.MPU9250_I2C_Wait_Ask                   0x08001544   Section        0  mpu9250.o(i.MPU9250_I2C_Wait_Ask)
    MPU9250_I2C_Wait_Ask                     0x08001545   Thumb Code    54  mpu9250.o(i.MPU9250_I2C_Wait_Ask)
    i.MPU9250_I2C_Write                      0x08001584   Section        0  mpu9250.o(i.MPU9250_I2C_Write)
    MPU9250_I2C_Write                        0x08001585   Thumb Code    76  mpu9250.o(i.MPU9250_I2C_Write)
    i.MPU9250_Mode_DataUp                    0x080015d8   Section        0  mpu9250.o(i.MPU9250_Mode_DataUp)
    i.MPU9250_Mode_Init                      0x08001644   Section        0  mpu9250.o(i.MPU9250_Mode_Init)
    i.MPU9250_Mode_LPD2p_Set_Cutoff          0x08001730   Section        0  mpu9250.o(i.MPU9250_Mode_LPD2p_Set_Cutoff)
    i.MPU9250_Mode_MeCheck                   0x080017b0   Section        0  mpu9250.o(i.MPU9250_Mode_MeCheck)
    i.MPU9250_Mode_Read_Acc                  0x080018d8   Section        0  mpu9250.o(i.MPU9250_Mode_Read_Acc)
    i.MPU9250_Mode_Read_Gyro                 0x08001914   Section        0  mpu9250.o(i.MPU9250_Mode_Read_Gyro)
    i.MemManage_Handler                      0x08001950   Section        0  stm32f4xx_it.o(i.MemManage_Handler)
    i.Modo_DataUp                            0x08001954   Section        0  driver.o(i.Modo_DataUp)
    i.Motor_GPIO_Config                      0x08001a74   Section        0  motor.o(i.Motor_GPIO_Config)
    Motor_GPIO_Config                        0x08001a75   Thumb Code   122  motor.o(i.Motor_GPIO_Config)
    i.Motor_Init                             0x08001af4   Section        0  motor.o(i.Motor_Init)
    i.Motor_MODE_Config                      0x08001b04   Section        0  motor.o(i.Motor_MODE_Config)
    Motor_MODE_Config                        0x08001b05   Thumb Code   156  motor.o(i.Motor_MODE_Config)
    i.Motor_Pwm_Flash                        0x08001ba4   Section        0  motor.o(i.Motor_Pwm_Flash)
    i.NMI_Handler                            0x08001bf4   Section        0  stm32f4xx_it.o(i.NMI_Handler)
    i.NVIC_Init                              0x08001bf8   Section        0  misc.o(i.NVIC_Init)
    i.NVIC_PriorityGroupConfig               0x08001c5c   Section        0  misc.o(i.NVIC_PriorityGroupConfig)
    i.PID_Angle_UpData                       0x08001c70   Section        0  pid.o(i.PID_Angle_UpData)
    i.PID_Beeline_Speed_DataUp               0x08001c94   Section        0  pid.o(i.PID_Beeline_Speed_DataUp)
    i.PID_DataUp                             0x08001cbc   Section        0  pid.o(i.PID_DataUp)
    i.PID_Parameter_Config                   0x08001d50   Section        0  pid.o(i.PID_Parameter_Config)
    i.PID_Parameter_Init                     0x08001d80   Section        0  pid.o(i.PID_Parameter_Init)
    i.PID_Rage_DataUp                        0x08001e00   Section        0  pid.o(i.PID_Rage_DataUp)
    i.PendSV_Handler                         0x08001e28   Section        0  stm32f4xx_it.o(i.PendSV_Handler)
    i.RCC_AHB1PeriphClockCmd                 0x08001e2c   Section        0  stm32f4xx_rcc.o(i.RCC_AHB1PeriphClockCmd)
    i.RCC_APB1PeriphClockCmd                 0x08001e44   Section        0  stm32f4xx_rcc.o(i.RCC_APB1PeriphClockCmd)
    i.RCC_APB1PeriphResetCmd                 0x08001e5c   Section        0  stm32f4xx_rcc.o(i.RCC_APB1PeriphResetCmd)
    i.RCC_APB2PeriphClockCmd                 0x08001e74   Section        0  stm32f4xx_rcc.o(i.RCC_APB2PeriphClockCmd)
    i.RCC_APB2PeriphResetCmd                 0x08001e8c   Section        0  stm32f4xx_rcc.o(i.RCC_APB2PeriphResetCmd)
    i.RCC_GetClocksFreq                      0x08001ea4   Section        0  stm32f4xx_rcc.o(i.RCC_GetClocksFreq)
    i.RC_Time                                0x08001f38   Section        0  sysc.o(i.RC_Time)
    i.Ready_Start_Mode                       0x08001f9c   Section        0  driver.o(i.Ready_Start_Mode)
    i.SVC_Handler                            0x08002058   Section        0  stm32f4xx_it.o(i.SVC_Handler)
    i.SYS_Time                               0x0800205a   Section        0  sysc.o(i.SYS_Time)
    i.SetSysClock                            0x08002098   Section        0  system_stm32f4xx.o(i.SetSysClock)
    SetSysClock                              0x08002099   Thumb Code   162  system_stm32f4xx.o(i.SetSysClock)
    i.SysTick_Handler                        0x0800214c   Section        0  stm32f4xx_it.o(i.SysTick_Handler)
    i.SystemInit                             0x08002150   Section        0  system_stm32f4xx.o(i.SystemInit)
    i.TI1_Config                             0x080021ac   Section        0  stm32f4xx_tim.o(i.TI1_Config)
    TI1_Config                               0x080021ad   Thumb Code    46  stm32f4xx_tim.o(i.TI1_Config)
    i.TI2_Config                             0x080021da   Section        0  stm32f4xx_tim.o(i.TI2_Config)
    TI2_Config                               0x080021db   Thumb Code    54  stm32f4xx_tim.o(i.TI2_Config)
    i.TIM8_BRK_TIM12_IRQHandler              0x08002210   Section        0  sysc.o(i.TIM8_BRK_TIM12_IRQHandler)
    i.TIM_ClearFlag                          0x08002248   Section        0  stm32f4xx_tim.o(i.TIM_ClearFlag)
    i.TIM_ClearITPendingBit                  0x0800224e   Section        0  stm32f4xx_tim.o(i.TIM_ClearITPendingBit)
    i.TIM_Cmd                                0x08002254   Section        0  stm32f4xx_tim.o(i.TIM_Cmd)
    i.TIM_CtrlPWMOutputs                     0x08002268   Section        0  stm32f4xx_tim.o(i.TIM_CtrlPWMOutputs)
    i.TIM_DeInit                             0x08002280   Section        0  stm32f4xx_tim.o(i.TIM_DeInit)
    i.TIM_EncoderInterfaceConfig             0x080023d0   Section        0  stm32f4xx_tim.o(i.TIM_EncoderInterfaceConfig)
    i.TIM_GetCounter                         0x08002402   Section        0  stm32f4xx_tim.o(i.TIM_GetCounter)
    i.TIM_GetITStatus                        0x08002406   Section        0  stm32f4xx_tim.o(i.TIM_GetITStatus)
    i.TIM_ICInit                             0x0800241e   Section        0  stm32f4xx_tim.o(i.TIM_ICInit)
    i.TIM_ICStructInit                       0x080024ca   Section        0  stm32f4xx_tim.o(i.TIM_ICStructInit)
    i.TIM_ITConfig                           0x080024da   Section        0  stm32f4xx_tim.o(i.TIM_ITConfig)
    i.TIM_OC1Init                            0x080024ec   Section        0  stm32f4xx_tim.o(i.TIM_OC1Init)
    i.TIM_OC1PreloadConfig                   0x0800254c   Section        0  stm32f4xx_tim.o(i.TIM_OC1PreloadConfig)
    i.TIM_OC2Init                            0x08002558   Section        0  stm32f4xx_tim.o(i.TIM_OC2Init)
    i.TIM_OC2PreloadConfig                   0x080025d8   Section        0  stm32f4xx_tim.o(i.TIM_OC2PreloadConfig)
    i.TIM_OC3Init                            0x080025ec   Section        0  stm32f4xx_tim.o(i.TIM_OC3Init)
    i.TIM_OC3PreloadConfig                   0x08002668   Section        0  stm32f4xx_tim.o(i.TIM_OC3PreloadConfig)
    i.TIM_OC4Init                            0x08002674   Section        0  stm32f4xx_tim.o(i.TIM_OC4Init)
    i.TIM_OC4PreloadConfig                   0x080026d4   Section        0  stm32f4xx_tim.o(i.TIM_OC4PreloadConfig)
    i.TIM_SetCounter                         0x080026e8   Section        0  stm32f4xx_tim.o(i.TIM_SetCounter)
    i.TIM_SetIC1Prescaler                    0x080026ec   Section        0  stm32f4xx_tim.o(i.TIM_SetIC1Prescaler)
    i.TIM_SetIC2Prescaler                    0x080026fc   Section        0  stm32f4xx_tim.o(i.TIM_SetIC2Prescaler)
    i.TIM_SetIC3Prescaler                    0x08002714   Section        0  stm32f4xx_tim.o(i.TIM_SetIC3Prescaler)
    i.TIM_SetIC4Prescaler                    0x08002724   Section        0  stm32f4xx_tim.o(i.TIM_SetIC4Prescaler)
    i.TIM_TimeBaseInit                       0x0800273c   Section        0  stm32f4xx_tim.o(i.TIM_TimeBaseInit)
    i.TIM_TimeBaseStructInit                 0x080027b8   Section        0  stm32f4xx_tim.o(i.TIM_TimeBaseStructInit)
    i.Test_Dt                                0x080027ca   Section        0  sysc.o(i.Test_Dt)
    i.UART_Config                            0x080027e0   Section        0  uart.o(i.UART_Config)
    i.USART_Cmd                              0x080028a0   Section        0  stm32f4xx_usart.o(i.USART_Cmd)
    i.USART_GetFlagStatus                    0x080028b4   Section        0  stm32f4xx_usart.o(i.USART_GetFlagStatus)
    i.USART_ITConfig                         0x080028c2   Section        0  stm32f4xx_usart.o(i.USART_ITConfig)
    i.USART_Init                             0x080028f4   Section        0  stm32f4xx_usart.o(i.USART_Init)
    i.USART_SendData                         0x080029a0   Section        0  stm32f4xx_usart.o(i.USART_SendData)
    i.UsageFault_Handler                     0x080029a8   Section        0  stm32f4xx_it.o(i.UsageFault_Handler)
    i.__0printf                              0x080029ac   Section        0  printfa.o(i.__0printf)
    i.__ARM_fpclassifyf                      0x080029cc   Section        0  fpclassifyf.o(i.__ARM_fpclassifyf)
    i.__hardfp_tanf                          0x080029f4   Section        0  tanf.o(i.__hardfp_tanf)
    i.__mathlib_flt_underflow                0x08002b6c   Section        0  funder.o(i.__mathlib_flt_underflow)
    i.__mathlib_rredf2                       0x08002b7c   Section        0  rredf.o(i.__mathlib_rredf2)
    i.__scatterload_copy                     0x08002cbc   Section       14  handlers.o(i.__scatterload_copy)
    i.__scatterload_null                     0x08002cca   Section        2  handlers.o(i.__scatterload_null)
    i.__scatterload_zeroinit                 0x08002ccc   Section       14  handlers.o(i.__scatterload_zeroinit)
    i.__set_errno                            0x08002cdc   Section        0  errno.o(i.__set_errno)
    i._fp_digits                             0x08002ce8   Section        0  printfa.o(i._fp_digits)
    _fp_digits                               0x08002ce9   Thumb Code   334  printfa.o(i._fp_digits)
    i._printf_core                           0x08002e4c   Section        0  printfa.o(i._printf_core)
    _printf_core                             0x08002e4d   Thumb Code  1744  printfa.o(i._printf_core)
    i._printf_post_padding                   0x08003528   Section        0  printfa.o(i._printf_post_padding)
    _printf_post_padding                     0x08003529   Thumb Code    36  printfa.o(i._printf_post_padding)
    i._printf_pre_padding                    0x0800354c   Section        0  printfa.o(i._printf_pre_padding)
    _printf_pre_padding                      0x0800354d   Thumb Code    46  printfa.o(i._printf_pre_padding)
    i.delay_ms                               0x0800357a   Section        0  delay.o(i.delay_ms)
    i.fputc                                  0x08003594   Section        0  uart.o(i.fputc)
    i.main                                   0x080035b8   Section        0  main.o(i.main)
    .constdata                               0x080038c0   Section     1040  arm_cos_f32.o(.constdata)
    cosTable                                 0x080038c0   Data        1040  arm_cos_f32.o(.constdata)
    .constdata                               0x08003cd0   Section       32  rredf.o(.constdata)
    twooverpi                                0x08003cd0   Data          32  rredf.o(.constdata)
    .data                                    0x20000000   Section       16  stm32f4xx_rcc.o(.data)
    APBAHBPrescTable                         0x20000000   Data          16  stm32f4xx_rcc.o(.data)
    .data                                    0x20000010   Section       32  main.o(.data)
    .data                                    0x20000030   Section       44  encode.o(.data)
    .data                                    0x2000005c   Section        6  sysc.o(.data)
    .data                                    0x20000064   Section       64  ir.o(.data)
    .data                                    0x200000a4   Section       24  driver.o(.data)
    .data                                    0x200000bc   Section       16  mpu9250.o(.data)
    .data                                    0x200000cc   Section       20  pid.o(.data)
    .data                                    0x200000e0   Section        4  stdout.o(.data)
    .data                                    0x200000e4   Section        4  errno.o(.data)
    _errno                                   0x200000e4   Data           4  errno.o(.data)
    .bss                                     0x200000e8   Section      600  ir.o(.bss)
    .bss                                     0x20000340   Section      312  mpu9250.o(.bss)
    LPF_Acc_X                                0x20000340   Data          32  mpu9250.o(.bss)
    LPF_Acc_Y                                0x20000360   Data          32  mpu9250.o(.bss)
    LPF_Acc_Z                                0x20000380   Data          32  mpu9250.o(.bss)
    LPF_Gyro_X                               0x200003a0   Data          32  mpu9250.o(.bss)
    LPF_Gyro_Y                               0x200003c0   Data          32  mpu9250.o(.bss)
    LPF_Gyro_Z                               0x200003e0   Data          32  mpu9250.o(.bss)
    .bss                                     0x20000478   Section      168  pid.o(.bss)
    STACK                                    0x20000520   Section    33792  startup_stm32f40_41xxx.o(STACK)

    Global Symbols

    Symbol Name                              Value     Ov Type        Size  Object(Section)

    BuildAttributes$$THM_ISAv4$E$P$D$K$B$S$7EM$VFPi3$EXTD16$VFPS$VFMA$PE$A:L22UL41UL21$X:L11$S22US41US21$IEEE1$IW$USESV6$~STKCKD$USESV7$~SHL$OTIME$ROPI$IEEEX$EBA8$MICROLIB$REQ8$PRES8$EABIv2 0x00000000   Number         0  anon$$obj.o ABSOLUTE
    __ARM_use_no_argv                        0x00000000   Number         0  main.o ABSOLUTE
    _printf_a                                0x00000000   Number         0  stubs.o ABSOLUTE
    _printf_c                                0x00000000   Number         0  stubs.o ABSOLUTE
    _printf_charcount                        0x00000000   Number         0  stubs.o ABSOLUTE
    _printf_d                                0x00000000   Number         0  stubs.o ABSOLUTE
    _printf_e                                0x00000000   Number         0  stubs.o ABSOLUTE
    _printf_f                                0x00000000   Number         0  stubs.o ABSOLUTE
    _printf_flags                            0x00000000   Number         0  stubs.o ABSOLUTE
    _printf_fp_dec                           0x00000000   Number         0  stubs.o ABSOLUTE
    _printf_fp_hex                           0x00000000   Number         0  stubs.o ABSOLUTE
    _printf_g                                0x00000000   Number         0  stubs.o ABSOLUTE
    _printf_i                                0x00000000   Number         0  stubs.o ABSOLUTE
    _printf_int_dec                          0x00000000   Number         0  stubs.o ABSOLUTE
    _printf_l                                0x00000000   Number         0  stubs.o ABSOLUTE
    _printf_lc                               0x00000000   Number         0  stubs.o ABSOLUTE
    _printf_ll                               0x00000000   Number         0  stubs.o ABSOLUTE
    _printf_lld                              0x00000000   Number         0  stubs.o ABSOLUTE
    _printf_lli                              0x00000000   Number         0  stubs.o ABSOLUTE
    _printf_llo                              0x00000000   Number         0  stubs.o ABSOLUTE
    _printf_llu                              0x00000000   Number         0  stubs.o ABSOLUTE
    _printf_llx                              0x00000000   Number         0  stubs.o ABSOLUTE
    _printf_longlong_dec                     0x00000000   Number         0  stubs.o ABSOLUTE
    _printf_longlong_hex                     0x00000000   Number         0  stubs.o ABSOLUTE
    _printf_longlong_oct                     0x00000000   Number         0  stubs.o ABSOLUTE
    _printf_ls                               0x00000000   Number         0  stubs.o ABSOLUTE
    _printf_mbtowc                           0x00000000   Number         0  stubs.o ABSOLUTE
    _printf_n                                0x00000000   Number         0  stubs.o ABSOLUTE
    _printf_o                                0x00000000   Number         0  stubs.o ABSOLUTE
    _printf_p                                0x00000000   Number         0  stubs.o ABSOLUTE
    _printf_percent                          0x00000000   Number         0  stubs.o ABSOLUTE
    _printf_pre_padding                      0x00000000   Number         0  stubs.o ABSOLUTE
    _printf_return_value                     0x00000000   Number         0  stubs.o ABSOLUTE
    _printf_s                                0x00000000   Number         0  stubs.o ABSOLUTE
    _printf_sizespec                         0x00000000   Number         0  stubs.o ABSOLUTE
    _printf_str                              0x00000000   Number         0  stubs.o ABSOLUTE
    _printf_truncate_signed                  0x00000000   Number         0  stubs.o ABSOLUTE
    _printf_truncate_unsigned                0x00000000   Number         0  stubs.o ABSOLUTE
    _printf_u                                0x00000000   Number         0  stubs.o ABSOLUTE
    _printf_wc                               0x00000000   Number         0  stubs.o ABSOLUTE
    _printf_wctomb                           0x00000000   Number         0  stubs.o ABSOLUTE
    _printf_widthprec                        0x00000000   Number         0  stubs.o ABSOLUTE
    _printf_x                                0x00000000   Number         0  stubs.o ABSOLUTE
    __cpp_initialize__aeabi_                  - Undefined Weak Reference
    __cxa_finalize                            - Undefined Weak Reference
    __decompress                              - Undefined Weak Reference
    _clock_init                               - Undefined Weak Reference
    _microlib_exit                            - Undefined Weak Reference
    __Vectors_Size                           0x00000188   Number         0  startup_stm32f40_41xxx.o ABSOLUTE
    __Vectors                                0x08000000   Data           4  startup_stm32f40_41xxx.o(RESET)
    __Vectors_End                            0x08000188   Data           0  startup_stm32f40_41xxx.o(RESET)
    __main                                   0x08000189   Thumb Code     0  entry.o(.ARM.Collect$$$$00000000)
    _main_stk                                0x08000189   Thumb Code     0  entry2.o(.ARM.Collect$$$$00000001)
    _main_scatterload                        0x0800018d   Thumb Code     0  entry5.o(.ARM.Collect$$$$00000004)
    __main_after_scatterload                 0x08000191   Thumb Code     0  entry5.o(.ARM.Collect$$$$00000004)
    _main_clock                              0x08000191   Thumb Code     0  entry7b.o(.ARM.Collect$$$$00000008)
    _main_cpp_init                           0x08000191   Thumb Code     0  entry8b.o(.ARM.Collect$$$$0000000A)
    _main_init                               0x08000191   Thumb Code     0  entry9a.o(.ARM.Collect$$$$0000000B)
    __rt_final_cpp                           0x08000199   Thumb Code     0  entry10a.o(.ARM.Collect$$$$0000000D)
    __rt_final_exit                          0x08000199   Thumb Code     0  entry11a.o(.ARM.Collect$$$$0000000F)
    Reset_Handler                            0x0800019d   Thumb Code     8  startup_stm32f40_41xxx.o(.text)
    ADC_IRQHandler                           0x080001b7   Thumb Code     0  startup_stm32f40_41xxx.o(.text)
    CAN1_RX0_IRQHandler                      0x080001b7   Thumb Code     0  startup_stm32f40_41xxx.o(.text)
    CAN1_RX1_IRQHandler                      0x080001b7   Thumb Code     0  startup_stm32f40_41xxx.o(.text)
    CAN1_SCE_IRQHandler                      0x080001b7   Thumb Code     0  startup_stm32f40_41xxx.o(.text)
    CAN1_TX_IRQHandler                       0x080001b7   Thumb Code     0  startup_stm32f40_41xxx.o(.text)
    CAN2_RX0_IRQHandler                      0x080001b7   Thumb Code     0  startup_stm32f40_41xxx.o(.text)
    CAN2_RX1_IRQHandler                      0x080001b7   Thumb Code     0  startup_stm32f40_41xxx.o(.text)
    CAN2_SCE_IRQHandler                      0x080001b7   Thumb Code     0  startup_stm32f40_41xxx.o(.text)
    CAN2_TX_IRQHandler                       0x080001b7   Thumb Code     0  startup_stm32f40_41xxx.o(.text)
    CRYP_IRQHandler                          0x080001b7   Thumb Code     0  startup_stm32f40_41xxx.o(.text)
    DCMI_IRQHandler                          0x080001b7   Thumb Code     0  startup_stm32f40_41xxx.o(.text)
    DMA1_Stream0_IRQHandler                  0x080001b7   Thumb Code     0  startup_stm32f40_41xxx.o(.text)
    DMA1_Stream1_IRQHandler                  0x080001b7   Thumb Code     0  startup_stm32f40_41xxx.o(.text)
    DMA1_Stream2_IRQHandler                  0x080001b7   Thumb Code     0  startup_stm32f40_41xxx.o(.text)
    DMA1_Stream3_IRQHandler                  0x080001b7   Thumb Code     0  startup_stm32f40_41xxx.o(.text)
    DMA1_Stream4_IRQHandler                  0x080001b7   Thumb Code     0  startup_stm32f40_41xxx.o(.text)
    DMA1_Stream5_IRQHandler                  0x080001b7   Thumb Code     0  startup_stm32f40_41xxx.o(.text)
    DMA1_Stream6_IRQHandler                  0x080001b7   Thumb Code     0  startup_stm32f40_41xxx.o(.text)
    DMA1_Stream7_IRQHandler                  0x080001b7   Thumb Code     0  startup_stm32f40_41xxx.o(.text)
    DMA2_Stream0_IRQHandler                  0x080001b7   Thumb Code     0  startup_stm32f40_41xxx.o(.text)
    DMA2_Stream1_IRQHandler                  0x080001b7   Thumb Code     0  startup_stm32f40_41xxx.o(.text)
    DMA2_Stream2_IRQHandler                  0x080001b7   Thumb Code     0  startup_stm32f40_41xxx.o(.text)
    DMA2_Stream3_IRQHandler                  0x080001b7   Thumb Code     0  startup_stm32f40_41xxx.o(.text)
    DMA2_Stream4_IRQHandler                  0x080001b7   Thumb Code     0  startup_stm32f40_41xxx.o(.text)
    DMA2_Stream5_IRQHandler                  0x080001b7   Thumb Code     0  startup_stm32f40_41xxx.o(.text)
    DMA2_Stream6_IRQHandler                  0x080001b7   Thumb Code     0  startup_stm32f40_41xxx.o(.text)
    DMA2_Stream7_IRQHandler                  0x080001b7   Thumb Code     0  startup_stm32f40_41xxx.o(.text)
    ETH_IRQHandler                           0x080001b7   Thumb Code     0  startup_stm32f40_41xxx.o(.text)
    ETH_WKUP_IRQHandler                      0x080001b7   Thumb Code     0  startup_stm32f40_41xxx.o(.text)
    EXTI0_IRQHandler                         0x080001b7   Thumb Code     0  startup_stm32f40_41xxx.o(.text)
    EXTI15_10_IRQHandler                     0x080001b7   Thumb Code     0  startup_stm32f40_41xxx.o(.text)
    EXTI1_IRQHandler                         0x080001b7   Thumb Code     0  startup_stm32f40_41xxx.o(.text)
    EXTI2_IRQHandler                         0x080001b7   Thumb Code     0  startup_stm32f40_41xxx.o(.text)
    EXTI3_IRQHandler                         0x080001b7   Thumb Code     0  startup_stm32f40_41xxx.o(.text)
    EXTI4_IRQHandler                         0x080001b7   Thumb Code     0  startup_stm32f40_41xxx.o(.text)
    EXTI9_5_IRQHandler                       0x080001b7   Thumb Code     0  startup_stm32f40_41xxx.o(.text)
    FLASH_IRQHandler                         0x080001b7   Thumb Code     0  startup_stm32f40_41xxx.o(.text)
    FPU_IRQHandler                           0x080001b7   Thumb Code     0  startup_stm32f40_41xxx.o(.text)
    FSMC_IRQHandler                          0x080001b7   Thumb Code     0  startup_stm32f40_41xxx.o(.text)
    HASH_RNG_IRQHandler                      0x080001b7   Thumb Code     0  startup_stm32f40_41xxx.o(.text)
    I2C1_ER_IRQHandler                       0x080001b7   Thumb Code     0  startup_stm32f40_41xxx.o(.text)
    I2C1_EV_IRQHandler                       0x080001b7   Thumb Code     0  startup_stm32f40_41xxx.o(.text)
    I2C2_ER_IRQHandler                       0x080001b7   Thumb Code     0  startup_stm32f40_41xxx.o(.text)
    I2C2_EV_IRQHandler                       0x080001b7   Thumb Code     0  startup_stm32f40_41xxx.o(.text)
    I2C3_ER_IRQHandler                       0x080001b7   Thumb Code     0  startup_stm32f40_41xxx.o(.text)
    I2C3_EV_IRQHandler                       0x080001b7   Thumb Code     0  startup_stm32f40_41xxx.o(.text)
    OTG_FS_IRQHandler                        0x080001b7   Thumb Code     0  startup_stm32f40_41xxx.o(.text)
    OTG_FS_WKUP_IRQHandler                   0x080001b7   Thumb Code     0  startup_stm32f40_41xxx.o(.text)
    OTG_HS_EP1_IN_IRQHandler                 0x080001b7   Thumb Code     0  startup_stm32f40_41xxx.o(.text)
    OTG_HS_EP1_OUT_IRQHandler                0x080001b7   Thumb Code     0  startup_stm32f40_41xxx.o(.text)
    OTG_HS_IRQHandler                        0x080001b7   Thumb Code     0  startup_stm32f40_41xxx.o(.text)
    OTG_HS_WKUP_IRQHandler                   0x080001b7   Thumb Code     0  startup_stm32f40_41xxx.o(.text)
    PVD_IRQHandler                           0x080001b7   Thumb Code     0  startup_stm32f40_41xxx.o(.text)
    RCC_IRQHandler                           0x080001b7   Thumb Code     0  startup_stm32f40_41xxx.o(.text)
    RTC_Alarm_IRQHandler                     0x080001b7   Thumb Code     0  startup_stm32f40_41xxx.o(.text)
    RTC_WKUP_IRQHandler                      0x080001b7   Thumb Code     0  startup_stm32f40_41xxx.o(.text)
    SDIO_IRQHandler                          0x080001b7   Thumb Code     0  startup_stm32f40_41xxx.o(.text)
    SPI1_IRQHandler                          0x080001b7   Thumb Code     0  startup_stm32f40_41xxx.o(.text)
    SPI2_IRQHandler                          0x080001b7   Thumb Code     0  startup_stm32f40_41xxx.o(.text)
    SPI3_IRQHandler                          0x080001b7   Thumb Code     0  startup_stm32f40_41xxx.o(.text)
    TAMP_STAMP_IRQHandler                    0x080001b7   Thumb Code     0  startup_stm32f40_41xxx.o(.text)
    TIM1_BRK_TIM9_IRQHandler                 0x080001b7   Thumb Code     0  startup_stm32f40_41xxx.o(.text)
    TIM1_CC_IRQHandler                       0x080001b7   Thumb Code     0  startup_stm32f40_41xxx.o(.text)
    TIM1_TRG_COM_TIM11_IRQHandler            0x080001b7   Thumb Code     0  startup_stm32f40_41xxx.o(.text)
    TIM1_UP_TIM10_IRQHandler                 0x080001b7   Thumb Code     0  startup_stm32f40_41xxx.o(.text)
    TIM2_IRQHandler                          0x080001b7   Thumb Code     0  startup_stm32f40_41xxx.o(.text)
    TIM3_IRQHandler                          0x080001b7   Thumb Code     0  startup_stm32f40_41xxx.o(.text)
    TIM4_IRQHandler                          0x080001b7   Thumb Code     0  startup_stm32f40_41xxx.o(.text)
    TIM5_IRQHandler                          0x080001b7   Thumb Code     0  startup_stm32f40_41xxx.o(.text)
    TIM6_DAC_IRQHandler                      0x080001b7   Thumb Code     0  startup_stm32f40_41xxx.o(.text)
    TIM7_IRQHandler                          0x080001b7   Thumb Code     0  startup_stm32f40_41xxx.o(.text)
    TIM8_CC_IRQHandler                       0x080001b7   Thumb Code     0  startup_stm32f40_41xxx.o(.text)
    TIM8_TRG_COM_TIM14_IRQHandler            0x080001b7   Thumb Code     0  startup_stm32f40_41xxx.o(.text)
    TIM8_UP_TIM13_IRQHandler                 0x080001b7   Thumb Code     0  startup_stm32f40_41xxx.o(.text)
    UART4_IRQHandler                         0x080001b7   Thumb Code     0  startup_stm32f40_41xxx.o(.text)
    UART5_IRQHandler                         0x080001b7   Thumb Code     0  startup_stm32f40_41xxx.o(.text)
    USART1_IRQHandler                        0x080001b7   Thumb Code     0  startup_stm32f40_41xxx.o(.text)
    USART2_IRQHandler                        0x080001b7   Thumb Code     0  startup_stm32f40_41xxx.o(.text)
    USART3_IRQHandler                        0x080001b7   Thumb Code     0  startup_stm32f40_41xxx.o(.text)
    USART6_IRQHandler                        0x080001b7   Thumb Code     0  startup_stm32f40_41xxx.o(.text)
    WWDG_IRQHandler                          0x080001b7   Thumb Code     0  startup_stm32f40_41xxx.o(.text)
    arm_cos_f32                              0x080001c1   Thumb Code   194  arm_cos_f32.o(.text)
    __aeabi_dmul                             0x08000299   Thumb Code   228  dmul.o(.text)
    __aeabi_i2d                              0x0800037d   Thumb Code    34  dflti.o(.text)
    __aeabi_f2d                              0x0800039f   Thumb Code    38  f2d.o(.text)
    __aeabi_d2f                              0x080003c5   Thumb Code    56  d2f.o(.text)
    __aeabi_uidiv                            0x080003fd   Thumb Code     0  uidiv.o(.text)
    __aeabi_uidivmod                         0x080003fd   Thumb Code    44  uidiv.o(.text)
    __aeabi_uldivmod                         0x08000429   Thumb Code    98  uldiv.o(.text)
    __I$use$fp                               0x0800048b   Thumb Code     0  iusefp.o(.text)
    _float_round                             0x0800048b   Thumb Code    18  fepilogue.o(.text)
    _float_epilogue                          0x0800049d   Thumb Code    92  fepilogue.o(.text)
    _double_round                            0x080004f9   Thumb Code    26  depilogue.o(.text)
    _double_epilogue                         0x08000513   Thumb Code   156  depilogue.o(.text)
    __aeabi_dadd                             0x080005af   Thumb Code   322  dadd.o(.text)
    __aeabi_dsub                             0x080006f1   Thumb Code     6  dadd.o(.text)
    __aeabi_drsub                            0x080006f7   Thumb Code     6  dadd.o(.text)
    __aeabi_ddiv                             0x080006fd   Thumb Code   222  ddiv.o(.text)
    __aeabi_d2ulz                            0x080007db   Thumb Code    48  dfixul.o(.text)
    __aeabi_cdrcmple                         0x0800080d   Thumb Code    38  cdrcmple.o(.text)
    __scatterload                            0x08000835   Thumb Code    28  init.o(.text)
    __scatterload_rt2                        0x08000835   Thumb Code     0  init.o(.text)
    __aeabi_llsl                             0x08000859   Thumb Code    30  llshl.o(.text)
    _ll_shift_l                              0x08000859   Thumb Code     0  llshl.o(.text)
    __aeabi_llsr                             0x08000877   Thumb Code    32  llushr.o(.text)
    _ll_ushift_r                             0x08000877   Thumb Code     0  llushr.o(.text)
    __aeabi_lasr                             0x08000897   Thumb Code    36  llsshr.o(.text)
    _ll_sshift_r                             0x08000897   Thumb Code     0  llsshr.o(.text)
    ADC_Cmd                                  0x080008bb   Thumb Code    20  stm32f4xx_adc.o(i.ADC_Cmd)
    ADC_CommonInit                           0x080008d1   Thumb Code    34  stm32f4xx_adc.o(i.ADC_CommonInit)
    ADC_DMACmd                               0x080008fd   Thumb Code    20  stm32f4xx_adc.o(i.ADC_DMACmd)
    ADC_DMARequestAfterLastTransferCmd       0x08000911   Thumb Code    20  stm32f4xx_adc.o(i.ADC_DMARequestAfterLastTransferCmd)
    ADC_Init                                 0x08000925   Thumb Code    66  stm32f4xx_adc.o(i.ADC_Init)
    ADC_RegularChannelConfig                 0x08000971   Thumb Code   116  stm32f4xx_adc.o(i.ADC_RegularChannelConfig)
    ADC_SoftwareStartConv                    0x080009e5   Thumb Code    10  stm32f4xx_adc.o(i.ADC_SoftwareStartConv)
    BusFault_Handler                         0x080009ef   Thumb Code     2  stm32f4xx_it.o(i.BusFault_Handler)
    Buzzer_Init                              0x080009f1   Thumb Code    70  buzzer.o(i.Buzzer_Init)
    DMA_Cmd                                  0x08000ad5   Thumb Code    20  stm32f4xx_dma.o(i.DMA_Cmd)
    DMA_Init                                 0x08000ae9   Thumb Code    80  stm32f4xx_dma.o(i.DMA_Init)
    DebugMon_Handler                         0x08000b3d   Thumb Code     2  stm32f4xx_it.o(i.DebugMon_Handler)
    Encode_Init                              0x08000bcd   Thumb Code    14  encode.o(i.Encode_Init)
    Encode_Velocity_Get                      0x08000c95   Thumb Code   204  encode.o(i.Encode_Velocity_Get)
    GPIO_Init                                0x08000d81   Thumb Code   120  stm32f4xx_gpio.o(i.GPIO_Init)
    GPIO_PinAFConfig                         0x08000df9   Thumb Code    32  stm32f4xx_gpio.o(i.GPIO_PinAFConfig)
    GPIO_ReadInputDataBit                    0x08000e19   Thumb Code    14  stm32f4xx_gpio.o(i.GPIO_ReadInputDataBit)
    HardFault_Handler                        0x08000e27   Thumb Code     2  stm32f4xx_it.o(i.HardFault_Handler)
    IMU_DataUp                               0x08000e29   Thumb Code    60  mpu9250.o(i.IMU_DataUp)
    IR_ADC_Dataup                            0x08000e71   Thumb Code    34  ir.o(i.IR_ADC_Dataup)
    IR_ADC_GetData                           0x08000f01   Thumb Code   164  ir.o(i.IR_ADC_GetData)
    IR_ADC_Init                              0x08000fb1   Thumb Code    14  ir.o(i.IR_ADC_Init)
    IR_Out_GPIO_Config                       0x08001119   Thumb Code    84  ir.o(i.IR_Out_GPIO_Config)
    LED_Init                                 0x08001171   Thumb Code   154  led.o(i.LED_Init)
    LPF2p_SetCutoffFreq                      0x0800121d   Thumb Code   160  filter.o(i.LPF2p_SetCutoffFreq)
    MPU9250_I2C_Read_Byte                    0x08001321   Thumb Code    88  mpu9250.o(i.MPU9250_I2C_Read_Byte)
    MPU9250_I2C_Read_Wait_Ask                0x08001385   Thumb Code    34  mpu9250.o(i.MPU9250_I2C_Read_Wait_Ask)
    MPU9250_I2C_Read_Word                    0x080013a9   Thumb Code   162  mpu9250.o(i.MPU9250_I2C_Read_Word)
    MPU9250_I2C_Send_Byte                    0x08001461   Thumb Code    70  mpu9250.o(i.MPU9250_I2C_Send_Byte)
    MPU9250_Mode_DataUp                      0x080015d9   Thumb Code   100  mpu9250.o(i.MPU9250_Mode_DataUp)
    MPU9250_Mode_Init                        0x08001645   Thumb Code   210  mpu9250.o(i.MPU9250_Mode_Init)
    MPU9250_Mode_LPD2p_Set_Cutoff            0x08001731   Thumb Code   116  mpu9250.o(i.MPU9250_Mode_LPD2p_Set_Cutoff)
    MPU9250_Mode_MeCheck                     0x080017b1   Thumb Code   224  mpu9250.o(i.MPU9250_Mode_MeCheck)
    MPU9250_Mode_Read_Acc                    0x080018d9   Thumb Code    56  mpu9250.o(i.MPU9250_Mode_Read_Acc)
    MPU9250_Mode_Read_Gyro                   0x08001915   Thumb Code    56  mpu9250.o(i.MPU9250_Mode_Read_Gyro)
    MemManage_Handler                        0x08001951   Thumb Code     2  stm32f4xx_it.o(i.MemManage_Handler)
    Modo_DataUp                              0x08001955   Thumb Code   246  driver.o(i.Modo_DataUp)
    Motor_Init                               0x08001af5   Thumb Code    14  motor.o(i.Motor_Init)
    Motor_Pwm_Flash                          0x08001ba5   Thumb Code    74  motor.o(i.Motor_Pwm_Flash)
    NMI_Handler                              0x08001bf5   Thumb Code     2  stm32f4xx_it.o(i.NMI_Handler)
    NVIC_Init                                0x08001bf9   Thumb Code    96  misc.o(i.NVIC_Init)
    NVIC_PriorityGroupConfig                 0x08001c5d   Thumb Code    10  misc.o(i.NVIC_PriorityGroupConfig)
    PID_Angle_UpData                         0x08001c71   Thumb Code    28  pid.o(i.PID_Angle_UpData)
    PID_Beeline_Speed_DataUp                 0x08001c95   Thumb Code    32  pid.o(i.PID_Beeline_Speed_DataUp)
    PID_DataUp                               0x08001cbd   Thumb Code   148  pid.o(i.PID_DataUp)
    PID_Parameter_Config                     0x08001d51   Thumb Code    42  pid.o(i.PID_Parameter_Config)
    PID_Parameter_Init                       0x08001d81   Thumb Code   100  pid.o(i.PID_Parameter_Init)
    PID_Rage_DataUp                          0x08001e01   Thumb Code    32  pid.o(i.PID_Rage_DataUp)
    PendSV_Handler                           0x08001e29   Thumb Code     2  stm32f4xx_it.o(i.PendSV_Handler)
    RCC_AHB1PeriphClockCmd                   0x08001e2d   Thumb Code    18  stm32f4xx_rcc.o(i.RCC_AHB1PeriphClockCmd)
    RCC_APB1PeriphClockCmd                   0x08001e45   Thumb Code    18  stm32f4xx_rcc.o(i.RCC_APB1PeriphClockCmd)
    RCC_APB1PeriphResetCmd                   0x08001e5d   Thumb Code    18  stm32f4xx_rcc.o(i.RCC_APB1PeriphResetCmd)
    RCC_APB2PeriphClockCmd                   0x08001e75   Thumb Code    18  stm32f4xx_rcc.o(i.RCC_APB2PeriphClockCmd)
    RCC_APB2PeriphResetCmd                   0x08001e8d   Thumb Code    18  stm32f4xx_rcc.o(i.RCC_APB2PeriphResetCmd)
    RCC_GetClocksFreq                        0x08001ea5   Thumb Code   132  stm32f4xx_rcc.o(i.RCC_GetClocksFreq)
    RC_Time                                  0x08001f39   Thumb Code    94  sysc.o(i.RC_Time)
    Ready_Start_Mode                         0x08001f9d   Thumb Code   158  driver.o(i.Ready_Start_Mode)
    SVC_Handler                              0x08002059   Thumb Code     2  stm32f4xx_it.o(i.SVC_Handler)
    SYS_Time                                 0x0800205b   Thumb Code    62  sysc.o(i.SYS_Time)
    SysTick_Handler                          0x0800214d   Thumb Code     2  stm32f4xx_it.o(i.SysTick_Handler)
    SystemInit                               0x08002151   Thumb Code    74  system_stm32f4xx.o(i.SystemInit)
    TIM8_BRK_TIM12_IRQHandler                0x08002211   Thumb Code    46  sysc.o(i.TIM8_BRK_TIM12_IRQHandler)
    TIM_ClearFlag                            0x08002249   Thumb Code     6  stm32f4xx_tim.o(i.TIM_ClearFlag)
    TIM_ClearITPendingBit                    0x0800224f   Thumb Code     6  stm32f4xx_tim.o(i.TIM_ClearITPendingBit)
    TIM_Cmd                                  0x08002255   Thumb Code    20  stm32f4xx_tim.o(i.TIM_Cmd)
    TIM_CtrlPWMOutputs                       0x08002269   Thumb Code    22  stm32f4xx_tim.o(i.TIM_CtrlPWMOutputs)
    TIM_DeInit                               0x08002281   Thumb Code   284  stm32f4xx_tim.o(i.TIM_DeInit)
    TIM_EncoderInterfaceConfig               0x080023d1   Thumb Code    50  stm32f4xx_tim.o(i.TIM_EncoderInterfaceConfig)
    TIM_GetCounter                           0x08002403   Thumb Code     4  stm32f4xx_tim.o(i.TIM_GetCounter)
    TIM_GetITStatus                          0x08002407   Thumb Code    24  stm32f4xx_tim.o(i.TIM_GetITStatus)
    TIM_ICInit                               0x0800241f   Thumb Code   172  stm32f4xx_tim.o(i.TIM_ICInit)
    TIM_ICStructInit                         0x080024cb   Thumb Code    16  stm32f4xx_tim.o(i.TIM_ICStructInit)
    TIM_ITConfig                             0x080024db   Thumb Code    16  stm32f4xx_tim.o(i.TIM_ITConfig)
    TIM_OC1Init                              0x080024ed   Thumb Code    88  stm32f4xx_tim.o(i.TIM_OC1Init)
    TIM_OC1PreloadConfig                     0x0800254d   Thumb Code    12  stm32f4xx_tim.o(i.TIM_OC1PreloadConfig)
    TIM_OC2Init                              0x08002559   Thumb Code   120  stm32f4xx_tim.o(i.TIM_OC2Init)
    TIM_OC2PreloadConfig                     0x080025d9   Thumb Code    20  stm32f4xx_tim.o(i.TIM_OC2PreloadConfig)
    TIM_OC3Init                              0x080025ed   Thumb Code   116  stm32f4xx_tim.o(i.TIM_OC3Init)
    TIM_OC3PreloadConfig                     0x08002669   Thumb Code    12  stm32f4xx_tim.o(i.TIM_OC3PreloadConfig)
    TIM_OC4Init                              0x08002675   Thumb Code    88  stm32f4xx_tim.o(i.TIM_OC4Init)
    TIM_OC4PreloadConfig                     0x080026d5   Thumb Code    20  stm32f4xx_tim.o(i.TIM_OC4PreloadConfig)
    TIM_SetCounter                           0x080026e9   Thumb Code     4  stm32f4xx_tim.o(i.TIM_SetCounter)
    TIM_SetIC1Prescaler                      0x080026ed   Thumb Code    16  stm32f4xx_tim.o(i.TIM_SetIC1Prescaler)
    TIM_SetIC2Prescaler                      0x080026fd   Thumb Code    24  stm32f4xx_tim.o(i.TIM_SetIC2Prescaler)
    TIM_SetIC3Prescaler                      0x08002715   Thumb Code    16  stm32f4xx_tim.o(i.TIM_SetIC3Prescaler)
    TIM_SetIC4Prescaler                      0x08002725   Thumb Code    24  stm32f4xx_tim.o(i.TIM_SetIC4Prescaler)
    TIM_TimeBaseInit                         0x0800273d   Thumb Code    96  stm32f4xx_tim.o(i.TIM_TimeBaseInit)
    TIM_TimeBaseStructInit                   0x080027b9   Thumb Code    18  stm32f4xx_tim.o(i.TIM_TimeBaseStructInit)
    Test_Dt                                  0x080027cb   Thumb Code    20  sysc.o(i.Test_Dt)
    UART_Config                              0x080027e1   Thumb Code   184  uart.o(i.UART_Config)
    USART_Cmd                                0x080028a1   Thumb Code    20  stm32f4xx_usart.o(i.USART_Cmd)
    USART_GetFlagStatus                      0x080028b5   Thumb Code    14  stm32f4xx_usart.o(i.USART_GetFlagStatus)
    USART_ITConfig                           0x080028c3   Thumb Code    48  stm32f4xx_usart.o(i.USART_ITConfig)
    USART_Init                               0x080028f5   Thumb Code   164  stm32f4xx_usart.o(i.USART_Init)
    USART_SendData                           0x080029a1   Thumb Code     8  stm32f4xx_usart.o(i.USART_SendData)
    UsageFault_Handler                       0x080029a9   Thumb Code     2  stm32f4xx_it.o(i.UsageFault_Handler)
    __0printf                                0x080029ad   Thumb Code    22  printfa.o(i.__0printf)
    __1printf                                0x080029ad   Thumb Code     0  printfa.o(i.__0printf)
    __2printf                                0x080029ad   Thumb Code     0  printfa.o(i.__0printf)
    __c89printf                              0x080029ad   Thumb Code     0  printfa.o(i.__0printf)
    printf                                   0x080029ad   Thumb Code     0  printfa.o(i.__0printf)
    __ARM_fpclassifyf                        0x080029cd   Thumb Code    38  fpclassifyf.o(i.__ARM_fpclassifyf)
    __hardfp_tanf                            0x080029f5   Thumb Code   314  tanf.o(i.__hardfp_tanf)
    __mathlib_flt_underflow                  0x08002b6d   Thumb Code    10  funder.o(i.__mathlib_flt_underflow)
    __mathlib_rredf2                         0x08002b7d   Thumb Code   296  rredf.o(i.__mathlib_rredf2)
    __scatterload_copy                       0x08002cbd   Thumb Code    14  handlers.o(i.__scatterload_copy)
    __scatterload_null                       0x08002ccb   Thumb Code     2  handlers.o(i.__scatterload_null)
    __scatterload_zeroinit                   0x08002ccd   Thumb Code    14  handlers.o(i.__scatterload_zeroinit)
    __set_errno                              0x08002cdd   Thumb Code     6  errno.o(i.__set_errno)
    delay_ms                                 0x0800357b   Thumb Code    24  delay.o(i.delay_ms)
    fputc                                    0x08003595   Thumb Code    30  uart.o(i.fputc)
    main                                     0x080035b9   Thumb Code   656  main.o(i.main)
    Region$$Table$$Base                      0x08003cf0   Number         0  anon$$obj.o(Region$$Table)
    Region$$Table$$Limit                     0x08003d10   Number         0  anon$$obj.o(Region$$Table)
    rc_timer_state                           0x20000010   Data           1  main.o(.data)
    ir_mode_times                            0x20000011   Data           1  main.o(.data)
    rc_timer_counter                         0x20000012   Data           2  main.o(.data)
    aa                                       0x20000014   Data           4  main.o(.data)
    ir_data_1a                               0x20000018   Data           6  main.o(.data)
    ir_data_1c                               0x2000001e   Data           6  main.o(.data)
    ir_data_2a                               0x20000024   Data           6  main.o(.data)
    ir_data_2c                               0x2000002a   Data           6  main.o(.data)
    encode_1_velocity_plus                   0x20000030   Data           4  encode.o(.data)
    encode_2_velocity_plus                   0x20000034   Data           4  encode.o(.data)
    encode_1_velocity_cm                     0x20000038   Data           4  encode.o(.data)
    encode_2_velocity_cm                     0x2000003c   Data           4  encode.o(.data)
    encode_1_pulse_total                     0x20000040   Data           4  encode.o(.data)
    encode_2_pulse_total                     0x20000044   Data           4  encode.o(.data)
    encode_1_pulse_new                       0x20000048   Data           4  encode.o(.data)
    encode_2_pulse_new                       0x2000004c   Data           4  encode.o(.data)
    encode_1_pulse_old                       0x20000050   Data           4  encode.o(.data)
    encode_2_pulse_old                       0x20000054   Data           4  encode.o(.data)
    encode_velocity                          0x20000058   Data           4  encode.o(.data)
    init_finish                              0x2000005c   Data           1  sysc.o(.data)
    loop_rc                                  0x2000005e   Data           2  sysc.o(.data)
    loop_rc_times                            0x20000060   Data           2  sysc.o(.data)
    ir_adc_1a_value_new                      0x20000064   Data           2  ir.o(.data)
    ir_adc_1b_value_new                      0x20000066   Data           2  ir.o(.data)
    ir_adc_1c_value_new                      0x20000068   Data           2  ir.o(.data)
    ir_adc_2a_value_new                      0x2000006a   Data           2  ir.o(.data)
    ir_adc_2b_value_new                      0x2000006c   Data           2  ir.o(.data)
    ir_adc_2c_value_new                      0x2000006e   Data           2  ir.o(.data)
    ir_adc_1a_value                          0x20000070   Data           4  ir.o(.data)
    ir_adc_1b_value                          0x20000074   Data           4  ir.o(.data)
    ir_adc_1c_value                          0x20000078   Data           4  ir.o(.data)
    ir_adc_2a_value                          0x2000007c   Data           4  ir.o(.data)
    ir_adc_2b_value                          0x20000080   Data           4  ir.o(.data)
    ir_adc_2c_value                          0x20000084   Data           4  ir.o(.data)
    ir_adc_1a_value_sum                      0x20000088   Data           4  ir.o(.data)
    ir_adc_1b_value_sum                      0x2000008c   Data           4  ir.o(.data)
    ir_adc_1c_value_sum                      0x20000090   Data           4  ir.o(.data)
    ir_adc_2a_value_sum                      0x20000094   Data           4  ir.o(.data)
    ir_adc_2b_value_sum                      0x20000098   Data           4  ir.o(.data)
    ir_adc_2c_value_sum                      0x2000009c   Data           4  ir.o(.data)
    ir_adc_systimes                          0x200000a0   Data           4  ir.o(.data)
    pid_time                                 0x200000a4   Data           4  driver.o(.data)
    Thro                                     0x200000a8   Data           4  driver.o(.data)
    beeline_speed_desired                    0x200000ac   Data           4  driver.o(.data)
    beeline_speed_thro                       0x200000b0   Data           4  driver.o(.data)
    Motor                                    0x200000b4   Data           8  driver.o(.data)
    imu_time_flag                            0x200000bc   Data           4  mpu9250.o(.data)
    imu_time_new                             0x200000c0   Data           4  mpu9250.o(.data)
    imu_dt                                   0x200000c4   Data           4  mpu9250.o(.data)
    imu_yaw                                  0x200000c8   Data           4  mpu9250.o(.data)
    YawRateDesired                           0x200000cc   Data           4  pid.o(.data)
    yawOutput                                0x200000d0   Data           4  pid.o(.data)
    Yaw                                      0x200000d4   Data           4  pid.o(.data)
    BeelineSpeedOutput                       0x200000d8   Data           4  pid.o(.data)
    BeelineSpeed                             0x200000dc   Data           4  pid.o(.data)
    __stdout                                 0x200000e0   Data           4  stdout.o(.data)
    ir_adc_1_get                             0x200000e8   Data         300  ir.o(.bss)
    ir_adc_2_get                             0x20000214   Data         300  ir.o(.bss)
    mpu9250                                  0x20000400   Data         120  mpu9250.o(.bss)
    yaw_angle_pid                            0x20000478   Data          56  pid.o(.bss)
    yaw_rate_pid                             0x200004b0   Data          56  pid.o(.bss)
    beeline_speed_pid                        0x200004e8   Data          56  pid.o(.bss)
    __initial_sp                             0x20008920   Data           0  startup_stm32f40_41xxx.o(STACK)



==============================================================================

Memory Map of the image

  Image Entry point : 0x08000189

  Load Region LR_IROM1 (Base: 0x08000000, Size: 0x00003df8, Max: 0x00080000, ABSOLUTE)

    Execution Region ER_IROM1 (Base: 0x08000000, Size: 0x00003d10, Max: 0x00080000, ABSOLUTE)

    Base Addr    Size         Type   Attr      Idx    E Section Name        Object

    0x08000000   0x00000188   Data   RO            3    RESET               startup_stm32f40_41xxx.o
    0x08000188   0x00000000   Code   RO         5719  * .ARM.Collect$$$$00000000  mc_w.l(entry.o)
    0x08000188   0x00000004   Code   RO         5998    .ARM.Collect$$$$00000001  mc_w.l(entry2.o)
    0x0800018c   0x00000004   Code   RO         6001    .ARM.Collect$$$$00000004  mc_w.l(entry5.o)
    0x08000190   0x00000000   Code   RO         6003    .ARM.Collect$$$$00000008  mc_w.l(entry7b.o)
    0x08000190   0x00000000   Code   RO         6005    .ARM.Collect$$$$0000000A  mc_w.l(entry8b.o)
    0x08000190   0x00000008   Code   RO         6006    .ARM.Collect$$$$0000000B  mc_w.l(entry9a.o)
    0x08000198   0x00000000   Code   RO         6008    .ARM.Collect$$$$0000000D  mc_w.l(entry10a.o)
    0x08000198   0x00000000   Code   RO         6010    .ARM.Collect$$$$0000000F  mc_w.l(entry11a.o)
    0x08000198   0x00000004   Code   RO         5999    .ARM.Collect$$$$00002712  mc_w.l(entry2.o)
    0x0800019c   0x00000024   Code   RO            4    .text               startup_stm32f40_41xxx.o
    0x080001c0   0x000000d8   Code   RO         5662    .text               arm_cortexM4lf_math.lib(arm_cos_f32.o)
    0x08000298   0x000000e4   Code   RO         5983    .text               mf_w.l(dmul.o)
    0x0800037c   0x00000022   Code   RO         5985    .text               mf_w.l(dflti.o)
    0x0800039e   0x00000026   Code   RO         5987    .text               mf_w.l(f2d.o)
    0x080003c4   0x00000038   Code   RO         5989    .text               mf_w.l(d2f.o)
    0x080003fc   0x0000002c   Code   RO         6013    .text               mc_w.l(uidiv.o)
    0x08000428   0x00000062   Code   RO         6015    .text               mc_w.l(uldiv.o)
    0x0800048a   0x00000000   Code   RO         6024    .text               mc_w.l(iusefp.o)
    0x0800048a   0x0000006e   Code   RO         6025    .text               mf_w.l(fepilogue.o)
    0x080004f8   0x000000b6   Code   RO         6027    .text               mf_w.l(depilogue.o)
    0x080005ae   0x0000014e   Code   RO         6029    .text               mf_w.l(dadd.o)
    0x080006fc   0x000000de   Code   RO         6031    .text               mf_w.l(ddiv.o)
    0x080007da   0x00000030   Code   RO         6033    .text               mf_w.l(dfixul.o)
    0x0800080a   0x00000002   PAD
    0x0800080c   0x00000028   Code   RO         6035    .text               mf_w.l(cdrcmple.o)
    0x08000834   0x00000024   Code   RO         6037    .text               mc_w.l(init.o)
    0x08000858   0x0000001e   Code   RO         6039    .text               mc_w.l(llshl.o)
    0x08000876   0x00000020   Code   RO         6041    .text               mc_w.l(llushr.o)
    0x08000896   0x00000024   Code   RO         6043    .text               mc_w.l(llsshr.o)
    0x080008ba   0x00000014   Code   RO          204    i.ADC_Cmd           stm32f4xx_adc.o
    0x080008ce   0x00000002   PAD
    0x080008d0   0x0000002c   Code   RO          205    i.ADC_CommonInit    stm32f4xx_adc.o
    0x080008fc   0x00000014   Code   RO          208    i.ADC_DMACmd        stm32f4xx_adc.o
    0x08000910   0x00000014   Code   RO          209    i.ADC_DMARequestAfterLastTransferCmd  stm32f4xx_adc.o
    0x08000924   0x0000004c   Code   RO          224    i.ADC_Init          stm32f4xx_adc.o
    0x08000970   0x00000074   Code   RO          229    i.ADC_RegularChannelConfig  stm32f4xx_adc.o
    0x080009e4   0x0000000a   Code   RO          231    i.ADC_SoftwareStartConv  stm32f4xx_adc.o
    0x080009ee   0x00000002   Code   RO         4960    i.BusFault_Handler  stm32f4xx_it.o
    0x080009f0   0x0000004c   Code   RO         5219    i.Buzzer_Init       buzzer.o
    0x08000a3c   0x00000098   Code   RO         5220    i.Buzzer_MODE_Config  buzzer.o
    0x08000ad4   0x00000014   Code   RO         1143    i.DMA_Cmd           stm32f4xx_dma.o
    0x08000ae8   0x00000054   Code   RO         1155    i.DMA_Init          stm32f4xx_dma.o
    0x08000b3c   0x00000002   Code   RO         4961    i.DebugMon_Handler  stm32f4xx_it.o
    0x08000b3e   0x00000002   PAD
    0x08000b40   0x0000008c   Code   RO         5031    i.Encode_GPIO_Init  encode.o
    0x08000bcc   0x0000000e   Code   RO         5032    i.Encode_Init       encode.o
    0x08000bda   0x00000002   PAD
    0x08000bdc   0x000000b8   Code   RO         5033    i.Encode_Mode_Init  encode.o
    0x08000c94   0x000000ec   Code   RO         5034    i.Encode_Velocity_Get  encode.o
    0x08000d80   0x00000078   Code   RO         1877    i.GPIO_Init         stm32f4xx_gpio.o
    0x08000df8   0x00000020   Code   RO         1878    i.GPIO_PinAFConfig  stm32f4xx_gpio.o
    0x08000e18   0x0000000e   Code   RO         1881    i.GPIO_ReadInputDataBit  stm32f4xx_gpio.o
    0x08000e26   0x00000002   Code   RO         4962    i.HardFault_Handler  stm32f4xx_it.o
    0x08000e28   0x00000048   Code   RO         5393    i.IMU_DataUp        mpu9250.o
    0x08000e70   0x00000028   Code   RO         5287    i.IR_ADC_Dataup     ir.o
    0x08000e98   0x00000068   Code   RO         5288    i.IR_ADC_GPIO_Config  ir.o
    0x08000f00   0x000000b0   Code   RO         5289    i.IR_ADC_GetData    ir.o
    0x08000fb0   0x0000000e   Code   RO         5290    i.IR_ADC_Init       ir.o
    0x08000fbe   0x00000002   PAD
    0x08000fc0   0x00000158   Code   RO         5291    i.IR_ADC_Mode_Config  ir.o
    0x08001118   0x00000058   Code   RO         5293    i.IR_Out_GPIO_Config  ir.o
    0x08001170   0x000000ac   Code   RO         5123    i.LED_Init          led.o
    0x0800121c   0x000000a8   Code   RO         5554    i.LPF2p_SetCutoffFreq  filter.o
    0x080012c4   0x0000000c   Code   RO         5394    i.MPU9250_I2C_Delay  mpu9250.o
    0x080012d0   0x00000050   Code   RO         5395    i.MPU9250_I2C_Read  mpu9250.o
    0x08001320   0x00000064   Code   RO         5396    i.MPU9250_I2C_Read_Byte  mpu9250.o
    0x08001384   0x00000022   Code   RO         5397    i.MPU9250_I2C_Read_Wait_Ask  mpu9250.o
    0x080013a6   0x00000002   PAD
    0x080013a8   0x000000b8   Code   RO         5398    i.MPU9250_I2C_Read_Word  mpu9250.o
    0x08001460   0x00000054   Code   RO         5399    i.MPU9250_I2C_Send_Byte  mpu9250.o
    0x080014b4   0x0000002c   Code   RO         5400    i.MPU9250_I2C_Send_Disask  mpu9250.o
    0x080014e0   0x00000034   Code   RO         5402    i.MPU9250_I2C_Start  mpu9250.o
    0x08001514   0x00000030   Code   RO         5403    i.MPU9250_I2C_Stop  mpu9250.o
    0x08001544   0x00000040   Code   RO         5404    i.MPU9250_I2C_Wait_Ask  mpu9250.o
    0x08001584   0x00000054   Code   RO         5405    i.MPU9250_I2C_Write  mpu9250.o
    0x080015d8   0x0000006c   Code   RO         5406    i.MPU9250_Mode_DataUp  mpu9250.o
    0x08001644   0x000000ec   Code   RO         5407    i.MPU9250_Mode_Init  mpu9250.o
    0x08001730   0x00000080   Code   RO         5408    i.MPU9250_Mode_LPD2p_Set_Cutoff  mpu9250.o
    0x080017b0   0x00000128   Code   RO         5409    i.MPU9250_Mode_MeCheck  mpu9250.o
    0x080018d8   0x0000003c   Code   RO         5410    i.MPU9250_Mode_Read_Acc  mpu9250.o
    0x08001914   0x0000003c   Code   RO         5411    i.MPU9250_Mode_Read_Gyro  mpu9250.o
    0x08001950   0x00000002   Code   RO         4963    i.MemManage_Handler  stm32f4xx_it.o
    0x08001952   0x00000002   PAD
    0x08001954   0x00000120   Code   RO         5353    i.Modo_DataUp       driver.o
    0x08001a74   0x00000080   Code   RO         5250    i.Motor_GPIO_Config  motor.o
    0x08001af4   0x0000000e   Code   RO         5251    i.Motor_Init        motor.o
    0x08001b02   0x00000002   PAD
    0x08001b04   0x000000a0   Code   RO         5252    i.Motor_MODE_Config  motor.o
    0x08001ba4   0x00000050   Code   RO         5253    i.Motor_Pwm_Flash   motor.o
    0x08001bf4   0x00000002   Code   RO         4964    i.NMI_Handler       stm32f4xx_it.o
    0x08001bf6   0x00000002   PAD
    0x08001bf8   0x00000064   Code   RO          150    i.NVIC_Init         misc.o
    0x08001c5c   0x00000014   Code   RO          151    i.NVIC_PriorityGroupConfig  misc.o
    0x08001c70   0x00000024   Code   RO         5592    i.PID_Angle_UpData  pid.o
    0x08001c94   0x00000028   Code   RO         5593    i.PID_Beeline_Speed_DataUp  pid.o
    0x08001cbc   0x00000094   Code   RO         5594    i.PID_DataUp        pid.o
    0x08001d50   0x00000030   Code   RO         5595    i.PID_Parameter_Config  pid.o
    0x08001d80   0x00000080   Code   RO         5596    i.PID_Parameter_Init  pid.o
    0x08001e00   0x00000028   Code   RO         5597    i.PID_Rage_DataUp   pid.o
    0x08001e28   0x00000002   Code   RO         4965    i.PendSV_Handler    stm32f4xx_it.o
    0x08001e2a   0x00000002   PAD
    0x08001e2c   0x00000018   Code   RO         2741    i.RCC_AHB1PeriphClockCmd  stm32f4xx_rcc.o
    0x08001e44   0x00000018   Code   RO         2750    i.RCC_APB1PeriphClockCmd  stm32f4xx_rcc.o
    0x08001e5c   0x00000018   Code   RO         2752    i.RCC_APB1PeriphResetCmd  stm32f4xx_rcc.o
    0x08001e74   0x00000018   Code   RO         2753    i.RCC_APB2PeriphClockCmd  stm32f4xx_rcc.o
    0x08001e8c   0x00000018   Code   RO         2755    i.RCC_APB2PeriphResetCmd  stm32f4xx_rcc.o
    0x08001ea4   0x00000094   Code   RO         2762    i.RCC_GetClocksFreq  stm32f4xx_rcc.o
    0x08001f38   0x00000064   Code   RO         5169    i.RC_Time           sysc.o
    0x08001f9c   0x000000bc   Code   RO         5354    i.Ready_Start_Mode  driver.o
    0x08002058   0x00000002   Code   RO         4966    i.SVC_Handler       stm32f4xx_it.o
    0x0800205a   0x0000003e   Code   RO         5170    i.SYS_Time          sysc.o
    0x08002098   0x000000b4   Code   RO           12    i.SetSysClock       system_stm32f4xx.o
    0x0800214c   0x00000002   Code   RO         4967    i.SysTick_Handler   stm32f4xx_it.o
    0x0800214e   0x00000002   PAD
    0x08002150   0x0000005c   Code   RO           14    i.SystemInit        system_stm32f4xx.o
    0x080021ac   0x0000002e   Code   RO         4072    i.TI1_Config        stm32f4xx_tim.o
    0x080021da   0x00000036   Code   RO         4073    i.TI2_Config        stm32f4xx_tim.o
    0x08002210   0x00000038   Code   RO         5171    i.TIM8_BRK_TIM12_IRQHandler  sysc.o
    0x08002248   0x00000006   Code   RO         4080    i.TIM_ClearFlag     stm32f4xx_tim.o
    0x0800224e   0x00000006   Code   RO         4081    i.TIM_ClearITPendingBit  stm32f4xx_tim.o
    0x08002254   0x00000014   Code   RO         4086    i.TIM_Cmd           stm32f4xx_tim.o
    0x08002268   0x00000016   Code   RO         4088    i.TIM_CtrlPWMOutputs  stm32f4xx_tim.o
    0x0800227e   0x00000002   PAD
    0x08002280   0x00000150   Code   RO         4091    i.TIM_DeInit        stm32f4xx_tim.o
    0x080023d0   0x00000032   Code   RO         4095    i.TIM_EncoderInterfaceConfig  stm32f4xx_tim.o
    0x08002402   0x00000004   Code   RO         4105    i.TIM_GetCounter    stm32f4xx_tim.o
    0x08002406   0x00000018   Code   RO         4107    i.TIM_GetITStatus   stm32f4xx_tim.o
    0x0800241e   0x000000ac   Code   RO         4109    i.TIM_ICInit        stm32f4xx_tim.o
    0x080024ca   0x00000010   Code   RO         4110    i.TIM_ICStructInit  stm32f4xx_tim.o
    0x080024da   0x00000010   Code   RO         4111    i.TIM_ITConfig      stm32f4xx_tim.o
    0x080024ea   0x00000002   PAD
    0x080024ec   0x00000060   Code   RO         4115    i.TIM_OC1Init       stm32f4xx_tim.o
    0x0800254c   0x0000000c   Code   RO         4118    i.TIM_OC1PreloadConfig  stm32f4xx_tim.o
    0x08002558   0x00000080   Code   RO         4120    i.TIM_OC2Init       stm32f4xx_tim.o
    0x080025d8   0x00000014   Code   RO         4123    i.TIM_OC2PreloadConfig  stm32f4xx_tim.o
    0x080025ec   0x0000007c   Code   RO         4125    i.TIM_OC3Init       stm32f4xx_tim.o
    0x08002668   0x0000000c   Code   RO         4128    i.TIM_OC3PreloadConfig  stm32f4xx_tim.o
    0x08002674   0x00000060   Code   RO         4130    i.TIM_OC4Init       stm32f4xx_tim.o
    0x080026d4   0x00000014   Code   RO         4132    i.TIM_OC4PreloadConfig  stm32f4xx_tim.o
    0x080026e8   0x00000004   Code   RO         4152    i.TIM_SetCounter    stm32f4xx_tim.o
    0x080026ec   0x00000010   Code   RO         4153    i.TIM_SetIC1Prescaler  stm32f4xx_tim.o
    0x080026fc   0x00000018   Code   RO         4154    i.TIM_SetIC2Prescaler  stm32f4xx_tim.o
    0x08002714   0x00000010   Code   RO         4155    i.TIM_SetIC3Prescaler  stm32f4xx_tim.o
    0x08002724   0x00000018   Code   RO         4156    i.TIM_SetIC4Prescaler  stm32f4xx_tim.o
    0x0800273c   0x0000007c   Code   RO         4158    i.TIM_TimeBaseInit  stm32f4xx_tim.o
    0x080027b8   0x00000012   Code   RO         4159    i.TIM_TimeBaseStructInit  stm32f4xx_tim.o
    0x080027ca   0x00000014   Code   RO         5172    i.Test_Dt           sysc.o
    0x080027de   0x00000002   PAD
    0x080027e0   0x000000c0   Code   RO         5079    i.UART_Config       uart.o
    0x080028a0   0x00000014   Code   RO         4623    i.USART_Cmd         stm32f4xx_usart.o
    0x080028b4   0x0000000e   Code   RO         4626    i.USART_GetFlagStatus  stm32f4xx_usart.o
    0x080028c2   0x00000030   Code   RO         4629    i.USART_ITConfig    stm32f4xx_usart.o
    0x080028f2   0x00000002   PAD
    0x080028f4   0x000000ac   Code   RO         4630    i.USART_Init        stm32f4xx_usart.o
    0x080029a0   0x00000008   Code   RO         4640    i.USART_SendData    stm32f4xx_usart.o
    0x080029a8   0x00000002   Code   RO         4968    i.UsageFault_Handler  stm32f4xx_it.o
    0x080029aa   0x00000002   PAD
    0x080029ac   0x00000020   Code   RO         5955    i.__0printf         mc_w.l(printfa.o)
    0x080029cc   0x00000026   Code   RO         5991    i.__ARM_fpclassifyf  m_wm.l(fpclassifyf.o)
    0x080029f2   0x00000002   PAD
    0x080029f4   0x00000178   Code   RO         5707    i.__hardfp_tanf     m_wm.l(tanf.o)
    0x08002b6c   0x00000010   Code   RO         5993    i.__mathlib_flt_underflow  m_wm.l(funder.o)
    0x08002b7c   0x00000140   Code   RO         5995    i.__mathlib_rredf2  m_wm.l(rredf.o)
    0x08002cbc   0x0000000e   Code   RO         6047    i.__scatterload_copy  mc_w.l(handlers.o)
    0x08002cca   0x00000002   Code   RO         6048    i.__scatterload_null  mc_w.l(handlers.o)
    0x08002ccc   0x0000000e   Code   RO         6049    i.__scatterload_zeroinit  mc_w.l(handlers.o)
    0x08002cda   0x00000002   PAD
    0x08002cdc   0x0000000c   Code   RO         6019    i.__set_errno       mc_w.l(errno.o)
    0x08002ce8   0x00000164   Code   RO         5962    i._fp_digits        mc_w.l(printfa.o)
    0x08002e4c   0x000006dc   Code   RO         5963    i._printf_core      mc_w.l(printfa.o)
    0x08003528   0x00000024   Code   RO         5964    i._printf_post_padding  mc_w.l(printfa.o)
    0x0800354c   0x0000002e   Code   RO         5965    i._printf_pre_padding  mc_w.l(printfa.o)
    0x0800357a   0x00000018   Code   RO         5143    i.delay_ms          delay.o
    0x08003592   0x00000002   PAD
    0x08003594   0x00000024   Code   RO         5083    i.fputc             uart.o
    0x080035b8   0x00000308   Code   RO         4869    i.main              main.o
    0x080038c0   0x00000410   Data   RO         5663    .constdata          arm_cortexM4lf_math.lib(arm_cos_f32.o)
    0x08003cd0   0x00000020   Data   RO         5996    .constdata          m_wm.l(rredf.o)
    0x08003cf0   0x00000020   Data   RO         6045    Region$$Table       anon$$obj.o


    Execution Region RW_IRAM1 (Base: 0x20000000, Size: 0x00008920, Max: 0x00020000, ABSOLUTE)

    Base Addr    Size         Type   Attr      Idx    E Section Name        Object

    0x20000000   0x00000010   Data   RW         2794    .data               stm32f4xx_rcc.o
    0x20000010   0x00000020   Data   RW         4873    .data               main.o
    0x20000030   0x0000002c   Data   RW         5036    .data               encode.o
    0x2000005c   0x00000006   Data   RW         5178    .data               sysc.o
    0x20000062   0x00000002   PAD
    0x20000064   0x00000040   Data   RW         5295    .data               ir.o
    0x200000a4   0x00000018   Data   RW         5355    .data               driver.o
    0x200000bc   0x00000010   Data   RW         5414    .data               mpu9250.o
    0x200000cc   0x00000014   Data   RW         5602    .data               pid.o
    0x200000e0   0x00000004   Data   RW         6012    .data               mc_w.l(stdout.o)
    0x200000e4   0x00000004   Data   RW         6020    .data               mc_w.l(errno.o)
    0x200000e8   0x00000258   Zero   RW         5294    .bss                ir.o
    0x20000340   0x00000138   Zero   RW         5413    .bss                mpu9250.o
    0x20000478   0x000000a8   Zero   RW         5599    .bss                pid.o
    0x20000520   0x00008400   Zero   RW            1    STACK               startup_stm32f40_41xxx.o


==============================================================================

Image component sizes


      Code (inc. data)   RO Data    RW Data    ZI Data      Debug   Object Name

       228         10          0          0          0       1626   buzzer.o
        24          0          0          0          0        511   delay.o
       476         72          0         24          0       2028   driver.o
       574         52          0         44          0       3520   encode.o
       168          8          0          0          0       1582   filter.o
       766         50          0         64        600       5144   ir.o
       172         18          0          0          0        623   led.o
       776        120          0         32          0       8692   main.o
       120         14          0          0          0       1671   misc.o
       382         16          0          0          0       2719   motor.o
      1746        242          0         16        312      14735   mpu9250.o
       440         58          0         20        168       5425   pid.o
        36          8        392          0      33792        980   startup_stm32f40_41xxx.o
       306         20          0          0          0       5715   stm32f4xx_adc.o
       104          4          0          0          0       2513   stm32f4xx_dma.o
       166          0          0          0          0       2495   stm32f4xx_gpio.o
        18          0          0          0          0       4234   stm32f4xx_it.o
       268         46          0         16          0       6165   stm32f4xx_rcc.o
      1506        112          0          0          0      19627   stm32f4xx_tim.o
       262          8          0          0          0       4145   stm32f4xx_usart.o
       238         16          0          6          0       3083   sysc.o
       272         36          0          0          0     310565   system_stm32f4xx.o
       228         14          0          0          0       1730   uart.o

    ----------------------------------------------------------------------
      9308        924        424        224      34872     409528   Object Totals
         0          0         32          0          0          0   (incl. Generated)
        32          0          0          2          0          0   (incl. Padding)

    ----------------------------------------------------------------------

      Code (inc. data)   RO Data    RW Data    ZI Data      Debug   Library Member Name

       216         22       1040          0          0      16570   arm_cos_f32.o
        38          0          0          0          0        116   fpclassifyf.o
        16          6          0          0          0        116   funder.o
       320         24         32          0          0        160   rredf.o
       376         62          0          0          0        180   tanf.o
         0          0          0          0          0          0   entry.o
         0          0          0          0          0          0   entry10a.o
         0          0          0          0          0          0   entry11a.o
         8          4          0          0          0          0   entry2.o
         4          0          0          0          0          0   entry5.o
         0          0          0          0          0          0   entry7b.o
         0          0          0          0          0          0   entry8b.o
         8          4          0          0          0          0   entry9a.o
        12          6          0          4          0         68   errno.o
        30          0          0          0          0          0   handlers.o
        36          8          0          0          0         68   init.o
         0          0          0          0          0          0   iusefp.o
        30          0          0          0          0         68   llshl.o
        36          0          0          0          0         68   llsshr.o
        32          0          0          0          0         68   llushr.o
      2226         90          0          0          0        444   printfa.o
         0          0          0          4          0          0   stdout.o
        44          0          0          0          0         80   uidiv.o
        98          0          0          0          0         92   uldiv.o
        40          2          0          0          0         68   cdrcmple.o
        56          0          0          0          0         88   d2f.o
       334          0          0          0          0        148   dadd.o
       222          0          0          0          0        100   ddiv.o
       182          0          0          0          0        176   depilogue.o
        48          0          0          0          0         68   dfixul.o
        34          0          0          0          0         76   dflti.o
       228          0          0          0          0         96   dmul.o
        38          0          0          0          0         68   f2d.o
       110          0          0          0          0        168   fepilogue.o

    ----------------------------------------------------------------------
      4828        228       1072          8          0      19154   Library Totals
         6          0          0          0          0          0   (incl. Padding)

    ----------------------------------------------------------------------

      Code (inc. data)   RO Data    RW Data    ZI Data      Debug   Library Name

       216         22       1040          0          0      16570   arm_cortexM4lf_math.lib
       750         92         32          0          0        572   m_wm.l
      2564        112          0          8          0        956   mc_w.l
      1292          2          0          0          0       1056   mf_w.l

    ----------------------------------------------------------------------
      4828        228       1072          8          0      19154   Library Totals

    ----------------------------------------------------------------------

==============================================================================


      Code (inc. data)   RO Data    RW Data    ZI Data      Debug   

     14136       1152       1496        232      34872     416898   Grand Totals
     14136       1152       1496        232      34872     416898   ELF Image Totals
     14136       1152       1496        232          0          0   ROM Totals

==============================================================================

    Total RO  Size (Code + RO Data)                15632 (  15.27kB)
    Total RW  Size (RW Data + ZI Data)             35104 (  34.28kB)
    Total ROM Size (Code + RO Data + RW Data)      15864 (  15.49kB)

==============================================================================

