Product: MDK-ARM Professional 5.10
Component: ARM Compiler 5.04 update 1 (build 49)
Tool: armlink [5040049]

==============================================================================

Section Cross References

    startup_stm32f40_41xxx.o(RESET) refers to startup_stm32f40_41xxx.o(STACK) for __initial_sp
    startup_stm32f40_41xxx.o(RESET) refers to startup_stm32f40_41xxx.o(.text) for Reset_Handler
    startup_stm32f40_41xxx.o(RESET) refers to stm32f4xx_it.o(i.NMI_Handler) for NMI_Handler
    startup_stm32f40_41xxx.o(RESET) refers to stm32f4xx_it.o(i.HardFault_Handler) for HardFault_Handler
    startup_stm32f40_41xxx.o(RESET) refers to stm32f4xx_it.o(i.MemManage_Handler) for MemManage_Handler
    startup_stm32f40_41xxx.o(RESET) refers to stm32f4xx_it.o(i.BusFault_Handler) for BusFault_Handler
    startup_stm32f40_41xxx.o(RESET) refers to stm32f4xx_it.o(i.UsageFault_Handler) for UsageFault_Handler
    startup_stm32f40_41xxx.o(RESET) refers to stm32f4xx_it.o(i.SVC_Handler) for SVC_Handler
    startup_stm32f40_41xxx.o(RESET) refers to stm32f4xx_it.o(i.DebugMon_Handler) for DebugMon_Handler
    startup_stm32f40_41xxx.o(RESET) refers to stm32f4xx_it.o(i.PendSV_Handler) for PendSV_Handler
    startup_stm32f40_41xxx.o(RESET) refers to stm32f4xx_it.o(i.SysTick_Handler) for SysTick_Handler
    startup_stm32f40_41xxx.o(RESET) refers to sysc.o(i.TIM8_BRK_TIM12_IRQHandler) for TIM8_BRK_TIM12_IRQHandler
    startup_stm32f40_41xxx.o(.text) refers to system_stm32f4xx.o(i.SystemInit) for SystemInit
    startup_stm32f40_41xxx.o(.text) refers to entry.o(.ARM.Collect$$$$00000000) for __main
    system_stm32f4xx.o(i.SystemCoreClockUpdate) refers to system_stm32f4xx.o(.data) for .data
    system_stm32f4xx.o(i.SystemInit) refers to system_stm32f4xx.o(i.SetSysClock) for SetSysClock
    stm32f4xx_adc.o(i.ADC_DeInit) refers to stm32f4xx_rcc.o(i.RCC_APB2PeriphResetCmd) for RCC_APB2PeriphResetCmd
    stm32f4xx_can.o(i.CAN_DeInit) refers to stm32f4xx_rcc.o(i.RCC_APB1PeriphResetCmd) for RCC_APB1PeriphResetCmd
    stm32f4xx_can.o(i.CAN_GetITStatus) refers to stm32f4xx_can.o(i.CheckITStatus) for CheckITStatus
    stm32f4xx_cryp.o(i.CRYP_DeInit) refers to stm32f4xx_rcc.o(i.RCC_AHB2PeriphResetCmd) for RCC_AHB2PeriphResetCmd
    stm32f4xx_cryp_aes.o(i.CRYP_AES_CBC) refers to stm32f4xx_cryp.o(i.CRYP_KeyStructInit) for CRYP_KeyStructInit
    stm32f4xx_cryp_aes.o(i.CRYP_AES_CBC) refers to stm32f4xx_cryp.o(i.CRYP_KeyInit) for CRYP_KeyInit
    stm32f4xx_cryp_aes.o(i.CRYP_AES_CBC) refers to stm32f4xx_cryp.o(i.CRYP_Init) for CRYP_Init
    stm32f4xx_cryp_aes.o(i.CRYP_AES_CBC) refers to stm32f4xx_cryp.o(i.CRYP_IVInit) for CRYP_IVInit
    stm32f4xx_cryp_aes.o(i.CRYP_AES_CBC) refers to stm32f4xx_cryp.o(i.CRYP_FIFOFlush) for CRYP_FIFOFlush
    stm32f4xx_cryp_aes.o(i.CRYP_AES_CBC) refers to stm32f4xx_cryp.o(i.CRYP_Cmd) for CRYP_Cmd
    stm32f4xx_cryp_aes.o(i.CRYP_AES_CBC) refers to stm32f4xx_cryp.o(i.CRYP_GetCmdStatus) for CRYP_GetCmdStatus
    stm32f4xx_cryp_aes.o(i.CRYP_AES_CBC) refers to stm32f4xx_cryp.o(i.CRYP_GetFlagStatus) for CRYP_GetFlagStatus
    stm32f4xx_cryp_aes.o(i.CRYP_AES_CBC) refers to stm32f4xx_cryp.o(i.CRYP_DataIn) for CRYP_DataIn
    stm32f4xx_cryp_aes.o(i.CRYP_AES_CBC) refers to stm32f4xx_cryp.o(i.CRYP_DataOut) for CRYP_DataOut
    stm32f4xx_cryp_aes.o(i.CRYP_AES_CCM) refers to stm32f4xx_cryp.o(i.CRYP_KeyStructInit) for CRYP_KeyStructInit
    stm32f4xx_cryp_aes.o(i.CRYP_AES_CCM) refers to stm32f4xx_cryp.o(i.CRYP_FIFOFlush) for CRYP_FIFOFlush
    stm32f4xx_cryp_aes.o(i.CRYP_AES_CCM) refers to stm32f4xx_cryp.o(i.CRYP_KeyInit) for CRYP_KeyInit
    stm32f4xx_cryp_aes.o(i.CRYP_AES_CCM) refers to stm32f4xx_cryp.o(i.CRYP_IVInit) for CRYP_IVInit
    stm32f4xx_cryp_aes.o(i.CRYP_AES_CCM) refers to stm32f4xx_cryp.o(i.CRYP_Init) for CRYP_Init
    stm32f4xx_cryp_aes.o(i.CRYP_AES_CCM) refers to stm32f4xx_cryp.o(i.CRYP_PhaseConfig) for CRYP_PhaseConfig
    stm32f4xx_cryp_aes.o(i.CRYP_AES_CCM) refers to stm32f4xx_cryp.o(i.CRYP_DataIn) for CRYP_DataIn
    stm32f4xx_cryp_aes.o(i.CRYP_AES_CCM) refers to stm32f4xx_cryp.o(i.CRYP_Cmd) for CRYP_Cmd
    stm32f4xx_cryp_aes.o(i.CRYP_AES_CCM) refers to stm32f4xx_cryp.o(i.CRYP_GetCmdStatus) for CRYP_GetCmdStatus
    stm32f4xx_cryp_aes.o(i.CRYP_AES_CCM) refers to stm32f4xx_cryp.o(i.CRYP_GetFlagStatus) for CRYP_GetFlagStatus
    stm32f4xx_cryp_aes.o(i.CRYP_AES_CCM) refers to stm32f4xx_cryp.o(i.CRYP_DataOut) for CRYP_DataOut
    stm32f4xx_cryp_aes.o(i.CRYP_AES_CTR) refers to stm32f4xx_cryp.o(i.CRYP_KeyStructInit) for CRYP_KeyStructInit
    stm32f4xx_cryp_aes.o(i.CRYP_AES_CTR) refers to stm32f4xx_cryp.o(i.CRYP_KeyInit) for CRYP_KeyInit
    stm32f4xx_cryp_aes.o(i.CRYP_AES_CTR) refers to stm32f4xx_cryp.o(i.CRYP_Init) for CRYP_Init
    stm32f4xx_cryp_aes.o(i.CRYP_AES_CTR) refers to stm32f4xx_cryp.o(i.CRYP_IVInit) for CRYP_IVInit
    stm32f4xx_cryp_aes.o(i.CRYP_AES_CTR) refers to stm32f4xx_cryp.o(i.CRYP_FIFOFlush) for CRYP_FIFOFlush
[...]
    Removing stm32f4xx_tim.o(i.TIM_OC2NPolarityConfig), (26 bytes).
    Removing stm32f4xx_tim.o(i.TIM_OC2PolarityConfig), (26 bytes).
    Removing stm32f4xx_tim.o(i.TIM_OC3FastConfig), (18 bytes).
    Removing stm32f4xx_tim.o(i.TIM_OC3NPolarityConfig), (26 bytes).
    Removing stm32f4xx_tim.o(i.TIM_OC3PolarityConfig), (26 bytes).
    Removing stm32f4xx_tim.o(i.TIM_OC4FastConfig), (26 bytes).
    Removing stm32f4xx_tim.o(i.TIM_OC4PolarityConfig), (26 bytes).
    Removing stm32f4xx_tim.o(i.TIM_OCStructInit), (20 bytes).
    Removing stm32f4xx_tim.o(i.TIM_PWMIConfig), (124 bytes).
    Removing stm32f4xx_tim.o(i.TIM_PrescalerConfig), (6 bytes).
    Removing stm32f4xx_tim.o(i.TIM_RemapConfig), (6 bytes).
    Removing stm32f4xx_tim.o(i.TIM_SelectCCDMA), (24 bytes).
    Removing stm32f4xx_tim.o(i.TIM_SelectCOM), (24 bytes).
    Removing stm32f4xx_tim.o(i.TIM_SelectHallSensor), (24 bytes).
    Removing stm32f4xx_tim.o(i.TIM_SelectInputTrigger), (18 bytes).
    Removing stm32f4xx_tim.o(i.TIM_SelectMasterSlaveMode), (18 bytes).
    Removing stm32f4xx_tim.o(i.TIM_SelectOCxM), (86 bytes).
    Removing stm32f4xx_tim.o(i.TIM_SelectOnePulseMode), (18 bytes).
    Removing stm32f4xx_tim.o(i.TIM_SelectOutputTrigger), (18 bytes).
    Removing stm32f4xx_tim.o(i.TIM_SelectSlaveMode), (18 bytes).
    Removing stm32f4xx_tim.o(i.TIM_SetAutoreload), (4 bytes).
    Removing stm32f4xx_tim.o(i.TIM_SetClockDivision), (18 bytes).
    Removing stm32f4xx_tim.o(i.TIM_SetCompare1), (4 bytes).
    Removing stm32f4xx_tim.o(i.TIM_SetCompare2), (4 bytes).
    Removing stm32f4xx_tim.o(i.TIM_SetCompare3), (4 bytes).
    Removing stm32f4xx_tim.o(i.TIM_SetCompare4), (4 bytes).
    Removing stm32f4xx_tim.o(i.TIM_TIxExternalClockConfig), (62 bytes).
    Removing stm32f4xx_tim.o(i.TIM_UpdateDisableConfig), (24 bytes).
    Removing stm32f4xx_tim.o(i.TIM_UpdateRequestConfig), (24 bytes).
    Removing stm32f4xx_usart.o(.rev16_text), (4 bytes).
    Removing stm32f4xx_usart.o(.revsh_text), (4 bytes).
    Removing stm32f4xx_usart.o(i.USART_ClearFlag), (18 bytes).
    Removing stm32f4xx_usart.o(i.USART_ClearITPendingBit), (30 bytes).
    Removing stm32f4xx_usart.o(i.USART_ClockInit), (32 bytes).
    Removing stm32f4xx_usart.o(i.USART_ClockStructInit), (12 bytes).
    Removing stm32f4xx_usart.o(i.USART_DMACmd), (18 bytes).
    Removing stm32f4xx_usart.o(i.USART_DeInit), (240 bytes).
    Removing stm32f4xx_usart.o(i.USART_GetITStatus), (84 bytes).
    Removing stm32f4xx_usart.o(i.USART_HalfDuplexCmd), (24 bytes).
    Removing stm32f4xx_usart.o(i.USART_IrDACmd), (24 bytes).
    Removing stm32f4xx_usart.o(i.USART_IrDAConfig), (18 bytes).
    Removing stm32f4xx_usart.o(i.USART_LINBreakDetectLengthConfig), (18 bytes).
    Removing stm32f4xx_usart.o(i.USART_LINCmd), (24 bytes).
    Removing stm32f4xx_usart.o(i.USART_OneBitMethodCmd), (24 bytes).
    Removing stm32f4xx_usart.o(i.USART_OverSampling8Cmd), (22 bytes).
    Removing stm32f4xx_usart.o(i.USART_ReceiveData), (10 bytes).
    Removing stm32f4xx_usart.o(i.USART_ReceiverWakeUpCmd), (24 bytes).
    Removing stm32f4xx_usart.o(i.USART_SendBreak), (10 bytes).
    Removing stm32f4xx_usart.o(i.USART_SetAddress), (18 bytes).
    Removing stm32f4xx_usart.o(i.USART_SetGuardTime), (16 bytes).
    Removing stm32f4xx_usart.o(i.USART_SetPrescaler), (16 bytes).
    Removing stm32f4xx_usart.o(i.USART_SmartCardCmd), (24 bytes).
    Removing stm32f4xx_usart.o(i.USART_SmartCardNACKCmd), (24 bytes).
    Removing stm32f4xx_usart.o(i.USART_StructInit), (24 bytes).
    Removing stm32f4xx_usart.o(i.USART_WakeUpConfig), (18 bytes).
    Removing stm32f4xx_wwdg.o(.rev16_text), (4 bytes).
    Removing stm32f4xx_wwdg.o(.revsh_text), (4 bytes).
    Removing stm32f4xx_wwdg.o(i.WWDG_ClearFlag), (12 bytes).
    Removing stm32f4xx_wwdg.o(i.WWDG_DeInit), (22 bytes).
    Removing stm32f4xx_wwdg.o(i.WWDG_Enable), (16 bytes).
    Removing stm32f4xx_wwdg.o(i.WWDG_EnableIT), (12 bytes).
    Removing stm32f4xx_wwdg.o(i.WWDG_GetFlagStatus), (20 bytes).
    Removing stm32f4xx_wwdg.o(i.WWDG_SetCounter), (16 bytes).
    Removing stm32f4xx_wwdg.o(i.WWDG_SetPrescaler), (24 bytes).
    Removing stm32f4xx_wwdg.o(i.WWDG_SetWindowValue), (40 bytes).
    Removing main.o(.rev16_text), (4 bytes).
    Removing main.o(.revsh_text), (4 bytes).
    Removing main.o(.data), (4 bytes).
    Removing main.o(.data), (4 bytes).
    Removing main.o(.data), (6 bytes).
    Removing stm32f4xx_it.o(.rev16_text), (4 bytes).
    Removing stm32f4xx_it.o(.revsh_text), (4 bytes).
    Removing encode.o(.rev16_text), (4 bytes).
    Removing encode.o(.revsh_text), (4 bytes).
    Removing encode.o(i.Ready_Start), (80 bytes).
    Removing uart.o(.rev16_text), (4 bytes).
    Removing uart.o(.revsh_text), (4 bytes).
    Removing uart.o(i.UART_SendByte), (30 bytes).
    Removing uart.o(i.UART_SendString), (40 bytes).
    Removing uart.o(i.fgetc), (32 bytes).
    Removing led.o(.rev16_text), (4 bytes).
    Removing led.o(.revsh_text), (4 bytes).
    Removing delay.o(.rev16_text), (4 bytes).
    Removing delay.o(.revsh_text), (4 bytes).
    Removing delay.o(i.delay_us), (22 bytes).
    Removing sysc.o(.rev16_text), (4 bytes).
    Removing sysc.o(.revsh_text), (4 bytes).
    Removing sysc.o(.data), (2 bytes).
    Removing sysc.o(.data), (2 bytes).
    Removing sysc.o(.data), (4 bytes).
    Removing sysc.o(.data), (4 bytes).
    Removing sysc.o(.data), (4 bytes).
    Removing sysc.o(.data), (2 bytes).
    Removing sysc.o(.data), (2 bytes).
    Removing buzzer.o(.rev16_text), (4 bytes).
    Removing buzzer.o(.revsh_text), (4 bytes).
    Removing buzzer.o(i.Buzzer_Soud), (24 bytes).
    Removing motor.o(.rev16_text), (4 bytes).
    Removing motor.o(.revsh_text), (4 bytes).
    Removing ir.o(.rev16_text), (4 bytes).
    Removing ir.o(.revsh_text), (4 bytes).
    Removing ir.o(i.IR_ADC_ADV), (144 bytes).
    Removing ir.o(i.IR_OUT_Mode), (16 bytes).
    Removing driver.o(.rev16_text), (4 bytes).
    Removing driver.o(.revsh_text), (4 bytes).
    Removing mpu9250.o(.rev16_text), (4 bytes).
    Removing mpu9250.o(.revsh_text), (4 bytes).
    Removing mpu9250.o(i.MPU9250_I2C_Send_Word), (96 bytes).
    Removing mpu9250.o(i.MPU9250_Mode_Read_Mag), (58 bytes).
    Removing mathx.o(.rev16_text), (4 bytes).
    Removing mathx.o(.revsh_text), (4 bytes).
    Removing mathx.o(i.dsp_sqrt), (108 bytes).
    Removing filter.o(.rev16_text), (4 bytes).
    Removing filter.o(.revsh_text), (4 bytes).
    Removing filter.o(i.LPF2p_Apply), (172 bytes).
    Removing pid.o(.rev16_text), (4 bytes).
    Removing pid.o(.revsh_text), (4 bytes).
    Removing pid.o(i.PID_Set_Desired), (6 bytes).
    Removing arm_cos_f32.o(.rev16_text), (4 bytes).
    Removing arm_cos_f32.o(.revsh_text), (4 bytes).
    Removing dadd.o(.text), (334 bytes).
    Removing dmul.o(.text), (228 bytes).
    Removing ddiv.o(.text), (222 bytes).
    Removing dfixul.o(.text), (48 bytes).
    Removing cdrcmple.o(.text), (40 bytes).
    Removing depilogue.o(.text), (182 bytes).

787 unused section(s) (total 33932 bytes) removed from the image.

==============================================================================

Image Symbol Table

    Local Symbols

    Symbol Name                              Value     Ov Type        Size  Object(Section)

    ../clib/microlib/division.c              0x00000000   Number         0  uldiv.o ABSOLUTE
    ../clib/microlib/division.c              0x00000000   Number         0  uidiv.o ABSOLUTE
    ../clib/microlib/errno.c                 0x00000000   Number         0  errno.o ABSOLUTE
    ../clib/microlib/init/entry.s            0x00000000   Number         0  entry5.o ABSOLUTE
    ../clib/microlib/init/entry.s            0x00000000   Number         0  entry.o ABSOLUTE
    ../clib/microlib/init/entry.s            0x00000000   Number         0  entry10b.o ABSOLUTE
    ../clib/microlib/init/entry.s            0x00000000   Number         0  entry2.o ABSOLUTE
    ../clib/microlib/init/entry.s            0x00000000   Number         0  entry11a.o ABSOLUTE
    ../clib/microlib/init/entry.s            0x00000000   Number         0  entry9a.o ABSOLUTE
    ../clib/microlib/init/entry.s            0x00000000   Number         0  entry7a.o ABSOLUTE
    ../clib/microlib/init/entry.s            0x00000000   Number         0  entry11b.o ABSOLUTE
    ../clib/microlib/init/entry.s            0x00000000   Number         0  entry8b.o ABSOLUTE
    ../clib/microlib/init/entry.s            0x00000000   Number         0  entry8a.o ABSOLUTE
    ../clib/microlib/init/entry.s            0x00000000   Number         0  entry9b.o ABSOLUTE
    ../clib/microlib/init/entry.s            0x00000000   Number         0  entry7b.o ABSOLUTE
    ../clib/microlib/init/entry.s            0x00000000   Number         0  entry10a.o ABSOLUTE
    ../clib/microlib/longlong.c              0x00000000   Number         0  llshl.o ABSOLUTE
    ../clib/microlib/longlong.c              0x00000000   Number         0  llsshr.o ABSOLUTE
    ../clib/microlib/longlong.c              0x00000000   Number         0  llushr.o ABSOLUTE
    ../clib/microlib/printf/printf.c         0x00000000   Number         0  printfb.o ABSOLUTE
    ../clib/microlib/printf/printf.c         0x00000000   Number         0  printf0.o ABSOLUTE
    ../clib/microlib/printf/printf.c         0x00000000   Number         0  printf1.o ABSOLUTE
    ../clib/microlib/printf/printf.c         0x00000000   Number         0  printf4.o ABSOLUTE
    ../clib/microlib/printf/printf.c         0x00000000   Number         0  printf5.o ABSOLUTE
    ../clib/microlib/printf/printf.c         0x00000000   Number         0  printf6.o ABSOLUTE
    ../clib/microlib/printf/printf.c         0x00000000   Number         0  printf7.o ABSOLUTE
    ../clib/microlib/printf/printf.c         0x00000000   Number         0  printf8.o ABSOLUTE
    ../clib/microlib/printf/printf.c         0x00000000   Number         0  printf3.o ABSOLUTE
    ../clib/microlib/printf/printf.c         0x00000000   Number         0  printfa.o ABSOLUTE
    ../clib/microlib/printf/printf.c         0x00000000   Number         0  printf2.o ABSOLUTE
    ../clib/microlib/stdio/streams.c         0x00000000   Number         0  stdout.o ABSOLUTE
    ../clib/microlib/stubs.s                 0x00000000   Number         0  iusefp.o ABSOLUTE
    ../fplib/microlib/fpadd.c                0x00000000   Number         0  dadd.o ABSOLUTE
    ../fplib/microlib/fpdiv.c                0x00000000   Number         0  ddiv.o ABSOLUTE
    ../fplib/microlib/fpepilogue.c           0x00000000   Number         0  depilogue.o ABSOLUTE
    ../fplib/microlib/fpfix.c                0x00000000   Number         0  dfixul.o ABSOLUTE
    ../fplib/microlib/fpmul.c                0x00000000   Number         0  dmul.o ABSOLUTE
    ../mathlib/fpclassifyf.c                 0x00000000   Number         0  fpclassifyf.o ABSOLUTE
    ../mathlib/funder.c                      0x00000000   Number         0  funder.o ABSOLUTE
    ../mathlib/rredf.c                       0x00000000   Number         0  rredf.o ABSOLUTE
    ../mathlib/tanf.c                        0x00000000   Number         0  tanf_x.o ABSOLUTE
    ../mathlib/tanf.c                        0x00000000   Number         0  tanf.o ABSOLUTE
    ..\..\Libraries\CMSIS\Device\ST\STM32F4xx\Source\Templates\arm\startup_stm32f40_41xxx.s 0x00000000   Number         0  startup_stm32f40_41xxx.o ABSOLUTE
    ..\..\Libraries\CMSIS\Device\ST\STM32F4xx\Source\Templates\system_stm32f4xx.c 0x00000000   Number         0  system_stm32f4xx.o ABSOLUTE
    ..\..\Libraries\STM32F4xx_StdPeriph_Driver\src\misc.c 0x00000000   Number         0  misc.o ABSOLUTE
    ..\..\Libraries\STM32F4xx_StdPeriph_Driver\src\stm32f4xx_adc.c 0x00000000   Number         0  stm32f4xx_adc.o ABSOLUTE
    ..\..\Libraries\STM32F4xx_StdPeriph_Driver\src\stm32f4xx_can.c 0x00000000   Number         0  stm32f4xx_can.o ABSOLUTE
    ..\..\Libraries\STM32F4xx_StdPeriph_Driver\src\stm32f4xx_crc.c 0x00000000   Number         0  stm32f4xx_crc.o ABSOLUTE
    ..\..\Libraries\STM32F4xx_StdPeriph_Driver\src\stm32f4xx_cryp.c 0x00000000   Number         0  stm32f4xx_cryp.o ABSOLUTE
    ..\..\Libraries\STM32F4xx_StdPeriph_Driver\src\stm32f4xx_cryp_aes.c 0x00000000   Number         0  stm32f4xx_cryp_aes.o ABSOLUTE
    ..\..\Libraries\STM32F4xx_StdPeriph_Driver\src\stm32f4xx_cryp_des.c 0x00000000   Number         0  stm32f4xx_cryp_des.o ABSOLUTE
    ..\..\Libraries\STM32F4xx_StdPeriph_Driver\src\stm32f4xx_cryp_tdes.c 0x00000000   Number         0  stm32f4xx_cryp_tdes.o ABSOLUTE
    ..\..\Libraries\STM32F4xx_StdPeriph_Driver\src\stm32f4xx_dac.c 0x00000000   Number         0  stm32f4xx_dac.o ABSOLUTE
    ..\..\Libraries\STM32F4xx_StdPeriph_Driver\src\stm32f4xx_dbgmcu.c 0x00000000   Number         0  stm32f4xx_dbgmcu.o ABSOLUTE
    ..\..\Libraries\STM32F4xx_StdPeriph_Driver\src\stm32f4xx_dcmi.c 0x00000000   Number         0  stm32f4xx_dcmi.o ABSOLUTE
    ..\..\Libraries\STM32F4xx_StdPeriph_Driver\src\stm32f4xx_dma.c 0x00000000   Number         0  stm32f4xx_dma.o ABSOLUTE
    ..\..\Libraries\STM32F4xx_StdPeriph_Driver\src\stm32f4xx_dma2d.c 0x00000000   Number         0  stm32f4xx_dma2d.o ABSOLUTE
    ..\..\Libraries\STM32F4xx_StdPeriph_Driver\src\stm32f4xx_exti.c 0x00000000   Number         0  stm32f4xx_exti.o ABSOLUTE
    ..\..\Libraries\STM32F4xx_StdPeriph_Driver\src\stm32f4xx_flash.c 0x00000000   Number         0  stm32f4xx_flash.o ABSOLUTE
    ..\..\Libraries\STM32F4xx_StdPeriph_Driver\src\stm32f4xx_flash_ramfunc.c 0x00000000   Number         0  stm32f4xx_flash_ramfunc.o ABSOLUTE
    ..\..\Libraries\STM32F4xx_StdPeriph_Driver\src\stm32f4xx_fsmc.c 0x00000000   Number         0  stm32f4xx_fsmc.o ABSOLUTE
    ..\..\Libraries\STM32F4xx_StdPeriph_Driver\src\stm32f4xx_gpio.c 0x00000000   Number         0  stm32f4xx_gpio.o ABSOLUTE
    ..\..\Libraries\STM32F4xx_StdPeriph_Driver\src\stm32f4xx_hash.c 0x00000000   Number         0  stm32f4xx_hash.o ABSOLUTE
    ..\..\Libraries\STM32F4xx_StdPeriph_Driver\src\stm32f4xx_hash_md5.c 0x00000000   Number         0  stm32f4xx_hash_md5.o ABSOLUTE
    ..\..\Libraries\STM32F4xx_StdPeriph_Driver\src\stm32f4xx_hash_sha1.c 0x00000000   Number         0  stm32f4xx_hash_sha1.o ABSOLUTE
    ..\..\Libraries\STM32F4xx_StdPeriph_Driver\src\stm32f4xx_i2c.c 0x00000000   Number         0  stm32f4xx_i2c.o ABSOLUTE
    ..\..\Libraries\STM32F4xx_StdPeriph_Driver\src\stm32f4xx_iwdg.c 0x00000000   Number         0  stm32f4xx_iwdg.o ABSOLUTE
    ..\..\Libraries\STM32F4xx_StdPeriph_Driver\src\stm32f4xx_ltdc.c 0x00000000   Number         0  stm32f4xx_ltdc.o ABSOLUTE
    ..\..\Libraries\STM32F4xx_StdPeriph_Driver\src\stm32f4xx_pwr.c 0x00000000   Number         0  stm32f4xx_pwr.o ABSOLUTE
    ..\..\Libraries\STM32F4xx_StdPeriph_Driver\src\stm32f4xx_rcc.c 0x00000000   Number         0  stm32f4xx_rcc.o ABSOLUTE
    ..\..\Libraries\STM32F4xx_StdPeriph_Driver\src\stm32f4xx_rng.c 0x00000000   Number         0  stm32f4xx_rng.o ABSOLUTE
    ..\..\Libraries\STM32F4xx_StdPeriph_Driver\src\stm32f4xx_rtc.c 0x00000000   Number         0  stm32f4xx_rtc.o ABSOLUTE
    ..\..\Libraries\STM32F4xx_StdPeriph_Driver\src\stm32f4xx_sai.c 0x00000000   Number         0  stm32f4xx_sai.o ABSOLUTE
    ..\..\Libraries\STM32F4xx_StdPeriph_Driver\src\stm32f4xx_sdio.c 0x00000000   Number         0  stm32f4xx_sdio.o ABSOLUTE
    ..\..\Libraries\STM32F4xx_StdPeriph_Driver\src\stm32f4xx_spi.c 0x00000000   Number         0  stm32f4xx_spi.o ABSOLUTE
    ..\..\Libraries\STM32F4xx_StdPeriph_Driver\src\stm32f4xx_syscfg.c 0x00000000   Number         0  stm32f4xx_syscfg.o ABSOLUTE
    ..\..\Libraries\STM32F4xx_StdPeriph_Driver\src\stm32f4xx_tim.c 0x00000000   Number         0  stm32f4xx_tim.o ABSOLUTE
    ..\..\Libraries\STM32F4xx_StdPeriph_Driver\src\stm32f4xx_usart.c 0x00000000   Number         0  stm32f4xx_usart.o ABSOLUTE
    ..\..\Libraries\STM32F4xx_StdPeriph_Driver\src\stm32f4xx_wwdg.c 0x00000000   Number         0  stm32f4xx_wwdg.o ABSOLUTE
    ..\..\User\buzzer\buzzer.c               0x00000000   Number         0  buzzer.o ABSOLUTE
    ..\..\User\delay\delay.c                 0x00000000   Number         0  delay.o ABSOLUTE
    ..\..\User\driver\driver.c               0x00000000   Number         0  driver.o ABSOLUTE
    ..\..\User\encode\encode.c               0x00000000   Number         0  encode.o ABSOLUTE
    ..\..\User\filter\filter.c               0x00000000   Number         0  filter.o ABSOLUTE
    ..\..\User\ir\ir.c                       0x00000000   Number         0  ir.o ABSOLUTE
    ..\..\User\led\led.c                     0x00000000   Number         0  led.o ABSOLUTE
    ..\..\User\main.c                        0x00000000   Number         0  main.o ABSOLUTE
    ..\..\User\mathx\mathx.c                 0x00000000   Number         0  mathx.o ABSOLUTE
    ..\..\User\motor\motor.c                 0x00000000   Number         0  motor.o ABSOLUTE
    ..\..\User\mpu9250\mpu9250.c             0x00000000   Number         0  mpu9250.o ABSOLUTE
    ..\..\User\pid\pid.c                     0x00000000   Number         0  pid.o ABSOLUTE
    ..\..\User\stm32f4xx_it.c                0x00000000   Number         0  stm32f4xx_it.o ABSOLUTE
    ..\..\User\sysc\sysc.c                   0x00000000   Number         0  sysc.o ABSOLUTE
    ..\..\User\uart\uart.c                   0x00000000   Number         0  uart.o ABSOLUTE
    ..\FastMathFunctions\arm_cos_f32.c       0x00000000   Number         0  arm_cos_f32.o ABSOLUTE
    ..\\..\\Libraries\\CMSIS\\Device\\ST\\STM32F4xx\\Source\\Templates\\system_stm32f4xx.c 0x00000000   Number         0  system_stm32f4xx.o ABSOLUTE
    ..\\..\\Libraries\\STM32F4xx_StdPeriph_Driver\\src\\misc.c 0x00000000   Number         0  misc.o ABSOLUTE
    ..\\..\\Libraries\\STM32F4xx_StdPeriph_Driver\\src\\stm32f4xx_adc.c 0x00000000   Number         0  stm32f4xx_adc.o ABSOLUTE
    ..\\..\\Libraries\\STM32F4xx_StdPeriph_Driver\\src\\stm32f4xx_can.c 0x00000000   Number         0  stm32f4xx_can.o ABSOLUTE
    ..\\..\\Libraries\\STM32F4xx_StdPeriph_Driver\\src\\stm32f4xx_crc.c 0x00000000   Number         0  stm32f4xx_crc.o ABSOLUTE
    ..\\..\\Libraries\\STM32F4xx_StdPeriph_Driver\\src\\stm32f4xx_cryp.c 0x00000000   Number         0  stm32f4xx_cryp.o ABSOLUTE
    ..\\..\\Libraries\\STM32F4xx_StdPeriph_Driver\\src\\stm32f4xx_cryp_aes.c 0x00000000   Number         0  stm32f4xx_cryp_aes.o ABSOLUTE
    ..\\..\\Libraries\\STM32F4xx_StdPeriph_Driver\\src\\stm32f4xx_cryp_des.c 0x00000000   Number         0  stm32f4xx_cryp_des.o ABSOLUTE
    ..\\..\\Libraries\\STM32F4xx_StdPeriph_Driver\\src\\stm32f4xx_cryp_tdes.c 0x00000000   Number         0  stm32f4xx_cryp_tdes.o ABSOLUTE
    ..\\..\\Libraries\\STM32F4xx_StdPeriph_Driver\\src\\stm32f4xx_dac.c 0x00000000   Number         0  stm32f4xx_dac.o ABSOLUTE
    ..\\..\\Libraries\\STM32F4xx_StdPeriph_Driver\\src\\stm32f4xx_dbgmcu.c 0x00000000   Number         0  stm32f4xx_dbgmcu.o ABSOLUTE
    ..\\..\\Libraries\\STM32F4xx_StdPeriph_Driver\\src\\stm32f4xx_dcmi.c 0x00000000   Number         0  stm32f4xx_dcmi.o ABSOLUTE
    ..\\..\\Libraries\\STM32F4xx_StdPeriph_Driver\\src\\stm32f4xx_dma.c 0x00000000   Number         0  stm32f4xx_dma.o ABSOLUTE
    ..\\..\\Libraries\\STM32F4xx_StdPeriph_Driver\\src\\stm32f4xx_dma2d.c 0x00000000   Number         0  stm32f4xx_dma2d.o ABSOLUTE
    ..\\..\\Libraries\\STM32F4xx_StdPeriph_Driver\\src\\stm32f4xx_exti.c 0x00000000   Number         0  stm32f4xx_exti.o ABSOLUTE
    ..\\..\\Libraries\\STM32F4xx_StdPeriph_Driver\\src\\stm32f4xx_flash.c 0x00000000   Number         0  stm32f4xx_flash.o ABSOLUTE
    ..\\..\\Libraries\\STM32F4xx_StdPeriph_Driver\\src\\stm32f4xx_flash_ramfunc.c 0x00000000   Number         0  stm32f4xx_flash_ramfunc.o ABSOLUTE
    ..\\..\\Libraries\\STM32F4xx_StdPeriph_Driver\\src\\stm32f4xx_fsmc.c 0x00000000   Number         0  stm32f4xx_fsmc.o ABSOLUTE
    ..\\..\\Libraries\\STM32F4xx_StdPeriph_Driver\\src\\stm32f4xx_gpio.c 0x00000000   Number         0  stm32f4xx_gpio.o ABSOLUTE
    ..\\..\\Libraries\\STM32F4xx_StdPeriph_Driver\\src\\stm32f4xx_hash.c 0x00000000   Number         0  stm32f4xx_hash.o ABSOLUTE
    ..\\..\\Libraries\\STM32F4xx_StdPeriph_Driver\\src\\stm32f4xx_hash_md5.c 0x00000000   Number         0  stm32f4xx_hash_md5.o ABSOLUTE
    ..\\..\\Libraries\\STM32F4xx_StdPeriph_Driver\\src\\stm32f4xx_hash_sha1.c 0x00000000   Number         0  stm32f4xx_hash_sha1.o ABSOLUTE
    ..\\..\\Libraries\\STM32F4xx_StdPeriph_Driver\\src\\stm32f4xx_i2c.c 0x00000000   Number         0  stm32f4xx_i2c.o ABSOLUTE
    ..\\..\\Libraries\\STM32F4xx_StdPeriph_Driver\\src\\stm32f4xx_iwdg.c 0x00000000   Number         0  stm32f4xx_iwdg.o ABSOLUTE
    ..\\..\\Libraries\\STM32F4xx_StdPeriph_Driver\\src\\stm32f4xx_ltdc.c 0x00000000   Number         0  stm32f4xx_ltdc.o ABSOLUTE
    ..\\..\\Libraries\\STM32F4xx_StdPeriph_Driver\\src\\stm32f4xx_pwr.c 0x00000000   Number         0  stm32f4xx_pwr.o ABSOLUTE
    ..\\..\\Libraries\\STM32F4xx_StdPeriph_Driver\\src\\stm32f4xx_rcc.c 0x00000000   Number         0  stm32f4xx_rcc.o ABSOLUTE
    ..\\..\\Libraries\\STM32F4xx_StdPeriph_Driver\\src\\stm32f4xx_rng.c 0x00000000   Number         0  stm32f4xx_rng.o ABSOLUTE
    ..\\..\\Libraries\\STM32F4xx_StdPeriph_Driver\\src\\stm32f4xx_rtc.c 0x00000000   Number         0  stm32f4xx_rtc.o ABSOLUTE
    ..\\..\\Libraries\\STM32F4xx_StdPeriph_Driver\\src\\stm32f4xx_sai.c 0x00000000   Number         0  stm32f4xx_sai.o ABSOLUTE
    ..\\..\\Libraries\\STM32F4xx_StdPeriph_Driver\\src\\stm32f4xx_sdio.c 0x00000000   Number         0  stm32f4xx_sdio.o ABSOLUTE
    ..\\..\\Libraries\\STM32F4xx_StdPeriph_Driver\\src\\stm32f4xx_spi.c 0x00000000   Number         0  stm32f4xx_spi.o ABSOLUTE
    ..\\..\\Libraries\\STM32F4xx_StdPeriph_Driver\\src\\stm32f4xx_syscfg.c 0x00000000   Number         0  stm32f4xx_syscfg.o ABSOLUTE
    ..\\..\\Libraries\\STM32F4xx_StdPeriph_Driver\\src\\stm32f4xx_tim.c 0x00000000   Number         0  stm32f4xx_tim.o ABSOLUTE
    ..\\..\\Libraries\\STM32F4xx_StdPeriph_Driver\\src\\stm32f4xx_usart.c 0x00000000   Number         0  stm32f4xx_usart.o ABSOLUTE
    ..\\..\\Libraries\\STM32F4xx_StdPeriph_Driver\\src\\stm32f4xx_wwdg.c 0x00000000   Number         0  stm32f4xx_wwdg.o ABSOLUTE
    ..\\..\\User\\buzzer\\buzzer.c           0x00000000   Number         0  buzzer.o ABSOLUTE
    ..\\..\\User\\delay\\delay.c             0x00000000   Number         0  delay.o ABSOLUTE
    ..\\..\\User\\driver\\driver.c           0x00000000   Number         0  driver.o ABSOLUTE
    ..\\..\\User\\encode\\encode.c           0x00000000   Number         0  encode.o ABSOLUTE
    ..\\..\\User\\filter\\filter.c           0x00000000   Number         0  filter.o ABSOLUTE
    ..\\..\\User\\ir\\ir.c                   0x00000000   Number         0  ir.o ABSOLUTE
    ..\\..\\User\\led\\led.c                 0x00000000   Number         0  led.o ABSOLUTE
    ..\\..\\User\\main.c                     0x00000000   Number         0  main.o ABSOLUTE
    ..\\..\\User\\mathx\\mathx.c             0x00000000   Number         0  mathx.o ABSOLUTE
    ..\\..\\User\\motor\\motor.c             0x00000000   Number         0  motor.o ABSOLUTE
    ..\\..\\User\\mpu9250\\mpu9250.c         0x00000000   Number         0  mpu9250.o ABSOLUTE
    ..\\..\\User\\pid\\pid.c                 0x00000000   Number         0  pid.o ABSOLUTE
    ..\\..\\User\\stm32f4xx_it.c             0x00000000   Number         0  stm32f4xx_it.o ABSOLUTE
    ..\\..\\User\\sysc\\sysc.c               0x00000000   Number         0  sysc.o ABSOLUTE
    ..\\..\\User\\uart\\uart.c               0x00000000   Number         0  uart.o ABSOLUTE
    ..\\FastMathFunctions\\arm_cos_f32.c     0x00000000   Number         0  arm_cos_f32.o ABSOLUTE
    cdrcmple.s                               0x00000000   Number         0  cdrcmple.o ABSOLUTE
    dc.s                                     0x00000000   Number         0  dc.o ABSOLUTE
    handlers.s                               0x00000000   Number         0  handlers.o ABSOLUTE
    init.s                                   0x00000000   Number         0  init.o ABSOLUTE
    RESET                                    0x08000000   Section      392  startup_stm32f40_41xxx.o(RESET)
    .ARM.Collect$$$$00000000                 0x08000188   Section        0  entry.o(.ARM.Collect$$$$00000000)
    .ARM.Collect$$$$00000001                 0x08000188   Section        4  entry2.o(.ARM.Collect$$$$00000001)
    .ARM.Collect$$$$00000004                 0x0800018c   Section        4  entry5.o(.ARM.Collect$$$$00000004)
    .ARM.Collect$$$$00000008                 0x08000190   Section        0  entry7b.o(.ARM.Collect$$$$00000008)
    .ARM.Collect$$$$0000000A                 0x08000190   Section        0  entry8b.o(.ARM.Collect$$$$0000000A)
    .ARM.Collect$$$$0000000B                 0x08000190   Section        8  entry9a.o(.ARM.Collect$$$$0000000B)
    .ARM.Collect$$$$0000000D                 0x08000198   Section        0  entry10a.o(.ARM.Collect$$$$0000000D)
    .ARM.Collect$$$$0000000F                 0x08000198   Section        0  entry11a.o(.ARM.Collect$$$$0000000F)
    .ARM.Collect$$$$00002712                 0x08000198   Section        4  entry2.o(.ARM.Collect$$$$00002712)
    __lit__00000000                          0x08000198   Data           4  entry2.o(.ARM.Collect$$$$00002712)
    .text                                    0x0800019c   Section       36  startup_stm32f40_41xxx.o(.text)
    $v0                                      0x0800019c   Number         0  startup_stm32f40_41xxx.o(.text)
    .text                                    0x080001c0   Section        0  arm_cos_f32.o(.text)
    .text                                    0x08000298   Section       36  init.o(.text)
    .text                                    0x08000298   Section        0  iusefp.o(.text)
    i.ADC_Cmd                                0x080002bc   Section        0  stm32f4xx_adc.o(i.ADC_Cmd)
    i.ADC_CommonInit                         0x080002d0   Section        0  stm32f4xx_adc.o(i.ADC_CommonInit)
    i.ADC_DMACmd                             0x080002fc   Section        0  stm32f4xx_adc.o(i.ADC_DMACmd)
    i.ADC_DMARequestAfterLastTransferCmd     0x08000310   Section        0  stm32f4xx_adc.o(i.ADC_DMARequestAfterLastTransferCmd)
    i.ADC_Init                               0x08000324   Section        0  stm32f4xx_adc.o(i.ADC_Init)
    i.ADC_RegularChannelConfig               0x08000370   Section        0  stm32f4xx_adc.o(i.ADC_RegularChannelConfig)
    i.ADC_SoftwareStartConv                  0x080003e4   Section        0  stm32f4xx_adc.o(i.ADC_SoftwareStartConv)
    i.BusFault_Handler                       0x080003ee   Section        0  stm32f4xx_it.o(i.BusFault_Handler)
    i.Buzzer_Init                            0x080003f4   Section        0  buzzer.o(i.Buzzer_Init)
    i.Buzzer_MODE_Config                     0x08000440   Section        0  buzzer.o(i.Buzzer_MODE_Config)
    Buzzer_MODE_Config                       0x08000441   Thumb Code   148  buzzer.o(i.Buzzer_MODE_Config)
    i.DMA_Cmd                                0x080004d8   Section        0  stm32f4xx_dma.o(i.DMA_Cmd)
    i.DMA_Init                               0x080004ec   Section        0  stm32f4xx_dma.o(i.DMA_Init)
    i.DebugMon_Handler                       0x08000540   Section        0  stm32f4xx_it.o(i.DebugMon_Handler)
    i.Encode_GPIO_Init                       0x08000544   Section        0  encode.o(i.Encode_GPIO_Init)
    Encode_GPIO_Init                         0x08000545   Thumb Code   128  encode.o(i.Encode_GPIO_Init)
    i.Encode_Init                            0x080005cc   Section        0  encode.o(i.Encode_Init)
    i.Encode_Mode_Init                       0x080005d8   Section        0  encode.o(i.Encode_Mode_Init)
    Encode_Mode_Init                         0x080005d9   Thumb Code   170  encode.o(i.Encode_Mode_Init)
    i.Encode_Velocity_Get                    0x0800068c   Section        0  encode.o(i.Encode_Velocity_Get)
    i.GPIO_Init                              0x08000770   Section        0  stm32f4xx_gpio.o(i.GPIO_Init)
    i.GPIO_PinAFConfig                       0x080007e8   Section        0  stm32f4xx_gpio.o(i.GPIO_PinAFConfig)
    i.GPIO_ReadInputDataBit                  0x08000808   Section        0  stm32f4xx_gpio.o(i.GPIO_ReadInputDataBit)
    i.HardFault_Handler                      0x08000816   Section        0  stm32f4xx_it.o(i.HardFault_Handler)
    i.IMU_DataUp                             0x0800081c   Section        0  mpu9250.o(i.IMU_DataUp)
    i.IR_ADC_Dataup                          0x08000864   Section        0  ir.o(i.IR_ADC_Dataup)
    i.IR_ADC_GPIO_Config                     0x0800088c   Section        0  ir.o(i.IR_ADC_GPIO_Config)
    IR_ADC_GPIO_Config                       0x0800088d   Thumb Code    96  ir.o(i.IR_ADC_GPIO_Config)
    i.IR_ADC_GetData                         0x080008f4   Section        0  ir.o(i.IR_ADC_GetData)
    i.IR_ADC_Init                            0x080009a4   Section        0  ir.o(i.IR_ADC_Init)
    i.IR_ADC_Mode_Config                     0x080009b4   Section        0  ir.o(i.IR_ADC_Mode_Config)
    IR_ADC_Mode_Config                       0x080009b5   Thumb Code   324  ir.o(i.IR_ADC_Mode_Config)
    i.IR_Out_GPIO_Config                     0x08000b0c   Section        0  ir.o(i.IR_Out_GPIO_Config)
    i.LED_Init                               0x08000b64   Section        0  led.o(i.LED_Init)
    i.LPF2p_SetCutoffFreq                    0x08000c0c   Section        0  filter.o(i.LPF2p_SetCutoffFreq)
    i.MPU9250_I2C_Delay                      0x08000cf8   Section        0  mpu9250.o(i.MPU9250_I2C_Delay)
    MPU9250_I2C_Delay                        0x08000cf9   Thumb Code    12  mpu9250.o(i.MPU9250_I2C_Delay)
    i.MPU9250_I2C_Read                       0x08000d04   Section        0  mpu9250.o(i.MPU9250_I2C_Read)
    MPU9250_I2C_Read                         0x08000d05   Thumb Code    70  mpu9250.o(i.MPU9250_I2C_Read)
    i.MPU9250_I2C_Read_Byte                  0x08000d54   Section        0  mpu9250.o(i.MPU9250_I2C_Read_Byte)
    i.MPU9250_I2C_Read_Wait_Ask              0x08000db8   Section        0  mpu9250.o(i.MPU9250_I2C_Read_Wait_Ask)
    i.MPU9250_I2C_Read_Word                  0x08000ddc   Section        0  mpu9250.o(i.MPU9250_I2C_Read_Word)
    i.MPU9250_I2C_Send_Byte                  0x08000e94   Section        0  mpu9250.o(i.MPU9250_I2C_Send_Byte)
    i.MPU9250_I2C_Send_Disask                0x08000ee8   Section        0  mpu9250.o(i.MPU9250_I2C_Send_Disask)
    MPU9250_I2C_Send_Disask                  0x08000ee9   Thumb Code    34  mpu9250.o(i.MPU9250_I2C_Send_Disask)
    i.MPU9250_I2C_Start                      0x08000f14   Section        0  mpu9250.o(i.MPU9250_I2C_Start)
    MPU9250_I2C_Start                        0x08000f15   Thumb Code    44  mpu9250.o(i.MPU9250_I2C_Start)
    i.MPU9250_I2C_Stop                       0x08000f48   Section        0  mpu9250.o(i.MPU9250_I2C_Stop)
    MPU9250_I2C_Stop                         0x08000f49   Thumb Code    38  mpu9250.o(i.MPU9250_I2C_Stop)
    i.MPU9250_I2C_Wait_Ask                   0x08000f78   Section        0  mpu9250.o(i.MPU9250_I2C_Wait_Ask)
    MPU9250_I2C_Wait_Ask                     0x08000f79   Thumb Code    54  mpu9250.o(i.MPU9250_I2C_Wait_Ask)
    i.MPU9250_I2C_Write                      0x08000fb8   Section        0  mpu9250.o(i.MPU9250_I2C_Write)
    MPU9250_I2C_Write                        0x08000fb9   Thumb Code    76  mpu9250.o(i.MPU9250_I2C_Write)
    i.MPU9250_Mode_DataUp                    0x0800100c   Section        0  mpu9250.o(i.MPU9250_Mode_DataUp)
    i.MPU9250_Mode_Init                      0x08001078   Section        0  mpu9250.o(i.MPU9250_Mode_Init)
    i.MPU9250_Mode_LPD2p_Set_Cutoff          0x08001164   Section        0  mpu9250.o(i.MPU9250_Mode_LPD2p_Set_Cutoff)
    i.MPU9250_Mode_MeCheck                   0x080011e4   Section        0  mpu9250.o(i.MPU9250_Mode_MeCheck)
    i.MPU9250_Mode_Read_Acc                  0x0800130c   Section        0  mpu9250.o(i.MPU9250_Mode_Read_Acc)
    i.MPU9250_Mode_Read_Gyro                 0x08001348   Section        0  mpu9250.o(i.MPU9250_Mode_Read_Gyro)
    i.MemManage_Handler                      0x08001384   Section        0  stm32f4xx_it.o(i.MemManage_Handler)
    i.Modo_DataUp                            0x08001388   Section        0  driver.o(i.Modo_DataUp)
    i.Motor_GPIO_Config                      0x08001474   Section        0  motor.o(i.Motor_GPIO_Config)
    Motor_GPIO_Config                        0x08001475   Thumb Code   122  motor.o(i.Motor_GPIO_Config)
    i.Motor_Init                             0x080014f4   Section        0  motor.o(i.Motor_Init)
    i.Motor_MODE_Config                      0x08001500   Section        0  motor.o(i.Motor_MODE_Config)
    Motor_MODE_Config                        0x08001501   Thumb Code   168  motor.o(i.Motor_MODE_Config)
    i.Motor_Pwm_Flash                        0x080015ac   Section        0  motor.o(i.Motor_Pwm_Flash)
    i.NMI_Handler                            0x08001608   Section        0  stm32f4xx_it.o(i.NMI_Handler)
    i.NVIC_Configuration                     0x0800160a   Section        0  uart.o(i.NVIC_Configuration)
    NVIC_Configuration                       0x0800160b   Thumb Code    38  uart.o(i.NVIC_Configuration)
    i.NVIC_Init                              0x08001630   Section        0  misc.o(i.NVIC_Init)
    i.NVIC_PriorityGroupConfig               0x08001694   Section        0  misc.o(i.NVIC_PriorityGroupConfig)
    i.PID_Angle_UpData                       0x080016a8   Section        0  pid.o(i.PID_Angle_UpData)
    i.PID_DataUp                             0x080016d8   Section        0  pid.o(i.PID_DataUp)
    i.PID_Parameter_Config                   0x08001794   Section        0  pid.o(i.PID_Parameter_Config)
    i.PID_Parameter_Init                     0x080017d8   Section        0  pid.o(i.PID_Parameter_Init)
    i.PID_Rage_DataUp                        0x0800182c   Section        0  pid.o(i.PID_Rage_DataUp)
    i.PendSV_Handler                         0x0800186c   Section        0  stm32f4xx_it.o(i.PendSV_Handler)
    i.RCC_AHB1PeriphClockCmd                 0x08001870   Section        0  stm32f4xx_rcc.o(i.RCC_AHB1PeriphClockCmd)
    i.RCC_APB1PeriphClockCmd                 0x08001890   Section        0  stm32f4xx_rcc.o(i.RCC_APB1PeriphClockCmd)
    i.RCC_APB1PeriphResetCmd                 0x080018b0   Section        0  stm32f4xx_rcc.o(i.RCC_APB1PeriphResetCmd)
    i.RCC_APB2PeriphClockCmd                 0x080018d0   Section        0  stm32f4xx_rcc.o(i.RCC_APB2PeriphClockCmd)
    i.RCC_APB2PeriphResetCmd                 0x080018f0   Section        0  stm32f4xx_rcc.o(i.RCC_APB2PeriphResetCmd)
    i.RCC_GetClocksFreq                      0x08001910   Section        0  stm32f4xx_rcc.o(i.RCC_GetClocksFreq)
    i.RC_Time                                0x080019f8   Section        0  sysc.o(i.RC_Time)
    i.Ready_Start_Mode                       0x08001a5c   Section        0  driver.o(i.Ready_Start_Mode)
    i.SVC_Handler                            0x08001b08   Section        0  stm32f4xx_it.o(i.SVC_Handler)
    i.SYS_Time                               0x08001b0a   Section        0  sysc.o(i.SYS_Time)
    i.SetSysClock                            0x08001b48   Section        0  system_stm32f4xx.o(i.SetSysClock)
    SetSysClock                              0x08001b49   Thumb Code   162  system_stm32f4xx.o(i.SetSysClock)
    i.SysTick_Handler                        0x08001bfc   Section        0  stm32f4xx_it.o(i.SysTick_Handler)
    i.SystemInit                             0x08001c00   Section        0  system_stm32f4xx.o(i.SystemInit)
    i.TI1_Config                             0x08001c5c   Section        0  stm32f4xx_tim.o(i.TI1_Config)
    TI1_Config                               0x08001c5d   Thumb Code    58  stm32f4xx_tim.o(i.TI1_Config)
    i.TI2_Config                             0x08001c96   Section        0  stm32f4xx_tim.o(i.TI2_Config)
    TI2_Config                               0x08001c97   Thumb Code    80  stm32f4xx_tim.o(i.TI2_Config)
    i.TI3_Config                             0x08001ce6   Section        0  stm32f4xx_tim.o(i.TI3_Config)
    TI3_Config                               0x08001ce7   Thumb Code    72  stm32f4xx_tim.o(i.TI3_Config)
    i.TI4_Config                             0x08001d2e   Section        0  stm32f4xx_tim.o(i.TI4_Config)
    TI4_Config                               0x08001d2f   Thumb Code    80  stm32f4xx_tim.o(i.TI4_Config)
    i.TIM8_BRK_TIM12_IRQHandler              0x08001d80   Section        0  sysc.o(i.TIM8_BRK_TIM12_IRQHandler)
    i.TIM_ClearFlag                          0x08001db0   Section        0  stm32f4xx_tim.o(i.TIM_ClearFlag)
    i.TIM_ClearITPendingBit                  0x08001db6   Section        0  stm32f4xx_tim.o(i.TIM_ClearITPendingBit)
    i.TIM_Cmd                                0x08001dbc   Section        0  stm32f4xx_tim.o(i.TIM_Cmd)
    i.TIM_CtrlPWMOutputs                     0x08001dd4   Section        0  stm32f4xx_tim.o(i.TIM_CtrlPWMOutputs)
    i.TIM_DeInit                             0x08001df4   Section        0  stm32f4xx_tim.o(i.TIM_DeInit)
    i.TIM_EncoderInterfaceConfig             0x08001f84   Section        0  stm32f4xx_tim.o(i.TIM_EncoderInterfaceConfig)
    i.TIM_GetCounter                         0x08001fc6   Section        0  stm32f4xx_tim.o(i.TIM_GetCounter)
    i.TIM_GetITStatus                        0x08001fcc   Section        0  stm32f4xx_tim.o(i.TIM_GetITStatus)
    i.TIM_ICInit                             0x08001fee   Section        0  stm32f4xx_tim.o(i.TIM_ICInit)
    i.TIM_ICStructInit                       0x0800205c   Section        0  stm32f4xx_tim.o(i.TIM_ICStructInit)
    i.TIM_ITConfig                           0x0800206e   Section        0  stm32f4xx_tim.o(i.TIM_ITConfig)
    i.TIM_OC1Init                            0x08002080   Section        0  stm32f4xx_tim.o(i.TIM_OC1Init)
    i.TIM_OC1PreloadConfig                   0x080020fc   Section        0  stm32f4xx_tim.o(i.TIM_OC1PreloadConfig)
    i.TIM_OC2Init                            0x08002110   Section        0  stm32f4xx_tim.o(i.TIM_OC2Init)
    i.TIM_OC2PreloadConfig                   0x080021b4   Section        0  stm32f4xx_tim.o(i.TIM_OC2PreloadConfig)
    i.TIM_OC3Init                            0x080021d0   Section        0  stm32f4xx_tim.o(i.TIM_OC3Init)
    i.TIM_OC3PreloadConfig                   0x08002270   Section        0  stm32f4xx_tim.o(i.TIM_OC3PreloadConfig)
    i.TIM_OC4Init                            0x08002284   Section        0  stm32f4xx_tim.o(i.TIM_OC4Init)
    i.TIM_OC4PreloadConfig                   0x080022fc   Section        0  stm32f4xx_tim.o(i.TIM_OC4PreloadConfig)
    i.TIM_SetCounter                         0x08002316   Section        0  stm32f4xx_tim.o(i.TIM_SetCounter)
    i.TIM_SetIC1Prescaler                    0x0800231a   Section        0  stm32f4xx_tim.o(i.TIM_SetIC1Prescaler)
    i.TIM_SetIC2Prescaler                    0x0800232c   Section        0  stm32f4xx_tim.o(i.TIM_SetIC2Prescaler)
    i.TIM_SetIC3Prescaler                    0x08002346   Section        0  stm32f4xx_tim.o(i.TIM_SetIC3Prescaler)
    i.TIM_SetIC4Prescaler                    0x08002358   Section        0  stm32f4xx_tim.o(i.TIM_SetIC4Prescaler)
    i.TIM_TimeBaseInit                       0x08002374   Section        0  stm32f4xx_tim.o(i.TIM_TimeBaseInit)
    i.TIM_TimeBaseStructInit                 0x080023f8   Section        0  stm32f4xx_tim.o(i.TIM_TimeBaseStructInit)
    i.Test_Dt                                0x0800240a   Section        0  sysc.o(i.Test_Dt)
    i.UART_Config                            0x08002420   Section        0  uart.o(i.UART_Config)
    i.USART_Cmd                              0x080024c8   Section        0  stm32f4xx_usart.o(i.USART_Cmd)
    i.USART_GetFlagStatus                    0x080024e0   Section        0  stm32f4xx_usart.o(i.USART_GetFlagStatus)
    i.USART_ITConfig                         0x080024fa   Section        0  stm32f4xx_usart.o(i.USART_ITConfig)
    i.USART_Init                             0x08002544   Section        0  stm32f4xx_usart.o(i.USART_Init)
    i.USART_SendData                         0x08002618   Section        0  stm32f4xx_usart.o(i.USART_SendData)
    i.UsageFault_Handler                     0x08002620   Section        0  stm32f4xx_it.o(i.UsageFault_Handler)
    i.__0printf$bare                         0x08002624   Section        0  printfb.o(i.__0printf$bare)
    i.__ARM_fpclassifyf                      0x08002634   Section        0  fpclassifyf.o(i.__ARM_fpclassifyf)
    i.__hardfp_tanf                          0x0800265c   Section        0  tanf.o(i.__hardfp_tanf)
    i.__mathlib_flt_underflow                0x080027d4   Section        0  funder.o(i.__mathlib_flt_underflow)
    i.__mathlib_rredf2                       0x080027e4   Section        0  rredf.o(i.__mathlib_rredf2)
    i.__scatterload_copy                     0x08002924   Section       14  handlers.o(i.__scatterload_copy)
    i.__scatterload_null                     0x08002932   Section        2  handlers.o(i.__scatterload_null)
    i.__scatterload_zeroinit                 0x08002934   Section       14  handlers.o(i.__scatterload_zeroinit)
    i.__set_errno                            0x08002944   Section        0  errno.o(i.__set_errno)
    i._printf_core                           0x08002950   Section        0  printfb.o(i._printf_core)
    _printf_core                             0x08002951   Thumb Code    34  printfb.o(i._printf_core)
    i.delay_ms                               0x08002972   Section        0  delay.o(i.delay_ms)
    i.fputc                                  0x0800298c   Section        0  uart.o(i.fputc)
    i.main                                   0x080029b0   Section        0  main.o(i.main)
    .constdata                               0x08002b78   Section     1040  arm_cos_f32.o(.constdata)
    cosTable                                 0x08002b78   Data        1040  arm_cos_f32.o(.constdata)
    .constdata                               0x08002f88   Section       32  rredf.o(.constdata)
    twooverpi                                0x08002f88   Data          32  rredf.o(.constdata)
    .data                                    0x20000000   Section       16  stm32f4xx_rcc.o(.data)
    APBAHBPrescTable                         0x20000000   Data          16  stm32f4xx_rcc.o(.data)
    .data                                    0x20000010   Section        4  main.o(.data)
    .data                                    0x20000014   Section       32  encode.o(.data)
    .data                                    0x20000034   Section        2  sysc.o(.data)
    .data                                    0x20000036   Section        2  sysc.o(.data)
    .data                                    0x20000038   Section        2  sysc.o(.data)
    .data                                    0x2000003a   Section        2  sysc.o(.data)
    .data                                    0x2000003c   Section        4  sysc.o(.data)
    .data                                    0x20000040   Section       64  ir.o(.data)
    .data                                    0x20000080   Section       16  driver.o(.data)
    .data                                    0x20000090   Section       16  mpu9250.o(.data)
    .data                                    0x200000a0   Section       36  pid.o(.data)
    .data                                    0x200000c4   Section        4  stdout.o(.data)
    .data                                    0x200000c8   Section        4  errno.o(.data)
    _errno                                   0x200000c8   Data           4  errno.o(.data)
    .bss                                     0x200000cc   Section      600  ir.o(.bss)
    .bss                                     0x20000324   Section      312  mpu9250.o(.bss)
    LPF_Acc_X                                0x20000324   Data          32  mpu9250.o(.bss)
    LPF_Acc_Y                                0x20000344   Data          32  mpu9250.o(.bss)
    LPF_Acc_Z                                0x20000364   Data          32  mpu9250.o(.bss)
    LPF_Gyro_X                               0x20000384   Data          32  mpu9250.o(.bss)
    LPF_Gyro_Y                               0x200003a4   Data          32  mpu9250.o(.bss)
    LPF_Gyro_Z                               0x200003c4   Data          32  mpu9250.o(.bss)
    .bss                                     0x2000045c   Section      112  pid.o(.bss)
    STACK                                    0x200004d0   Section    33792  startup_stm32f40_41xxx.o(STACK)

    Global Symbols

    Symbol Name                              Value     Ov Type        Size  Object(Section)

    BuildAttributes$$THM_ISAv4$E$P$D$K$B$S$7EM$VFPi3$EXTD16$VFPS$VFMA$PE$A:L22UL41UL21$X:L11$S22US41US21$IEEE1$IW$USESV6$~STKCKD$USESV7$~SHL$OTIME$ROPI$IEEEX$EBA8$MICROLIB$REQ8$PRES8$EABIv2 0x00000000   Number         0  anon$$obj.o ABSOLUTE
    __ARM_use_no_argv                        0x00000000   Number         0  main.o ABSOLUTE
    __cpp_initialize__aeabi_                  - Undefined Weak Reference
    __cxa_finalize                            - Undefined Weak Reference
    __decompress                              - Undefined Weak Reference
    _clock_init                               - Undefined Weak Reference
    _microlib_exit                            - Undefined Weak Reference
    __Vectors_Size                           0x00000188   Number         0  startup_stm32f40_41xxx.o ABSOLUTE
    __Vectors                                0x08000000   Data           4  startup_stm32f40_41xxx.o(RESET)
    __Vectors_End                            0x08000188   Data           0  startup_stm32f40_41xxx.o(RESET)
    __main                                   0x08000189   Thumb Code     0  entry.o(.ARM.Collect$$$$00000000)
    _main_stk                                0x08000189   Thumb Code     0  entry2.o(.ARM.Collect$$$$00000001)
    _main_scatterload                        0x0800018d   Thumb Code     0  entry5.o(.ARM.Collect$$$$00000004)
    __main_after_scatterload                 0x08000191   Thumb Code     0  entry5.o(.ARM.Collect$$$$00000004)
    _main_clock                              0x08000191   Thumb Code     0  entry7b.o(.ARM.Collect$$$$00000008)
    _main_cpp_init                           0x08000191   Thumb Code     0  entry8b.o(.ARM.Collect$$$$0000000A)
    _main_init                               0x08000191   Thumb Code     0  entry9a.o(.ARM.Collect$$$$0000000B)
    __rt_final_cpp                           0x08000199   Thumb Code     0  entry10a.o(.ARM.Collect$$$$0000000D)
    __rt_final_exit                          0x08000199   Thumb Code     0  entry11a.o(.ARM.Collect$$$$0000000F)
    Reset_Handler                            0x0800019d   Thumb Code     8  startup_stm32f40_41xxx.o(.text)
    ADC_IRQHandler                           0x080001b7   Thumb Code     0  startup_stm32f40_41xxx.o(.text)
    CAN1_RX0_IRQHandler                      0x080001b7   Thumb Code     0  startup_stm32f40_41xxx.o(.text)
    CAN1_RX1_IRQHandler                      0x080001b7   Thumb Code     0  startup_stm32f40_41xxx.o(.text)
    CAN1_SCE_IRQHandler                      0x080001b7   Thumb Code     0  startup_stm32f40_41xxx.o(.text)
    CAN1_TX_IRQHandler                       0x080001b7   Thumb Code     0  startup_stm32f40_41xxx.o(.text)
    CAN2_RX0_IRQHandler                      0x080001b7   Thumb Code     0  startup_stm32f40_41xxx.o(.text)
    CAN2_RX1_IRQHandler                      0x080001b7   Thumb Code     0  startup_stm32f40_41xxx.o(.text)
    CAN2_SCE_IRQHandler                      0x080001b7   Thumb Code     0  startup_stm32f40_41xxx.o(.text)
    CAN2_TX_IRQHandler                       0x080001b7   Thumb Code     0  startup_stm32f40_41xxx.o(.text)
    CRYP_IRQHandler                          0x080001b7   Thumb Code     0  startup_stm32f40_41xxx.o(.text)
    DCMI_IRQHandler                          0x080001b7   Thumb Code     0  startup_stm32f40_41xxx.o(.text)
    DMA1_Stream0_IRQHandler                  0x080001b7   Thumb Code     0  startup_stm32f40_41xxx.o(.text)
    DMA1_Stream1_IRQHandler                  0x080001b7   Thumb Code     0  startup_stm32f40_41xxx.o(.text)
    DMA1_Stream2_IRQHandler                  0x080001b7   Thumb Code     0  startup_stm32f40_41xxx.o(.text)
    DMA1_Stream3_IRQHandler                  0x080001b7   Thumb Code     0  startup_stm32f40_41xxx.o(.text)
    DMA1_Stream4_IRQHandler                  0x080001b7   Thumb Code     0  startup_stm32f40_41xxx.o(.text)
    DMA1_Stream5_IRQHandler                  0x080001b7   Thumb Code     0  startup_stm32f40_41xxx.o(.text)
    DMA1_Stream6_IRQHandler                  0x080001b7   Thumb Code     0  startup_stm32f40_41xxx.o(.text)
    DMA1_Stream7_IRQHandler                  0x080001b7   Thumb Code     0  startup_stm32f40_41xxx.o(.text)
    DMA2_Stream0_IRQHandler                  0x080001b7   Thumb Code     0  startup_stm32f40_41xxx.o(.text)
    DMA2_Stream1_IRQHandler                  0x080001b7   Thumb Code     0  startup_stm32f40_41xxx.o(.text)
    DMA2_Stream2_IRQHandler                  0x080001b7   Thumb Code     0  startup_stm32f40_41xxx.o(.text)
    DMA2_Stream3_IRQHandler                  0x080001b7   Thumb Code     0  startup_stm32f40_41xxx.o(.text)
    DMA2_Stream4_IRQHandler                  0x080001b7   Thumb Code     0  startup_stm32f40_41xxx.o(.text)
    DMA2_Stream5_IRQHandler                  0x080001b7   Thumb Code     0  startup_stm32f40_41xxx.o(.text)
    DMA2_Stream6_IRQHandler                  0x080001b7   Thumb Code     0  startup_stm32f40_41xxx.o(.text)
    DMA2_Stream7_IRQHandler                  0x080001b7   Thumb Code     0  startup_stm32f40_41xxx.o(.text)
    ETH_IRQHandler                           0x080001b7   Thumb Code     0  startup_stm32f40_41xxx.o(.text)
    ETH_WKUP_IRQHandler                      0x080001b7   Thumb Code     0  startup_stm32f40_41xxx.o(.text)
    EXTI0_IRQHandler                         0x080001b7   Thumb Code     0  startup_stm32f40_41xxx.o(.text)
    EXTI15_10_IRQHandler                     0x080001b7   Thumb Code     0  startup_stm32f40_41xxx.o(.text)
    EXTI1_IRQHandler                         0x080001b7   Thumb Code     0  startup_stm32f40_41xxx.o(.text)
    EXTI2_IRQHandler                         0x080001b7   Thumb Code     0  startup_stm32f40_41xxx.o(.text)
    EXTI3_IRQHandler                         0x080001b7   Thumb Code     0  startup_stm32f40_41xxx.o(.text)
    EXTI4_IRQHandler                         0x080001b7   Thumb Code     0  startup_stm32f40_41xxx.o(.text)
    EXTI9_5_IRQHandler                       0x080001b7   Thumb Code     0  startup_stm32f40_41xxx.o(.text)
    FLASH_IRQHandler                         0x080001b7   Thumb Code     0  startup_stm32f40_41xxx.o(.text)
    FPU_IRQHandler                           0x080001b7   Thumb Code     0  startup_stm32f40_41xxx.o(.text)
    FSMC_IRQHandler                          0x080001b7   Thumb Code     0  startup_stm32f40_41xxx.o(.text)
    HASH_RNG_IRQHandler                      0x080001b7   Thumb Code     0  startup_stm32f40_41xxx.o(.text)
    I2C1_ER_IRQHandler                       0x080001b7   Thumb Code     0  startup_stm32f40_41xxx.o(.text)
    I2C1_EV_IRQHandler                       0x080001b7   Thumb Code     0  startup_stm32f40_41xxx.o(.text)
    I2C2_ER_IRQHandler                       0x080001b7   Thumb Code     0  startup_stm32f40_41xxx.o(.text)
    I2C2_EV_IRQHandler                       0x080001b7   Thumb Code     0  startup_stm32f40_41xxx.o(.text)
    I2C3_ER_IRQHandler                       0x080001b7   Thumb Code     0  startup_stm32f40_41xxx.o(.text)
    I2C3_EV_IRQHandler                       0x080001b7   Thumb Code     0  startup_stm32f40_41xxx.o(.text)
    OTG_FS_IRQHandler                        0x080001b7   Thumb Code     0  startup_stm32f40_41xxx.o(.text)
    OTG_FS_WKUP_IRQHandler                   0x080001b7   Thumb Code     0  startup_stm32f40_41xxx.o(.text)
    OTG_HS_EP1_IN_IRQHandler                 0x080001b7   Thumb Code     0  startup_stm32f40_41xxx.o(.text)
    OTG_HS_EP1_OUT_IRQHandler                0x080001b7   Thumb Code     0  startup_stm32f40_41xxx.o(.text)
    OTG_HS_IRQHandler                        0x080001b7   Thumb Code     0  startup_stm32f40_41xxx.o(.text)
    OTG_HS_WKUP_IRQHandler                   0x080001b7   Thumb Code     0  startup_stm32f40_41xxx.o(.text)
    PVD_IRQHandler                           0x080001b7   Thumb Code     0  startup_stm32f40_41xxx.o(.text)
    RCC_IRQHandler                           0x080001b7   Thumb Code     0  startup_stm32f40_41xxx.o(.text)
    RTC_Alarm_IRQHandler                     0x080001b7   Thumb Code     0  startup_stm32f40_41xxx.o(.text)
    RTC_WKUP_IRQHandler                      0x080001b7   Thumb Code     0  startup_stm32f40_41xxx.o(.text)
    SDIO_IRQHandler                          0x080001b7   Thumb Code     0  startup_stm32f40_41xxx.o(.text)
    SPI1_IRQHandler                          0x080001b7   Thumb Code     0  startup_stm32f40_41xxx.o(.text)
    SPI2_IRQHandler                          0x080001b7   Thumb Code     0  startup_stm32f40_41xxx.o(.text)
    SPI3_IRQHandler                          0x080001b7   Thumb Code     0  startup_stm32f40_41xxx.o(.text)
    TAMP_STAMP_IRQHandler                    0x080001b7   Thumb Code     0  startup_stm32f40_41xxx.o(.text)
    TIM1_BRK_TIM9_IRQHandler                 0x080001b7   Thumb Code     0  startup_stm32f40_41xxx.o(.text)
    TIM1_CC_IRQHandler                       0x080001b7   Thumb Code     0  startup_stm32f40_41xxx.o(.text)
    TIM1_TRG_COM_TIM11_IRQHandler            0x080001b7   Thumb Code     0  startup_stm32f40_41xxx.o(.text)
    TIM1_UP_TIM10_IRQHandler                 0x080001b7   Thumb Code     0  startup_stm32f40_41xxx.o(.text)
    TIM2_IRQHandler                          0x080001b7   Thumb Code     0  startup_stm32f40_41xxx.o(.text)
    TIM3_IRQHandler                          0x080001b7   Thumb Code     0  startup_stm32f40_41xxx.o(.text)
    TIM4_IRQHandler                          0x080001b7   Thumb Code     0  startup_stm32f40_41xxx.o(.text)
    TIM5_IRQHandler                          0x080001b7   Thumb Code     0  startup_stm32f40_41xxx.o(.text)
    TIM6_DAC_IRQHandler                      0x080001b7   Thumb Code     0  startup_stm32f40_41xxx.o(.text)
    TIM7_IRQHandler                          0x080001b7   Thumb Code     0  startup_stm32f40_41xxx.o(.text)
    TIM8_CC_IRQHandler                       0x080001b7   Thumb Code     0  startup_stm32f40_41xxx.o(.text)
    TIM8_TRG_COM_TIM14_IRQHandler            0x080001b7   Thumb Code     0  startup_stm32f40_41xxx.o(.text)
    TIM8_UP_TIM13_IRQHandler                 0x080001b7   Thumb Code     0  startup_stm32f40_41xxx.o(.text)
    UART4_IRQHandler                         0x080001b7   Thumb Code     0  startup_stm32f40_41xxx.o(.text)
    UART5_IRQHandler                         0x080001b7   Thumb Code     0  startup_stm32f40_41xxx.o(.text)
    USART1_IRQHandler                        0x080001b7   Thumb Code     0  startup_stm32f40_41xxx.o(.text)
    USART2_IRQHandler                        0x080001b7   Thumb Code     0  startup_stm32f40_41xxx.o(.text)
    USART3_IRQHandler                        0x080001b7   Thumb Code     0  startup_stm32f40_41xxx.o(.text)
    USART6_IRQHandler                        0x080001b7   Thumb Code     0  startup_stm32f40_41xxx.o(.text)
    WWDG_IRQHandler                          0x080001b7   Thumb Code     0  startup_stm32f40_41xxx.o(.text)
    arm_cos_f32                              0x080001c1   Thumb Code   194  arm_cos_f32.o(.text)
    __I$use$fp                               0x08000299   Thumb Code     0  iusefp.o(.text)
    __scatterload                            0x08000299   Thumb Code    28  init.o(.text)
    __scatterload_rt2                        0x08000299   Thumb Code     0  init.o(.text)
    ADC_Cmd                                  0x080002bd   Thumb Code    20  stm32f4xx_adc.o(i.ADC_Cmd)
    ADC_CommonInit                           0x080002d1   Thumb Code    34  stm32f4xx_adc.o(i.ADC_CommonInit)
    ADC_DMACmd                               0x080002fd   Thumb Code    20  stm32f4xx_adc.o(i.ADC_DMACmd)
    ADC_DMARequestAfterLastTransferCmd       0x08000311   Thumb Code    20  stm32f4xx_adc.o(i.ADC_DMARequestAfterLastTransferCmd)
    ADC_Init                                 0x08000325   Thumb Code    66  stm32f4xx_adc.o(i.ADC_Init)
    ADC_RegularChannelConfig                 0x08000371   Thumb Code   116  stm32f4xx_adc.o(i.ADC_RegularChannelConfig)
    ADC_SoftwareStartConv                    0x080003e5   Thumb Code    10  stm32f4xx_adc.o(i.ADC_SoftwareStartConv)
    BusFault_Handler                         0x080003ef   Thumb Code     4  stm32f4xx_it.o(i.BusFault_Handler)
    Buzzer_Init                              0x080003f5   Thumb Code    70  buzzer.o(i.Buzzer_Init)
    DMA_Cmd                                  0x080004d9   Thumb Code    20  stm32f4xx_dma.o(i.DMA_Cmd)
    DMA_Init                                 0x080004ed   Thumb Code    80  stm32f4xx_dma.o(i.DMA_Init)
    DebugMon_Handler                         0x08000541   Thumb Code     2  stm32f4xx_it.o(i.DebugMon_Handler)
    Encode_Init                              0x080005cd   Thumb Code    12  encode.o(i.Encode_Init)
    Encode_Velocity_Get                      0x0800068d   Thumb Code   188  encode.o(i.Encode_Velocity_Get)
    GPIO_Init                                0x08000771   Thumb Code   120  stm32f4xx_gpio.o(i.GPIO_Init)
    GPIO_PinAFConfig                         0x080007e9   Thumb Code    32  stm32f4xx_gpio.o(i.GPIO_PinAFConfig)
    GPIO_ReadInputDataBit                    0x08000809   Thumb Code    14  stm32f4xx_gpio.o(i.GPIO_ReadInputDataBit)
    HardFault_Handler                        0x08000817   Thumb Code     4  stm32f4xx_it.o(i.HardFault_Handler)
    IMU_DataUp                               0x0800081d   Thumb Code    60  mpu9250.o(i.IMU_DataUp)
    IR_ADC_Dataup                            0x08000865   Thumb Code    34  ir.o(i.IR_ADC_Dataup)
    IR_ADC_GetData                           0x080008f5   Thumb Code   164  ir.o(i.IR_ADC_GetData)
    IR_ADC_Init                              0x080009a5   Thumb Code    14  ir.o(i.IR_ADC_Init)
    IR_Out_GPIO_Config                       0x08000b0d   Thumb Code    84  ir.o(i.IR_Out_GPIO_Config)
    LED_Init                                 0x08000b65   Thumb Code   152  led.o(i.LED_Init)
    LPF2p_SetCutoffFreq                      0x08000c0d   Thumb Code   224  filter.o(i.LPF2p_SetCutoffFreq)
    MPU9250_I2C_Read_Byte                    0x08000d55   Thumb Code    88  mpu9250.o(i.MPU9250_I2C_Read_Byte)
    MPU9250_I2C_Read_Wait_Ask                0x08000db9   Thumb Code    34  mpu9250.o(i.MPU9250_I2C_Read_Wait_Ask)
    MPU9250_I2C_Read_Word                    0x08000ddd   Thumb Code   162  mpu9250.o(i.MPU9250_I2C_Read_Word)
    MPU9250_I2C_Send_Byte                    0x08000e95   Thumb Code    70  mpu9250.o(i.MPU9250_I2C_Send_Byte)
    MPU9250_Mode_DataUp                      0x0800100d   Thumb Code   100  mpu9250.o(i.MPU9250_Mode_DataUp)
    MPU9250_Mode_Init                        0x08001079   Thumb Code   210  mpu9250.o(i.MPU9250_Mode_Init)
    MPU9250_Mode_LPD2p_Set_Cutoff            0x08001165   Thumb Code   116  mpu9250.o(i.MPU9250_Mode_LPD2p_Set_Cutoff)
    MPU9250_Mode_MeCheck                     0x080011e5   Thumb Code   224  mpu9250.o(i.MPU9250_Mode_MeCheck)
    MPU9250_Mode_Read_Acc                    0x0800130d   Thumb Code    56  mpu9250.o(i.MPU9250_Mode_Read_Acc)
    MPU9250_Mode_Read_Gyro                   0x08001349   Thumb Code    56  mpu9250.o(i.MPU9250_Mode_Read_Gyro)
    MemManage_Handler                        0x08001385   Thumb Code     4  stm32f4xx_it.o(i.MemManage_Handler)
    Modo_DataUp                              0x08001389   Thumb Code   206  driver.o(i.Modo_DataUp)
    Motor_Init                               0x080014f5   Thumb Code    12  motor.o(i.Motor_Init)
    Motor_Pwm_Flash                          0x080015ad   Thumb Code    86  motor.o(i.Motor_Pwm_Flash)
    NMI_Handler                              0x08001609   Thumb Code     2  stm32f4xx_it.o(i.NMI_Handler)
    NVIC_Init                                0x08001631   Thumb Code    96  misc.o(i.NVIC_Init)
    NVIC_PriorityGroupConfig                 0x08001695   Thumb Code    10  misc.o(i.NVIC_PriorityGroupConfig)
    PID_Angle_UpData                         0x080016a9   Thumb Code    40  pid.o(i.PID_Angle_UpData)
    PID_DataUp                               0x080016d9   Thumb Code   188  pid.o(i.PID_DataUp)
    PID_Parameter_Config                     0x08001795   Thumb Code    62  pid.o(i.PID_Parameter_Config)
    PID_Parameter_Init                       0x080017d9   Thumb Code    56  pid.o(i.PID_Parameter_Init)
    PID_Rage_DataUp                          0x0800182d   Thumb Code    50  pid.o(i.PID_Rage_DataUp)
    PendSV_Handler                           0x0800186d   Thumb Code     2  stm32f4xx_it.o(i.PendSV_Handler)
    RCC_AHB1PeriphClockCmd                   0x08001871   Thumb Code    26  stm32f4xx_rcc.o(i.RCC_AHB1PeriphClockCmd)
    RCC_APB1PeriphClockCmd                   0x08001891   Thumb Code    26  stm32f4xx_rcc.o(i.RCC_APB1PeriphClockCmd)
    RCC_APB1PeriphResetCmd                   0x080018b1   Thumb Code    26  stm32f4xx_rcc.o(i.RCC_APB1PeriphResetCmd)
    RCC_APB2PeriphClockCmd                   0x080018d1   Thumb Code    26  stm32f4xx_rcc.o(i.RCC_APB2PeriphClockCmd)
    RCC_APB2PeriphResetCmd                   0x080018f1   Thumb Code    26  stm32f4xx_rcc.o(i.RCC_APB2PeriphResetCmd)
    RCC_GetClocksFreq                        0x08001911   Thumb Code   214  stm32f4xx_rcc.o(i.RCC_GetClocksFreq)
    RC_Time                                  0x080019f9   Thumb Code    94  sysc.o(i.RC_Time)
    Ready_Start_Mode                         0x08001a5d   Thumb Code   146  driver.o(i.Ready_Start_Mode)
    SVC_Handler                              0x08001b09   Thumb Code     2  stm32f4xx_it.o(i.SVC_Handler)
    SYS_Time                                 0x08001b0b   Thumb Code    62  sysc.o(i.SYS_Time)
    SysTick_Handler                          0x08001bfd   Thumb Code     2  stm32f4xx_it.o(i.SysTick_Handler)
    SystemInit                               0x08001c01   Thumb Code    74  system_stm32f4xx.o(i.SystemInit)
    TIM8_BRK_TIM12_IRQHandler                0x08001d81   Thumb Code    38  sysc.o(i.TIM8_BRK_TIM12_IRQHandler)
    TIM_ClearFlag                            0x08001db1   Thumb Code     6  stm32f4xx_tim.o(i.TIM_ClearFlag)
    TIM_ClearITPendingBit                    0x08001db7   Thumb Code     6  stm32f4xx_tim.o(i.TIM_ClearITPendingBit)
    TIM_Cmd                                  0x08001dbd   Thumb Code    24  stm32f4xx_tim.o(i.TIM_Cmd)
    TIM_CtrlPWMOutputs                       0x08001dd5   Thumb Code    30  stm32f4xx_tim.o(i.TIM_CtrlPWMOutputs)
    TIM_DeInit                               0x08001df5   Thumb Code   346  stm32f4xx_tim.o(i.TIM_DeInit)
    TIM_EncoderInterfaceConfig               0x08001f85   Thumb Code    66  stm32f4xx_tim.o(i.TIM_EncoderInterfaceConfig)
    TIM_GetCounter                           0x08001fc7   Thumb Code     6  stm32f4xx_tim.o(i.TIM_GetCounter)
    TIM_GetITStatus                          0x08001fcd   Thumb Code    34  stm32f4xx_tim.o(i.TIM_GetITStatus)
    TIM_ICInit                               0x08001fef   Thumb Code   110  stm32f4xx_tim.o(i.TIM_ICInit)
    TIM_ICStructInit                         0x0800205d   Thumb Code    18  stm32f4xx_tim.o(i.TIM_ICStructInit)
    TIM_ITConfig                             0x0800206f   Thumb Code    18  stm32f4xx_tim.o(i.TIM_ITConfig)
    TIM_OC1Init                              0x08002081   Thumb Code   114  stm32f4xx_tim.o(i.TIM_OC1Init)
    TIM_OC1PreloadConfig                     0x080020fd   Thumb Code    18  stm32f4xx_tim.o(i.TIM_OC1PreloadConfig)
    TIM_OC2Init                              0x08002111   Thumb Code   154  stm32f4xx_tim.o(i.TIM_OC2Init)
    TIM_OC2PreloadConfig                     0x080021b5   Thumb Code    26  stm32f4xx_tim.o(i.TIM_OC2PreloadConfig)
    TIM_OC3Init                              0x080021d1   Thumb Code   150  stm32f4xx_tim.o(i.TIM_OC3Init)
    TIM_OC3PreloadConfig                     0x08002271   Thumb Code    18  stm32f4xx_tim.o(i.TIM_OC3PreloadConfig)
    TIM_OC4Init                              0x08002285   Thumb Code   112  stm32f4xx_tim.o(i.TIM_OC4Init)
    TIM_OC4PreloadConfig                     0x080022fd   Thumb Code    26  stm32f4xx_tim.o(i.TIM_OC4PreloadConfig)
    TIM_SetCounter                           0x08002317   Thumb Code     4  stm32f4xx_tim.o(i.TIM_SetCounter)
    TIM_SetIC1Prescaler                      0x0800231b   Thumb Code    18  stm32f4xx_tim.o(i.TIM_SetIC1Prescaler)
    TIM_SetIC2Prescaler                      0x0800232d   Thumb Code    26  stm32f4xx_tim.o(i.TIM_SetIC2Prescaler)
    TIM_SetIC3Prescaler                      0x08002347   Thumb Code    18  stm32f4xx_tim.o(i.TIM_SetIC3Prescaler)
    TIM_SetIC4Prescaler                      0x08002359   Thumb Code    26  stm32f4xx_tim.o(i.TIM_SetIC4Prescaler)
    TIM_TimeBaseInit                         0x08002375   Thumb Code   104  stm32f4xx_tim.o(i.TIM_TimeBaseInit)
    TIM_TimeBaseStructInit                   0x080023f9   Thumb Code    18  stm32f4xx_tim.o(i.TIM_TimeBaseStructInit)
    Test_Dt                                  0x0800240b   Thumb Code    20  sysc.o(i.Test_Dt)
    UART_Config                              0x08002421   Thumb Code   158  uart.o(i.UART_Config)
    USART_Cmd                                0x080024c9   Thumb Code    24  stm32f4xx_usart.o(i.USART_Cmd)
    USART_GetFlagStatus                      0x080024e1   Thumb Code    26  stm32f4xx_usart.o(i.USART_GetFlagStatus)
    USART_ITConfig                           0x080024fb   Thumb Code    74  stm32f4xx_usart.o(i.USART_ITConfig)
    USART_Init                               0x08002545   Thumb Code   204  stm32f4xx_usart.o(i.USART_Init)
    USART_SendData                           0x08002619   Thumb Code     8  stm32f4xx_usart.o(i.USART_SendData)
    UsageFault_Handler                       0x08002621   Thumb Code     4  stm32f4xx_it.o(i.UsageFault_Handler)
    __0printf$bare                           0x08002625   Thumb Code     8  printfb.o(i.__0printf$bare)
    __1printf$bare                           0x08002625   Thumb Code     0  printfb.o(i.__0printf$bare)
    __2printf                                0x08002625   Thumb Code     0  printfb.o(i.__0printf$bare)
    __ARM_fpclassifyf                        0x08002635   Thumb Code    38  fpclassifyf.o(i.__ARM_fpclassifyf)
    __hardfp_tanf                            0x0800265d   Thumb Code   314  tanf.o(i.__hardfp_tanf)
    __mathlib_flt_underflow                  0x080027d5   Thumb Code    10  funder.o(i.__mathlib_flt_underflow)
    __mathlib_rredf2                         0x080027e5   Thumb Code   296  rredf.o(i.__mathlib_rredf2)
    __scatterload_copy                       0x08002925   Thumb Code    14  handlers.o(i.__scatterload_copy)
    __scatterload_null                       0x08002933   Thumb Code     2  handlers.o(i.__scatterload_null)
    __scatterload_zeroinit                   0x08002935   Thumb Code    14  handlers.o(i.__scatterload_zeroinit)
    __set_errno                              0x08002945   Thumb Code     6  errno.o(i.__set_errno)
    delay_ms                                 0x08002973   Thumb Code    26  delay.o(i.delay_ms)
    fputc                                    0x0800298d   Thumb Code    32  uart.o(i.fputc)
    main                                     0x080029b1   Thumb Code   398  main.o(i.main)
    Region$$Table$$Base                      0x08002fa8   Number         0  anon$$obj.o(Region$$Table)
    Region$$Table$$Limit                     0x08002fc8   Number         0  anon$$obj.o(Region$$Table)
    rc_timer_state                           0x20000010   Data           1  main.o(.data)
    ir_mode_times                            0x20000011   Data           1  main.o(.data)
    rc_timer_counter                         0x20000012   Data           2  main.o(.data)
    encode_1_velocity                        0x20000014   Data           4  encode.o(.data)
    encode_2_velocity                        0x20000018   Data           4  encode.o(.data)
    encode_1_pulse_total                     0x2000001c   Data           4  encode.o(.data)
    encode_2_pulse_total                     0x20000020   Data           4  encode.o(.data)
    encode_1_pulse_new                       0x20000024   Data           4  encode.o(.data)
    encode_2_pulse_new                       0x20000028   Data           4  encode.o(.data)
    encode_1_pulse_old                       0x2000002c   Data           4  encode.o(.data)
    encode_2_pulse_old                       0x20000030   Data           4  encode.o(.data)
    ir_adc_1a_value_sysc_get                 0x20000034   Data           2  sysc.o(.data)
    ir_adc_1c_value_sysc_get                 0x20000036   Data           2  sysc.o(.data)
    ir_adc_2a_value_sysc_get                 0x20000038   Data           2  sysc.o(.data)
    ir_adc_2c_value_sysc_get                 0x2000003a   Data           2  sysc.o(.data)
    loop_rc                                  0x2000003c   Data           2  sysc.o(.data)
    loop_rc_times                            0x2000003e   Data           2  sysc.o(.data)
    ir_adc_1a_value_new                      0x20000040   Data           2  ir.o(.data)
    ir_adc_1b_value_new                      0x20000042   Data           2  ir.o(.data)
    ir_adc_1c_value_new                      0x20000044   Data           2  ir.o(.data)
    ir_adc_2a_value_new                      0x20000046   Data           2  ir.o(.data)
    ir_adc_2b_value_new                      0x20000048   Data           2  ir.o(.data)
    ir_adc_2c_value_new                      0x2000004a   Data           2  ir.o(.data)
    ir_adc_1a_value                          0x2000004c   Data           4  ir.o(.data)
    ir_adc_1b_value                          0x20000050   Data           4  ir.o(.data)
    ir_adc_1c_value                          0x20000054   Data           4  ir.o(.data)
    ir_adc_2a_value                          0x20000058   Data           4  ir.o(.data)
    ir_adc_2b_value                          0x2000005c   Data           4  ir.o(.data)
    ir_adc_2c_value                          0x20000060   Data           4  ir.o(.data)
    ir_adc_1a_value_sum                      0x20000064   Data           4  ir.o(.data)
    ir_adc_1b_value_sum                      0x20000068   Data           4  ir.o(.data)
    ir_adc_1c_value_sum                      0x2000006c   Data           4  ir.o(.data)
    ir_adc_2a_value_sum                      0x20000070   Data           4  ir.o(.data)
    ir_adc_2b_value_sum                      0x20000074   Data           4  ir.o(.data)
    ir_adc_2c_value_sum                      0x20000078   Data           4  ir.o(.data)
    ir_adc_systimes                          0x2000007c   Data           4  ir.o(.data)
    pid_time                                 0x20000080   Data           4  driver.o(.data)
    Thro                                     0x20000084   Data           4  driver.o(.data)
    Motor                                    0x20000088   Data           8  driver.o(.data)
    imu_time_flag                            0x20000090   Data           4  mpu9250.o(.data)
    imu_time_new                             0x20000094   Data           4  mpu9250.o(.data)
    imu_dt                                   0x20000098   Data           4  mpu9250.o(.data)
    imu_yaw                                  0x2000009c   Data           4  mpu9250.o(.data)
    PitchRateDesired                         0x200000a0   Data           4  pid.o(.data)
    RollRateDesired                          0x200000a4   Data           4  pid.o(.data)
    YawRateDesired                           0x200000a8   Data           4  pid.o(.data)
    rollOutput                               0x200000ac   Data           4  pid.o(.data)
    pitchOutput                              0x200000b0   Data           4  pid.o(.data)
    yawOutput                                0x200000b4   Data           4  pid.o(.data)
    Pitch                                    0x200000b8   Data           4  pid.o(.data)
    Roll                                     0x200000bc   Data           4  pid.o(.data)
    Yaw                                      0x200000c0   Data           4  pid.o(.data)
    __stdout                                 0x200000c4   Data           4  stdout.o(.data)
    ir_adc_1_get                             0x200000cc   Data         300  ir.o(.bss)
    ir_adc_2_get                             0x200001f8   Data         300  ir.o(.bss)
    mpu9250                                  0x200003e4   Data         120  mpu9250.o(.bss)
    yaw_angle_pid                            0x2000045c   Data          56  pid.o(.bss)
    yaw_rate_pid                             0x20000494   Data          56  pid.o(.bss)
    __initial_sp                             0x200088d0   Data           0  startup_stm32f40_41xxx.o(STACK)



==============================================================================

Memory Map of the image

  Image Entry point : 0x08000189

  Load Region LR_IROM1 (Base: 0x08000000, Size: 0x00003094, Max: 0x00080000, ABSOLUTE)

    Execution Region ER_IROM1 (Base: 0x08000000, Size: 0x00002fc8, Max: 0x00080000, ABSOLUTE)

    Base Addr    Size         Type   Attr      Idx    E Section Name        Object

    0x08000000   0x00000188   Data   RO            3    RESET               startup_stm32f40_41xxx.o
    0x08000188   0x00000000   Code   RO         5839  * .ARM.Collect$$$$00000000  mc_w.l(entry.o)
    0x08000188   0x00000004   Code   RO         6109    .ARM.Collect$$$$00000001  mc_w.l(entry2.o)
    0x0800018c   0x00000004   Code   RO         6112    .ARM.Collect$$$$00000004  mc_w.l(entry5.o)
    0x08000190   0x00000000   Code   RO         6114    .ARM.Collect$$$$00000008  mc_w.l(entry7b.o)
    0x08000190   0x00000000   Code   RO         6116    .ARM.Collect$$$$0000000A  mc_w.l(entry8b.o)
    0x08000190   0x00000008   Code   RO         6117    .ARM.Collect$$$$0000000B  mc_w.l(entry9a.o)
    0x08000198   0x00000000   Code   RO         6119    .ARM.Collect$$$$0000000D  mc_w.l(entry10a.o)
    0x08000198   0x00000000   Code   RO         6121    .ARM.Collect$$$$0000000F  mc_w.l(entry11a.o)
    0x08000198   0x00000004   Code   RO         6110    .ARM.Collect$$$$00002712  mc_w.l(entry2.o)
    0x0800019c   0x00000024   Code   RO            4    .text               startup_stm32f40_41xxx.o
    0x080001c0   0x000000d8   Code   RO         5782    .text               arm_cortexM4lf_math.lib(arm_cos_f32.o)
    0x08000298   0x00000000   Code   RO         6135    .text               mc_w.l(iusefp.o)
    0x08000298   0x00000024   Code   RO         6146    .text               mc_w.l(init.o)
    0x080002bc   0x00000014   Code   RO          204    i.ADC_Cmd           stm32f4xx_adc.o
    0x080002d0   0x0000002c   Code   RO          205    i.ADC_CommonInit    stm32f4xx_adc.o
    0x080002fc   0x00000014   Code   RO          208    i.ADC_DMACmd        stm32f4xx_adc.o
    0x08000310   0x00000014   Code   RO          209    i.ADC_DMARequestAfterLastTransferCmd  stm32f4xx_adc.o
    0x08000324   0x0000004c   Code   RO          224    i.ADC_Init          stm32f4xx_adc.o
    0x08000370   0x00000074   Code   RO          229    i.ADC_RegularChannelConfig  stm32f4xx_adc.o
    0x080003e4   0x0000000a   Code   RO          231    i.ADC_SoftwareStartConv  stm32f4xx_adc.o
    0x080003ee   0x00000004   Code   RO         5074    i.BusFault_Handler  stm32f4xx_it.o
    0x080003f2   0x00000002   PAD
    0x080003f4   0x0000004c   Code   RO         5353    i.Buzzer_Init       buzzer.o
    0x08000440   0x00000098   Code   RO         5354    i.Buzzer_MODE_Config  buzzer.o
    0x080004d8   0x00000014   Code   RO         1143    i.DMA_Cmd           stm32f4xx_dma.o
    0x080004ec   0x00000054   Code   RO         1155    i.DMA_Init          stm32f4xx_dma.o
    0x08000540   0x00000002   Code   RO         5075    i.DebugMon_Handler  stm32f4xx_it.o
    0x08000542   0x00000002   PAD
    0x08000544   0x00000088   Code   RO         5145    i.Encode_GPIO_Init  encode.o
    0x080005cc   0x0000000c   Code   RO         5146    i.Encode_Init       encode.o
    0x080005d8   0x000000b4   Code   RO         5147    i.Encode_Mode_Init  encode.o
    0x0800068c   0x000000e4   Code   RO         5148    i.Encode_Velocity_Get  encode.o
    0x08000770   0x00000078   Code   RO         1877    i.GPIO_Init         stm32f4xx_gpio.o
    0x080007e8   0x00000020   Code   RO         1878    i.GPIO_PinAFConfig  stm32f4xx_gpio.o
    0x08000808   0x0000000e   Code   RO         1881    i.GPIO_ReadInputDataBit  stm32f4xx_gpio.o
    0x08000816   0x00000004   Code   RO         5076    i.HardFault_Handler  stm32f4xx_it.o
    0x0800081a   0x00000002   PAD
    0x0800081c   0x00000048   Code   RO         5522    i.IMU_DataUp        mpu9250.o
    0x08000864   0x00000028   Code   RO         5424    i.IR_ADC_Dataup     ir.o
    0x0800088c   0x00000068   Code   RO         5425    i.IR_ADC_GPIO_Config  ir.o
    0x080008f4   0x000000b0   Code   RO         5426    i.IR_ADC_GetData    ir.o
    0x080009a4   0x0000000e   Code   RO         5427    i.IR_ADC_Init       ir.o
    0x080009b2   0x00000002   PAD
    0x080009b4   0x00000158   Code   RO         5428    i.IR_ADC_Mode_Config  ir.o
    0x08000b0c   0x00000058   Code   RO         5430    i.IR_Out_GPIO_Config  ir.o
    0x08000b64   0x000000a8   Code   RO         5248    i.LED_Init          led.o
    0x08000c0c   0x000000ec   Code   RO         5686    i.LPF2p_SetCutoffFreq  filter.o
    0x08000cf8   0x0000000c   Code   RO         5523    i.MPU9250_I2C_Delay  mpu9250.o
    0x08000d04   0x00000050   Code   RO         5524    i.MPU9250_I2C_Read  mpu9250.o
    0x08000d54   0x00000064   Code   RO         5525    i.MPU9250_I2C_Read_Byte  mpu9250.o
    0x08000db8   0x00000022   Code   RO         5526    i.MPU9250_I2C_Read_Wait_Ask  mpu9250.o
    0x08000dda   0x00000002   PAD
    0x08000ddc   0x000000b8   Code   RO         5527    i.MPU9250_I2C_Read_Word  mpu9250.o
    0x08000e94   0x00000054   Code   RO         5528    i.MPU9250_I2C_Send_Byte  mpu9250.o
    0x08000ee8   0x0000002c   Code   RO         5529    i.MPU9250_I2C_Send_Disask  mpu9250.o
    0x08000f14   0x00000034   Code   RO         5531    i.MPU9250_I2C_Start  mpu9250.o
    0x08000f48   0x00000030   Code   RO         5532    i.MPU9250_I2C_Stop  mpu9250.o
    0x08000f78   0x00000040   Code   RO         5533    i.MPU9250_I2C_Wait_Ask  mpu9250.o
    0x08000fb8   0x00000054   Code   RO         5534    i.MPU9250_I2C_Write  mpu9250.o
    0x0800100c   0x0000006c   Code   RO         5535    i.MPU9250_Mode_DataUp  mpu9250.o
    0x08001078   0x000000ec   Code   RO         5536    i.MPU9250_Mode_Init  mpu9250.o
    0x08001164   0x00000080   Code   RO         5537    i.MPU9250_Mode_LPD2p_Set_Cutoff  mpu9250.o
    0x080011e4   0x00000128   Code   RO         5538    i.MPU9250_Mode_MeCheck  mpu9250.o
    0x0800130c   0x0000003c   Code   RO         5539    i.MPU9250_Mode_Read_Acc  mpu9250.o
    0x08001348   0x0000003c   Code   RO         5540    i.MPU9250_Mode_Read_Gyro  mpu9250.o
    0x08001384   0x00000004   Code   RO         5077    i.MemManage_Handler  stm32f4xx_it.o
    0x08001388   0x000000ec   Code   RO         5490    i.Modo_DataUp       driver.o
    0x08001474   0x00000080   Code   RO         5384    i.Motor_GPIO_Config  motor.o
    0x080014f4   0x0000000c   Code   RO         5385    i.Motor_Init        motor.o
    0x08001500   0x000000ac   Code   RO         5386    i.Motor_MODE_Config  motor.o
    0x080015ac   0x0000005c   Code   RO         5387    i.Motor_Pwm_Flash   motor.o
    0x08001608   0x00000002   Code   RO         5078    i.NMI_Handler       stm32f4xx_it.o
    0x0800160a   0x00000026   Code   RO         5199    i.NVIC_Configuration  uart.o
    0x08001630   0x00000064   Code   RO          150    i.NVIC_Init         misc.o
    0x08001694   0x00000014   Code   RO          151    i.NVIC_PriorityGroupConfig  misc.o
    0x080016a8   0x00000030   Code   RO         5724    i.PID_Angle_UpData  pid.o
    0x080016d8   0x000000bc   Code   RO         5725    i.PID_DataUp        pid.o
    0x08001794   0x00000044   Code   RO         5726    i.PID_Parameter_Config  pid.o
    0x080017d8   0x00000054   Code   RO         5727    i.PID_Parameter_Init  pid.o
    0x0800182c   0x00000040   Code   RO         5728    i.PID_Rage_DataUp   pid.o
    0x0800186c   0x00000002   Code   RO         5079    i.PendSV_Handler    stm32f4xx_it.o
    0x0800186e   0x00000002   PAD
    0x08001870   0x00000020   Code   RO         2842    i.RCC_AHB1PeriphClockCmd  stm32f4xx_rcc.o
    0x08001890   0x00000020   Code   RO         2851    i.RCC_APB1PeriphClockCmd  stm32f4xx_rcc.o
    0x080018b0   0x00000020   Code   RO         2853    i.RCC_APB1PeriphResetCmd  stm32f4xx_rcc.o
    0x080018d0   0x00000020   Code   RO         2854    i.RCC_APB2PeriphClockCmd  stm32f4xx_rcc.o
    0x080018f0   0x00000020   Code   RO         2856    i.RCC_APB2PeriphResetCmd  stm32f4xx_rcc.o
    0x08001910   0x000000e8   Code   RO         2863    i.RCC_GetClocksFreq  stm32f4xx_rcc.o
    0x080019f8   0x00000064   Code   RO         5297    i.RC_Time           sysc.o
    0x08001a5c   0x000000ac   Code   RO         5491    i.Ready_Start_Mode  driver.o
    0x08001b08   0x00000002   Code   RO         5080    i.SVC_Handler       stm32f4xx_it.o
    0x08001b0a   0x0000003e   Code   RO         5298    i.SYS_Time          sysc.o
    0x08001b48   0x000000b4   Code   RO           12    i.SetSysClock       system_stm32f4xx.o
    0x08001bfc   0x00000002   Code   RO         5081    i.SysTick_Handler   stm32f4xx_it.o
    0x08001bfe   0x00000002   PAD
    0x08001c00   0x0000005c   Code   RO           14    i.SystemInit        system_stm32f4xx.o
    0x08001c5c   0x0000003a   Code   RO         4173    i.TI1_Config        stm32f4xx_tim.o
    0x08001c96   0x00000050   Code   RO         4174    i.TI2_Config        stm32f4xx_tim.o
    0x08001ce6   0x00000048   Code   RO         4175    i.TI3_Config        stm32f4xx_tim.o
    0x08001d2e   0x00000050   Code   RO         4176    i.TI4_Config        stm32f4xx_tim.o
    0x08001d7e   0x00000002   PAD
    0x08001d80   0x00000030   Code   RO         5299    i.TIM8_BRK_TIM12_IRQHandler  sysc.o
    0x08001db0   0x00000006   Code   RO         4183    i.TIM_ClearFlag     stm32f4xx_tim.o
    0x08001db6   0x00000006   Code   RO         4184    i.TIM_ClearITPendingBit  stm32f4xx_tim.o
    0x08001dbc   0x00000018   Code   RO         4189    i.TIM_Cmd           stm32f4xx_tim.o
    0x08001dd4   0x0000001e   Code   RO         4191    i.TIM_CtrlPWMOutputs  stm32f4xx_tim.o
    0x08001df2   0x00000002   PAD
    0x08001df4   0x00000190   Code   RO         4194    i.TIM_DeInit        stm32f4xx_tim.o
    0x08001f84   0x00000042   Code   RO         4198    i.TIM_EncoderInterfaceConfig  stm32f4xx_tim.o
    0x08001fc6   0x00000006   Code   RO         4208    i.TIM_GetCounter    stm32f4xx_tim.o
    0x08001fcc   0x00000022   Code   RO         4210    i.TIM_GetITStatus   stm32f4xx_tim.o
    0x08001fee   0x0000006e   Code   RO         4212    i.TIM_ICInit        stm32f4xx_tim.o
    0x0800205c   0x00000012   Code   RO         4213    i.TIM_ICStructInit  stm32f4xx_tim.o
    0x0800206e   0x00000012   Code   RO         4214    i.TIM_ITConfig      stm32f4xx_tim.o
    0x08002080   0x0000007c   Code   RO         4218    i.TIM_OC1Init       stm32f4xx_tim.o
    0x080020fc   0x00000012   Code   RO         4221    i.TIM_OC1PreloadConfig  stm32f4xx_tim.o
    0x0800210e   0x00000002   PAD
    0x08002110   0x000000a4   Code   RO         4223    i.TIM_OC2Init       stm32f4xx_tim.o
    0x080021b4   0x0000001a   Code   RO         4226    i.TIM_OC2PreloadConfig  stm32f4xx_tim.o
    0x080021ce   0x00000002   PAD
    0x080021d0   0x000000a0   Code   RO         4228    i.TIM_OC3Init       stm32f4xx_tim.o
    0x08002270   0x00000012   Code   RO         4231    i.TIM_OC3PreloadConfig  stm32f4xx_tim.o
    0x08002282   0x00000002   PAD
    0x08002284   0x00000078   Code   RO         4233    i.TIM_OC4Init       stm32f4xx_tim.o
    0x080022fc   0x0000001a   Code   RO         4235    i.TIM_OC4PreloadConfig  stm32f4xx_tim.o
    0x08002316   0x00000004   Code   RO         4255    i.TIM_SetCounter    stm32f4xx_tim.o
    0x0800231a   0x00000012   Code   RO         4256    i.TIM_SetIC1Prescaler  stm32f4xx_tim.o
    0x0800232c   0x0000001a   Code   RO         4257    i.TIM_SetIC2Prescaler  stm32f4xx_tim.o
    0x08002346   0x00000012   Code   RO         4258    i.TIM_SetIC3Prescaler  stm32f4xx_tim.o
    0x08002358   0x0000001a   Code   RO         4259    i.TIM_SetIC4Prescaler  stm32f4xx_tim.o
    0x08002372   0x00000002   PAD
    0x08002374   0x00000084   Code   RO         4261    i.TIM_TimeBaseInit  stm32f4xx_tim.o
    0x080023f8   0x00000012   Code   RO         4262    i.TIM_TimeBaseStructInit  stm32f4xx_tim.o
    0x0800240a   0x00000014   Code   RO         5300    i.Test_Dt           sysc.o
    0x0800241e   0x00000002   PAD
    0x08002420   0x000000a8   Code   RO         5200    i.UART_Config       uart.o
    0x080024c8   0x00000018   Code   RO         4739    i.USART_Cmd         stm32f4xx_usart.o
    0x080024e0   0x0000001a   Code   RO         4742    i.USART_GetFlagStatus  stm32f4xx_usart.o
    0x080024fa   0x0000004a   Code   RO         4745    i.USART_ITConfig    stm32f4xx_usart.o
    0x08002544   0x000000d4   Code   RO         4746    i.USART_Init        stm32f4xx_usart.o
    0x08002618   0x00000008   Code   RO         4756    i.USART_SendData    stm32f4xx_usart.o
    0x08002620   0x00000004   Code   RO         5082    i.UsageFault_Handler  stm32f4xx_it.o
    0x08002624   0x00000010   Code   RO         5843    i.__0printf$bare    mc_w.l(printfb.o)
    0x08002634   0x00000026   Code   RO         6102    i.__ARM_fpclassifyf  m_wm.l(fpclassifyf.o)
    0x0800265a   0x00000002   PAD
    0x0800265c   0x00000178   Code   RO         5827    i.__hardfp_tanf     m_wm.l(tanf.o)
    0x080027d4   0x00000010   Code   RO         6104    i.__mathlib_flt_underflow  m_wm.l(funder.o)
    0x080027e4   0x00000140   Code   RO         6106    i.__mathlib_rredf2  m_wm.l(rredf.o)
    0x08002924   0x0000000e   Code   RO         6158    i.__scatterload_copy  mc_w.l(handlers.o)
    0x08002932   0x00000002   Code   RO         6159    i.__scatterload_null  mc_w.l(handlers.o)
    0x08002934   0x0000000e   Code   RO         6160    i.__scatterload_zeroinit  mc_w.l(handlers.o)
    0x08002942   0x00000002   PAD
    0x08002944   0x0000000c   Code   RO         6130    i.__set_errno       mc_w.l(errno.o)
    0x08002950   0x00000022   Code   RO         5850    i._printf_core      mc_w.l(printfb.o)
    0x08002972   0x0000001a   Code   RO         5268    i.delay_ms          delay.o
    0x0800298c   0x00000024   Code   RO         5204    i.fputc             uart.o
    0x080029b0   0x000001c8   Code   RO         4985    i.main              main.o
    0x08002b78   0x00000410   Data   RO         5783    .constdata          arm_cortexM4lf_math.lib(arm_cos_f32.o)
    0x08002f88   0x00000020   Data   RO         6107    .constdata          m_wm.l(rredf.o)
    0x08002fa8   0x00000020   Data   RO         6156    Region$$Table       anon$$obj.o


    Execution Region RW_IRAM1 (Base: 0x20000000, Size: 0x000088d0, Max: 0x00020000, ABSOLUTE)

    Base Addr    Size         Type   Attr      Idx    E Section Name        Object

    0x20000000   0x00000010   Data   RW         2895    .data               stm32f4xx_rcc.o
    0x20000010   0x00000004   Data   RW         4989    .data               main.o
    0x20000014   0x00000020   Data   RW         5150    .data               encode.o
    0x20000034   0x00000002   Data   RW         5306    .data               sysc.o
    0x20000036   0x00000002   Data   RW         5308    .data               sysc.o
    0x20000038   0x00000002   Data   RW         5309    .data               sysc.o
    0x2000003a   0x00000002   Data   RW         5311    .data               sysc.o
    0x2000003c   0x00000004   Data   RW         5312    .data               sysc.o
    0x20000040   0x00000040   Data   RW         5432    .data               ir.o
    0x20000080   0x00000010   Data   RW         5492    .data               driver.o
    0x20000090   0x00000010   Data   RW         5543    .data               mpu9250.o
    0x200000a0   0x00000024   Data   RW         5731    .data               pid.o
    0x200000c4   0x00000004   Data   RW         6123    .data               mc_w.l(stdout.o)
    0x200000c8   0x00000004   Data   RW         6131    .data               mc_w.l(errno.o)
    0x200000cc   0x00000258   Zero   RW         5431    .bss                ir.o
    0x20000324   0x00000138   Zero   RW         5542    .bss                mpu9250.o
    0x2000045c   0x00000070   Zero   RW         5730    .bss                pid.o
    0x200004cc   0x00000004   PAD
    0x200004d0   0x00008400   Zero   RW            1    STACK               startup_stm32f40_41xxx.o


==============================================================================

Image component sizes


      Code (inc. data)   RO Data    RW Data    ZI Data      Debug   Object Name

       228         10          0          0          0       1662   buzzer.o
        26          0          0          0          0        535   delay.o
       408         56          0         16          0       1955   driver.o
       556         58          0         32          0       2908   encode.o
       236         12          0          0          0       1726   filter.o
       766         50          0         64        600       5232   ir.o
       168         16          0          0          0        607   led.o
       456         58          0          4          0       3927   main.o
       120         14          0          0          0       1703   misc.o
       404         16          0          0          0       2459   motor.o
      1746        242          0         16        312      14967   mpu9250.o
       452         56          0         36        112       4952   pid.o
        36          8        392          0      33792        984   startup_stm32f40_41xxx.o
       306         20          0          0          0       5807   stm32f4xx_adc.o
       104          4          0          0          0       2541   stm32f4xx_dma.o
       166          0          0          0          0       2543   stm32f4xx_gpio.o
         0          0          0          0          0     277748   stm32f4xx_hash.o
        26          0          0          0          0       4250   stm32f4xx_it.o
       392         48          0         16          0       6305   stm32f4xx_rcc.o
      1906        120          0          0          0      21684   stm32f4xx_tim.o
       344          8          0          0          0       4509   stm32f4xx_usart.o
       230         16          0         12          0       3505   sysc.o
       272         36          0          0          0     289221   system_stm32f4xx.o
       242         14          0          0          0       1738   uart.o

    ----------------------------------------------------------------------
      9618        862        424        196      34820     663468   Object Totals
         0          0         32          0          0          0   (incl. Generated)
        28          0          0          0          4          0   (incl. Padding)

    ----------------------------------------------------------------------

      Code (inc. data)   RO Data    RW Data    ZI Data      Debug   Library Member Name

       216         22       1040          0          0      16570   arm_cos_f32.o
        38          0          0          0          0        116   fpclassifyf.o
        16          6          0          0          0        116   funder.o
       320         24         32          0          0        160   rredf.o
       376         62          0          0          0        180   tanf.o
         0          0          0          0          0          0   entry.o
         0          0          0          0          0          0   entry10a.o
         0          0          0          0          0          0   entry11a.o
         8          4          0          0          0          0   entry2.o
         4          0          0          0          0          0   entry5.o
         0          0          0          0          0          0   entry7b.o
         0          0          0          0          0          0   entry8b.o
         8          4          0          0          0          0   entry9a.o
        12          6          0          4          0         68   errno.o
        30          0          0          0          0          0   handlers.o
        36          8          0          0          0         68   init.o
         0          0          0          0          0          0   iusefp.o
        50          8          0          0          0        152   printfb.o
         0          0          0          4          0          0   stdout.o

    ----------------------------------------------------------------------
      1118        144       1072          8          0      17430   Library Totals
         4          0          0          0          0          0   (incl. Padding)

    ----------------------------------------------------------------------

      Code (inc. data)   RO Data    RW Data    ZI Data      Debug   Library Name

       216         22       1040          0          0      16570   arm_cortexM4lf_math.lib
       750         92         32          0          0        572   m_wm.l
       148         30          0          8          0        288   mc_w.l

    ----------------------------------------------------------------------
      1118        144       1072          8          0      17430   Library Totals

    ----------------------------------------------------------------------

==============================================================================


      Code (inc. data)   RO Data    RW Data    ZI Data      Debug   

     10736       1006       1496        204      34820     669850   Grand Totals
     10736       1006       1496        204      34820     669850   ELF Image Totals
     10736       1006       1496        204          0          0   ROM Totals

==============================================================================

    Total RO  Size (Code + RO Data)                12232 (  11.95kB)
    Total RW  Size (RW Data + ZI Data)             35024 (  34.20kB)
    Total ROM Size (Code + RO Data + RW Data)      12436 (  12.14kB)

==============================================================================

